   1                             		.file	"da.cpp"
   2                             		.section P,"ax"
   3                             	.Ltext0:
   4                             		.global	__Z6initDAv
   6                             	__Z6initDAv:
   7                             	.LFB0:
   8                             		.file 1 "../src/peripheral/da.cpp"
   1:../src/peripheral/da.cpp **** #include <stdint.h>
   2:../src/peripheral/da.cpp **** #include "iodefine.h"
   3:../src/peripheral/da.cpp **** #include "da.h"
   4:../src/peripheral/da.cpp **** 
   5:../src/peripheral/da.cpp **** /**************DA変換の初期設定*****************/
   6:../src/peripheral/da.cpp **** void initDA(void){
   9                             		.loc 1 6 0
   7:../src/peripheral/da.cpp **** 	SYSTEM.PRCR.WORD = 0xA502;
  10                             		.loc 1 7 0
  11 0000 FB EE 00 00 08          		mov.L	#0x80000, r14
  12 0005 FA E9 FF 01 02 A5       		mov.W	#0xffffa502, 1022[r14]
   8:../src/peripheral/da.cpp **** 	MSTP(DA) = 0;
  13                             		.loc 1 8 0
  14 000b ED E3 04                		mov.L	16[r14], r3
   9:../src/peripheral/da.cpp **** 	SYSTEM.PRCR.WORD = 0xA500;
  10:../src/peripheral/da.cpp **** 
  11:../src/peripheral/da.cpp **** 
  12:../src/peripheral/da.cpp **** 	PORT0.PDR.BIT.B5 = 0;
  15                             		.loc 1 12 0
  16 000e FB 4E 00 C0 08          		mov.L	#0x8c000, r4
   8:../src/peripheral/da.cpp **** 	MSTP(DA) = 0;
  17                             		.loc 1 8 0
  18 0013 7B 33                   		bclr #19, r3
  19 0015 E7 E3 04                		mov.L	r3, 16[r14]
   9:../src/peripheral/da.cpp **** 	SYSTEM.PRCR.WORD = 0xA500;
  20                             		.loc 1 9 0
  21 0018 FA E9 FF 01 00 A5       		mov.W	#0xffffa500, 1022[r14]
  22                             		.loc 1 12 0
  23 001e CC 43                   		mov.B	[r4], r3
  13:../src/peripheral/da.cpp **** 	MPC.PWPR.BIT.B0WI = 0;
  24                             		.loc 1 13 0
  25 0020 FB EE 00 C1 08          		mov.L	#0x8c100, r14
  12:../src/peripheral/da.cpp **** 	MPC.PWPR.BIT.B0WI = 0;
  26                             		.loc 1 12 0
  27 0025 7A 53                   		bclr #5, r3
  28 0027 C3 43                   		mov.B	r3, [r4]
  29                             		.loc 1 13 0
  30 0029 CD E2 1F                		mov.B	31[r14], r2
  14:../src/peripheral/da.cpp **** 	MPC.PWPR.BIT.PFSWE = 1;
  15:../src/peripheral/da.cpp **** 	MPC.P05PFS.BYTE = 0x80;
  16:../src/peripheral/da.cpp **** 	MPC.PWPR.BYTE =0x80;
  17:../src/peripheral/da.cpp **** 	PORT0.PMR.BIT.B5 = 0;
  18:../src/peripheral/da.cpp **** 
  19:../src/peripheral/da.cpp **** 	DA.DACR.BYTE = 0x3F;
  31                             		.loc 1 19 0
  32 002c FB 3E 40 80 08          		mov.L	#0x88040, r3
  13:../src/peripheral/da.cpp **** 	MPC.PWPR.BIT.PFSWE = 1;
  33                             		.loc 1 13 0
  34 0031 75 22 7F                		and #0x7f, r2
  35 0034 C7 E2 1F                		mov.B	r2, 31[r14]
  14:../src/peripheral/da.cpp **** 	MPC.PWPR.BIT.PFSWE = 1;
  36                             		.loc 1 14 0
  37 0037 F1 E6 1F                		bset #6, 31[r14].B
  15:../src/peripheral/da.cpp **** 	MPC.PWPR.BYTE =0x80;
  38                             		.loc 1 15 0
  39 003a F9 E4 45 80             		mov.B	#0xffffff80, 69[r14]
  16:../src/peripheral/da.cpp **** 	PORT0.PMR.BIT.B5 = 0;
  40                             		.loc 1 16 0
  41 003e F9 E4 1F 80             		mov.B	#0xffffff80, 31[r14]
  17:../src/peripheral/da.cpp **** 
  42                             		.loc 1 17 0
  43 0042 F1 4D 60                		bclr #5, 96[r4].B
  44                             		.loc 1 19 0
  45 0045 3C 34 3F                		mov.B	#63, 4[r3]
  20:../src/peripheral/da.cpp **** 
  21:../src/peripheral/da.cpp **** 	DA.DADR1 = 0;
  46                             		.loc 1 21 0
  47 0048 3D 31 00                		mov.W	#0, 2[r3]
  22:../src/peripheral/da.cpp **** 	DA.DACR.BYTE = 0xFF;
  48                             		.loc 1 22 0
  49 004b F9 34 04 FF             		mov.B	#-1, 4[r3]
  50 004f 02                      		rts
  51                             	.LFE0:
  53                             		.global	__Z5setDAt
  55                             	__Z5setDAt:
  56                             	.LFB1:
  23:../src/peripheral/da.cpp **** 
  24:../src/peripheral/da.cpp **** }
  25:../src/peripheral/da.cpp **** 
  26:../src/peripheral/da.cpp **** void setDA(uint16_t da){
  57                             		.loc 1 26 0
  58                             	.LVL0:
  27:../src/peripheral/da.cpp **** 	DA.DADR1 = da;
  59                             		.loc 1 27 0
  60 0050 FB EE 40 80 08          		mov.L	#0x88040, r14
  61 0055 D7 E1 01                		mov.W	r1, 2[r14]
  28:../src/peripheral/da.cpp **** 	DA.DACR.BIT.DAOE1=1;
  62                             		.loc 1 28 0
  63 0058 CD E4 04                		mov.B	4[r14], r4
  64 005b 75 34 80                		or	#0xffffff80, r4
  65 005e C7 E4 04                		mov.B	r4, 4[r14]
  66 0061 02                      		rts
  67                             	.LFE1:
  69                             		.global	__Z5getDAv
  71                             	__Z5getDAv:
  72                             	.LFB2:
  29:../src/peripheral/da.cpp **** }
  30:../src/peripheral/da.cpp **** 
  31:../src/peripheral/da.cpp **** uint16_t getDA(){
  73                             		.loc 1 31 0
  32:../src/peripheral/da.cpp **** 	return DA.DADR1;
  74                             		.loc 1 32 0
  75 0062 FB EE 40 80 08          		mov.L	#0x88040, r14
  33:../src/peripheral/da.cpp **** };
  76                             		.loc 1 33 0
  77 0067 5D E1 01                		movu.W	2[r14], r1
  78 006a 02                      		rts
  79                             	.LFE2:
 123                             	.Letext0:
 124                             		.file 2 "c:\\progra~2\\gccfor~2.201\\rx-elf\\rx-elf\\rx-elf\\include\\machine\\_default_types.h"
 125                             		.file 3 "c:\\progra~2\\gccfor~2.201\\rx-elf\\rx-elf\\rx-elf\\include\\stdint.h"
 126                             		.file 4 "../src/peripheral/iodefine.h"
