   1                             		.file	"fcled.cpp"
   2                             		.section P,"ax"
   3                             	.Ltext0:
   4                             		.global	__ZN5LED_R8setStateEh
   6                             	__ZN5LED_R8setStateEh:
   7                             	.LFB24:
   8                             		.file 1 "../src/robot_object/fcled.cpp"
   1:../src/robot_object/fcled.cpp **** 
   2:../src/robot_object/fcled.cpp **** #include "iodefine.h"
   3:../src/robot_object/fcled.cpp **** #include "fcled.h"
   4:../src/robot_object/fcled.cpp **** 
   5:../src/robot_object/fcled.cpp **** 
   6:../src/robot_object/fcled.cpp **** #define LED_R_PIN   PORTA.PODR.BIT.B2 //R PA2
   7:../src/robot_object/fcled.cpp **** #define LED_G_PIN	PORTA.PODR.BIT.B3 //G PA3
   8:../src/robot_object/fcled.cpp **** #define LED_B_PIN	PORT1.PODR.BIT.B5 //B P15
   9:../src/robot_object/fcled.cpp **** 
  10:../src/robot_object/fcled.cpp **** 
  11:../src/robot_object/fcled.cpp **** 
  12:../src/robot_object/fcled.cpp **** /////////////////////////////////////////////////////////////////////
  13:../src/robot_object/fcled.cpp **** void LED_R::setState(uint8_t state){
   9                             		.loc 1 13 0
  10                             	.LVL0:
  14:../src/robot_object/fcled.cpp **** 	LED_R_PIN = 1-state;
  11                             		.loc 1 14 0
  12 0000 FB EE 0A C0 08          		mov.L	#0x8c00a, r14
  13 0005 CD E4 20                		mov.B	32[r14], r4
  14 0008 7E 02                   		not	r2
  15                             	.LVL1:
  16 000a 64 12                   		and #1, r2
  17 000c 6C 22                   		shll	#2, r2
  18 000e 7A 24                   		bclr #2, r4
  19 0010 57 24                   		or	r2, r4
  20 0012 C7 E4 20                		mov.B	r4, 32[r14]
  21 0015 02                      		rts
  22                             	.LFE24:
  24                             		.global	__ZN5LED_G8setStateEh
  26                             	__ZN5LED_G8setStateEh:
  27                             	.LFB25:
  15:../src/robot_object/fcled.cpp **** 
  16:../src/robot_object/fcled.cpp **** };
  17:../src/robot_object/fcled.cpp **** /////////////////////////////////////////////////////////////////////
  18:../src/robot_object/fcled.cpp **** void LED_G::setState(uint8_t state){
  28                             		.loc 1 18 0
  29                             	.LVL2:
  19:../src/robot_object/fcled.cpp **** 	LED_G_PIN = 1-state;
  30                             		.loc 1 19 0
  31 0016 FB EE 0A C0 08          		mov.L	#0x8c00a, r14
  32 001b CD E4 20                		mov.B	32[r14], r4
  33 001e 7E 02                   		not	r2
  34                             	.LVL3:
  35 0020 64 12                   		and #1, r2
  36 0022 6C 32                   		shll	#3, r2
  37 0024 7A 34                   		bclr #3, r4
  38 0026 57 24                   		or	r2, r4
  39 0028 C7 E4 20                		mov.B	r4, 32[r14]
  40 002b 02                      		rts
  41                             	.LFE25:
  43                             		.global	__ZN5LED_B8setStateEh
  45                             	__ZN5LED_B8setStateEh:
  46                             	.LFB26:
  20:../src/robot_object/fcled.cpp **** };
  21:../src/robot_object/fcled.cpp **** /////////////////////////////////////////////////////////////////////
  22:../src/robot_object/fcled.cpp **** void LED_B::setState(uint8_t state){
  47                             		.loc 1 22 0
  48                             	.LVL4:
  23:../src/robot_object/fcled.cpp **** 	LED_B_PIN = 1-state;
  49                             		.loc 1 23 0
  50 002c FB EE 01 C0 08          		mov.L	#0x8c001, r14
  51 0031 CD E4 20                		mov.B	32[r14], r4
  52 0034 7E 02                   		not	r2
  53                             	.LVL5:
  54 0036 64 12                   		and #1, r2
  55 0038 6C 52                   		shll	#5, r2
  56 003a 7A 54                   		bclr #5, r4
  57 003c 57 24                   		or	r2, r4
  58 003e C7 E4 20                		mov.B	r4, 32[r14]
  59 0041 02                      		rts
  60                             	.LFE26:
  62                             		.weak	__ZTI11AbstructLED
  63                             		.section	.rodata._ZTI11AbstructLED,"aG",@progbits,_ZTI11AbstructLED,comdat
  64                             		.balign 4
  67                             	__ZTI11AbstructLED:
  68 0000 00 00 00 00             		.long	__ZTVN10__cxxabiv117__class_type_infoE+8
  69 0004 00 00 00 00             		.long	__ZTS11AbstructLED
  70                             		.weak	__ZTS11AbstructLED
  71                             		.section	.rodata._ZTS11AbstructLED,"aG",@progbits,_ZTS11AbstructLED,comdat
  74                             	__ZTS11AbstructLED:
  75 0000 31 31 41 62 73 74 72 75 		.string	"11AbstructLED"
  75      63 74 4C 45 44 00 
  76                             		.weak	__ZTS5LED_R
  77                             		.section	.rodata._ZTS5LED_R,"aG",@progbits,_ZTS5LED_R,comdat
  80                             	__ZTS5LED_R:
  81 0000 35 4C 45 44 5F 52 00    		.string	"5LED_R"
  82                             		.weak	__ZTI5LED_R
  83                             		.section	.rodata._ZTI5LED_R,"aG",@progbits,_ZTI5LED_R,comdat
  84                             		.balign 4
  87                             	__ZTI5LED_R:
  88 0000 00 00 00 00             		.long	__ZTVN10__cxxabiv120__si_class_type_infoE+8
  89 0004 00 00 00 00             		.long	__ZTS5LED_R
  90 0008 00 00 00 00             		.long	__ZTI11AbstructLED
  91                             		.weak	__ZTS5LED_G
  92                             		.section	.rodata._ZTS5LED_G,"aG",@progbits,_ZTS5LED_G,comdat
  95                             	__ZTS5LED_G:
  96 0000 35 4C 45 44 5F 47 00    		.string	"5LED_G"
  97                             		.weak	__ZTI5LED_G
  98                             		.section	.rodata._ZTI5LED_G,"aG",@progbits,_ZTI5LED_G,comdat
  99                             		.balign 4
 102                             	__ZTI5LED_G:
 103 0000 00 00 00 00             		.long	__ZTVN10__cxxabiv120__si_class_type_infoE+8
 104 0004 00 00 00 00             		.long	__ZTS5LED_G
 105 0008 00 00 00 00             		.long	__ZTI11AbstructLED
 106                             		.weak	__ZTS5LED_B
 107                             		.section	.rodata._ZTS5LED_B,"aG",@progbits,_ZTS5LED_B,comdat
 110                             	__ZTS5LED_B:
 111 0000 35 4C 45 44 5F 42 00    		.string	"5LED_B"
 112                             		.weak	__ZTI5LED_B
 113                             		.section	.rodata._ZTI5LED_B,"aG",@progbits,_ZTI5LED_B,comdat
 114                             		.balign 4
 117                             	__ZTI5LED_B:
 118 0000 00 00 00 00             		.long	__ZTVN10__cxxabiv120__si_class_type_infoE+8
 119 0004 00 00 00 00             		.long	__ZTS5LED_B
 120 0008 00 00 00 00             		.long	__ZTI11AbstructLED
 121                             		.weak	__ZTV5LED_R
 122                             		.section	.rodata._ZTV5LED_R,"aG",@progbits,_ZTV5LED_R,comdat
 123                             		.balign 4
 126                             	__ZTV5LED_R:
 127 0000 00 00 00 00             		.long	0
 128 0004 00 00 00 00             		.long	__ZTI5LED_R
 129 0008 00 00 00 00             		.long	__ZN5LED_R8setStateEh
 130                             		.weak	__ZTV5LED_G
 131                             		.section	.rodata._ZTV5LED_G,"aG",@progbits,_ZTV5LED_G,comdat
 132                             		.balign 4
 135                             	__ZTV5LED_G:
 136 0000 00 00 00 00             		.long	0
 137 0004 00 00 00 00             		.long	__ZTI5LED_G
 138 0008 00 00 00 00             		.long	__ZN5LED_G8setStateEh
 139                             		.weak	__ZTV5LED_B
 140                             		.section	.rodata._ZTV5LED_B,"aG",@progbits,_ZTV5LED_B,comdat
 141                             		.balign 4
 144                             	__ZTV5LED_B:
 145 0000 00 00 00 00             		.long	0
 146 0004 00 00 00 00             		.long	__ZTI5LED_B
 147 0008 00 00 00 00             		.long	__ZN5LED_B8setStateEh
 190                             	.Letext0:
 191                             		.file 2 "C:\\Users\\ryota\\e2_studio\\workspace\\umouse\\src\\other/iodefine.h"
 192                             		.file 3 "c:\\progra~2\\gccfor~2.201\\rx-elf\\rx-elf\\rx-elf\\include\\machine\\_default_types.h"
 193                             		.file 4 "c:\\progra~2\\gccfor~2.201\\rx-elf\\rx-elf\\rx-elf\\include\\stdint.h"
 194                             		.file 5 "../src/robot_object/fcled.h"
 195                             		.file 6 "../src/robot_object/abcled.h"
