   1                             		.file	"gpio.cpp"
   2                             		.section P,"ax"
   3                             	.Ltext0:
   4                             		.global	__Z8initGPIOv
   6                             	__Z8initGPIOv:
   7                             	.LFB0:
   8                             		.file 1 "../src/peripheral/gpio.cpp"
   1:../src/peripheral/gpio.cpp **** /**
   2:../src/peripheral/gpio.cpp ****  * @file   clock.cpp
   3:../src/peripheral/gpio.cpp ****  * @brief  GPIOピンの設定
   4:../src/peripheral/gpio.cpp ****  *
   5:../src/peripheral/gpio.cpp ****  * @date 2016/7/23
   6:../src/peripheral/gpio.cpp ****  * @author ryota
   7:../src/peripheral/gpio.cpp ****  */
   8:../src/peripheral/gpio.cpp **** 
   9:../src/peripheral/gpio.cpp **** #include "iodefine.h"
  10:../src/peripheral/gpio.cpp **** #include "gpio.h"
  11:../src/peripheral/gpio.cpp **** 
  12:../src/peripheral/gpio.cpp **** void initGPIO() {
   9                             		.loc 1 12 0
  13:../src/peripheral/gpio.cpp **** 
  14:../src/peripheral/gpio.cpp ****     //FCLED
  15:../src/peripheral/gpio.cpp ****     PORTA.PDR.BIT.B2 = 1; //R PA2
  10                             		.loc 1 15 0
  11 0000 FB EE 0A C0 08          		mov.L	#0x8c00a, r14
  12 0005 CC E3                   		mov.B	[r14], r3
  16:../src/peripheral/gpio.cpp ****     PORTA.PDR.BIT.B3 = 1; //G PA3
  17:../src/peripheral/gpio.cpp ****     PORT1.PDR.BIT.B5 = 1; //B P15
  13                             		.loc 1 17 0
  14 0007 FB 4E 01 C0 08          		mov.L	#0x8c001, r4
  15:../src/peripheral/gpio.cpp ****     PORTA.PDR.BIT.B3 = 1; //G PA3
  15                             		.loc 1 15 0
  16 000c 78 23                   		bset #2, r3
  17 000e C3 E3                   		mov.B	r3, [r14]
  16:../src/peripheral/gpio.cpp ****     PORTA.PDR.BIT.B3 = 1; //G PA3
  18                             		.loc 1 16 0
  19 0010 CC E2                   		mov.B	[r14], r2
  18:../src/peripheral/gpio.cpp **** 
  19:../src/peripheral/gpio.cpp ****     //PORTC.PDR.BIT.B6 = 1;
  20:../src/peripheral/gpio.cpp ****     //PORTC.PDR.BIT.B5 = 1;
  21:../src/peripheral/gpio.cpp ****     //PORTC.PDR.BIT.B4 = 1;
  22:../src/peripheral/gpio.cpp ****     //PORTC.PDR.BIT.B2 = 1;
  23:../src/peripheral/gpio.cpp ****     //PORTC.PODR.BIT.B2 = 1;
  24:../src/peripheral/gpio.cpp ****     //SWITCH
  25:../src/peripheral/gpio.cpp ****     PORTE.PDR.BIT.B3 = 0; //PE3
  20                             		.loc 1 25 0
  21 0012 FB 3E 0E C0 08          		mov.L	#0x8c00e, r3
  16:../src/peripheral/gpio.cpp ****     PORT1.PDR.BIT.B5 = 1; //B P15
  22                             		.loc 1 16 0
  23 0017 78 32                   		bset #3, r2
  24 0019 C3 E2                   		mov.B	r2, [r14]
  17:../src/peripheral/gpio.cpp **** 
  25                             		.loc 1 17 0
  26 001b CC 4E                   		mov.B	[r4], r14
  26:../src/peripheral/gpio.cpp ****     PORTE.PCR.BIT.B3 = 1; //プルアップ有効
  27:../src/peripheral/gpio.cpp **** 
  28:../src/peripheral/gpio.cpp ****     //motor driver左
  29:../src/peripheral/gpio.cpp **** 
  30:../src/peripheral/gpio.cpp **** //	PORT1.PDR.BIT.B4 = 1; MTU3
  31:../src/peripheral/gpio.cpp ****     PORT1.PDR.BIT.B3 = 1;
  32:../src/peripheral/gpio.cpp ****     PORT1.PDR.BIT.B2 = 1;
  33:../src/peripheral/gpio.cpp **** 
  34:../src/peripheral/gpio.cpp **** //	PORT1.PODR.BIT.B4 = 1;
  35:../src/peripheral/gpio.cpp ****     PORT1.PODR.BIT.B3 = 0;
  36:../src/peripheral/gpio.cpp ****     PORT1.PODR.BIT.B2 = 0;
  37:../src/peripheral/gpio.cpp **** 
  38:../src/peripheral/gpio.cpp **** //motor driver 右
  39:../src/peripheral/gpio.cpp **** 
  40:../src/peripheral/gpio.cpp **** //	PORT2.PDR.BIT.B1 = 1; MTU4
  41:../src/peripheral/gpio.cpp ****     PORT2.PDR.BIT.B0 = 1;
  27                             		.loc 1 41 0
  28 001d FB 2E 02 C0 08          		mov.L	#0x8c002, r2
  17:../src/peripheral/gpio.cpp **** 
  29                             		.loc 1 17 0
  30 0022 78 5E                   		bset #5, r14
  31 0024 C3 4E                   		mov.B	r14, [r4]
  25:../src/peripheral/gpio.cpp ****     PORTE.PCR.BIT.B3 = 1; //プルアップ有効
  32                             		.loc 1 25 0
  33 0026 CC 31                   		mov.B	[r3], r1
  42:../src/peripheral/gpio.cpp ****     PORT1.PDR.BIT.B7 = 1;
  43:../src/peripheral/gpio.cpp **** 
  44:../src/peripheral/gpio.cpp ****     PORT2.PODR.BIT.B0 = 0;
  45:../src/peripheral/gpio.cpp ****     PORT1.PODR.BIT.B7 = 0;
  46:../src/peripheral/gpio.cpp **** 
  47:../src/peripheral/gpio.cpp **** 
  48:../src/peripheral/gpio.cpp **** 
  49:../src/peripheral/gpio.cpp **** 
  50:../src/peripheral/gpio.cpp ****     //センサLED
  51:../src/peripheral/gpio.cpp ****     PORTD.PDR.BIT.B3 = 1;
  34                             		.loc 1 51 0
  35 0028 FB EE 0D C0 08          		mov.L	#0x8c00d, r14
  25:../src/peripheral/gpio.cpp ****     PORTE.PCR.BIT.B3 = 1; //プルアップ有効
  36                             		.loc 1 25 0
  37 002d 7A 31                   		bclr #3, r1
  38 002f C3 31                   		mov.B	r1, [r3]
  26:../src/peripheral/gpio.cpp **** 
  39                             		.loc 1 26 0
  40 0031 F1 33 C0                		bset #3, 192[r3].B
  31:../src/peripheral/gpio.cpp ****     PORT1.PDR.BIT.B2 = 1;
  41                             		.loc 1 31 0
  42 0034 F0 43                   		bset #3, [r4].B
  32:../src/peripheral/gpio.cpp **** 
  43                             		.loc 1 32 0
  44 0036 F0 42                   		bset #2, [r4].B
  35:../src/peripheral/gpio.cpp ****     PORT1.PODR.BIT.B2 = 0;
  45                             		.loc 1 35 0
  46 0038 F1 4B 20                		bclr #3, 32[r4].B
  36:../src/peripheral/gpio.cpp **** 
  47                             		.loc 1 36 0
  48 003b F1 4A 20                		bclr #2, 32[r4].B
  41:../src/peripheral/gpio.cpp ****     PORT1.PDR.BIT.B7 = 1;
  49                             		.loc 1 41 0
  50 003e F0 20                   		bset #0, [r2].B
  42:../src/peripheral/gpio.cpp **** 
  51                             		.loc 1 42 0
  52 0040 CC 41                   		mov.B	[r4], r1
  53 0042 75 31 80                		or	#0xffffff80, r1
  54 0045 C3 41                   		mov.B	r1, [r4]
  44:../src/peripheral/gpio.cpp ****     PORT1.PODR.BIT.B7 = 0;
  55                             		.loc 1 44 0
  56 0047 F1 28 20                		bclr #0, 32[r2].B
  45:../src/peripheral/gpio.cpp **** 
  57                             		.loc 1 45 0
  58 004a CD 42 20                		mov.B	32[r4], r2
  59 004d 75 22 7F                		and #0x7f, r2
  60 0050 C7 42 20                		mov.B	r2, 32[r4]
  61                             		.loc 1 51 0
  62 0053 F0 E3                   		bset #3, [r14].B
  52:../src/peripheral/gpio.cpp ****     PORTD.PDR.BIT.B4 = 1;
  63                             		.loc 1 52 0
  64 0055 F0 E4                   		bset #4, [r14].B
  53:../src/peripheral/gpio.cpp ****     PORTD.PDR.BIT.B5 = 1;
  65                             		.loc 1 53 0
  66 0057 F0 E5                   		bset #5, [r14].B
  54:../src/peripheral/gpio.cpp ****     PORTE.PDR.BIT.B2 = 1;
  67                             		.loc 1 54 0
  68 0059 F0 32                   		bset #2, [r3].B
  55:../src/peripheral/gpio.cpp **** 
  56:../src/peripheral/gpio.cpp ****     PORTD.PODR.BIT.B3 = 0;
  69                             		.loc 1 56 0
  70 005b F1 EB 20                		bclr #3, 32[r14].B
  57:../src/peripheral/gpio.cpp ****     PORTD.PODR.BIT.B4 = 0;
  71                             		.loc 1 57 0
  72 005e F1 EC 20                		bclr #4, 32[r14].B
  58:../src/peripheral/gpio.cpp ****     PORTD.PODR.BIT.B5 = 0;
  73                             		.loc 1 58 0
  74 0061 F1 ED 20                		bclr #5, 32[r14].B
  59:../src/peripheral/gpio.cpp ****     PORTE.PODR.BIT.B2 = 0;
  75                             		.loc 1 59 0
  76 0064 F1 3A 20                		bclr #2, 32[r3].B
  60:../src/peripheral/gpio.cpp **** 
  61:../src/peripheral/gpio.cpp ****     //PICの入力ピン
  62:../src/peripheral/gpio.cpp ****     PORTD.PDR.BIT.B7  = 1;
  77                             		.loc 1 62 0
  78 0067 CC E4                   		mov.B	[r14], r4
  79 0069 75 34 80                		or	#0xffffff80, r4
  80 006c C3 E4                   		mov.B	r4, [r14]
  63:../src/peripheral/gpio.cpp ****     PORTD.PODR.BIT.B7 = 1;
  81                             		.loc 1 63 0
  82 006e CD E4 20                		mov.B	32[r14], r4
  83 0071 75 34 80                		or	#0xffffff80, r4
  84 0074 C7 E4 20                		mov.B	r4, 32[r14]
  85 0077 02                      		rts
  86                             	.LFE0:
 114                             	.Letext0:
 115                             		.file 2 "../src/peripheral/iodefine.h"
