   1                             		.file	"mode_GB.cpp"
   2                             		.section P,"ax"
   3                             	.Ltext0:
   4                             		.section	.text._ZN7MPU9250D2Ev,"axG",@progbits,_ZN7MPU9250D5Ev,comdat
   5                             		.weak	__ZN7MPU9250D2Ev
   7                             	__ZN7MPU9250D2Ev:
   8                             	.LFB52:
   9                             		.file 1 "C:\\Users\\ryota\\e2_studio\\workspace\\umouse\\src\\umouse_object/imu.hpp"
   1:C:\Users\ryota\e2_studio\workspace\umouse\src\umouse_object\imu.hpp **** #ifndef IMU_H
   2:C:\Users\ryota\e2_studio\workspace\umouse\src\umouse_object\imu.hpp **** #define IMU_H
   3:C:\Users\ryota\e2_studio\workspace\umouse\src\umouse_object\imu.hpp **** 
   4:C:\Users\ryota\e2_studio\workspace\umouse\src\umouse_object\imu.hpp **** #include <stdint.h>
   5:C:\Users\ryota\e2_studio\workspace\umouse\src\umouse_object\imu.hpp **** 
   6:C:\Users\ryota\e2_studio\workspace\umouse\src\umouse_object\imu.hpp **** class Icm20608G{
   7:C:\Users\ryota\e2_studio\workspace\umouse\src\umouse_object\imu.hpp **** 
   8:C:\Users\ryota\e2_studio\workspace\umouse\src\umouse_object\imu.hpp **** public:
   9:C:\Users\ryota\e2_studio\workspace\umouse\src\umouse_object\imu.hpp **** 	volatile int16_t omega_raw[3];
  10:C:\Users\ryota\e2_studio\workspace\umouse\src\umouse_object\imu.hpp **** 	volatile int16_t acc_raw[3];
  11:C:\Users\ryota\e2_studio\workspace\umouse\src\umouse_object\imu.hpp **** 	volatile int16_t temp_raw;
  12:C:\Users\ryota\e2_studio\workspace\umouse\src\umouse_object\imu.hpp **** 
  13:C:\Users\ryota\e2_studio\workspace\umouse\src\umouse_object\imu.hpp **** 	volatile int16_t omega_ref[3];
  14:C:\Users\ryota\e2_studio\workspace\umouse\src\umouse_object\imu.hpp **** 	volatile int16_t acc_ref[3];
  15:C:\Users\ryota\e2_studio\workspace\umouse\src\umouse_object\imu.hpp **** 
  16:C:\Users\ryota\e2_studio\workspace\umouse\src\umouse_object\imu.hpp **** 	volatile int16_t omega_c[3];
  17:C:\Users\ryota\e2_studio\workspace\umouse\src\umouse_object\imu.hpp **** 	volatile int16_t acc_c[3];
  18:C:\Users\ryota\e2_studio\workspace\umouse\src\umouse_object\imu.hpp **** 	volatile int16_t mag_c[3];
  19:C:\Users\ryota\e2_studio\workspace\umouse\src\umouse_object\imu.hpp **** 
  20:C:\Users\ryota\e2_studio\workspace\umouse\src\umouse_object\imu.hpp **** 	volatile float omega_f[3];
  21:C:\Users\ryota\e2_studio\workspace\umouse\src\umouse_object\imu.hpp **** 	volatile float acc_f[3];
  22:C:\Users\ryota\e2_studio\workspace\umouse\src\umouse_object\imu.hpp **** 	volatile float mag_f[3];
  23:C:\Users\ryota\e2_studio\workspace\umouse\src\umouse_object\imu.hpp **** 	volatile float temp_f;
  24:C:\Users\ryota\e2_studio\workspace\umouse\src\umouse_object\imu.hpp **** 
  25:C:\Users\ryota\e2_studio\workspace\umouse\src\umouse_object\imu.hpp **** 	static Icm20608G& getInstance(){
  26:C:\Users\ryota\e2_studio\workspace\umouse\src\umouse_object\imu.hpp **** 		static Icm20608G instance;
  27:C:\Users\ryota\e2_studio\workspace\umouse\src\umouse_object\imu.hpp **** 		return instance;
  28:C:\Users\ryota\e2_studio\workspace\umouse\src\umouse_object\imu.hpp **** 	}
  29:C:\Users\ryota\e2_studio\workspace\umouse\src\umouse_object\imu.hpp **** 
  30:C:\Users\ryota\e2_studio\workspace\umouse\src\umouse_object\imu.hpp **** 
  31:C:\Users\ryota\e2_studio\workspace\umouse\src\umouse_object\imu.hpp **** 	uint8_t whoAmI(void);
  32:C:\Users\ryota\e2_studio\workspace\umouse\src\umouse_object\imu.hpp **** 	void init();
  33:C:\Users\ryota\e2_studio\workspace\umouse\src\umouse_object\imu.hpp ****     void update();
  34:C:\Users\ryota\e2_studio\workspace\umouse\src\umouse_object\imu.hpp **** 	void calibOmegaOffset();
  35:C:\Users\ryota\e2_studio\workspace\umouse\src\umouse_object\imu.hpp ****     void writeReg(uint8_t adress, uint8_t data);
  36:C:\Users\ryota\e2_studio\workspace\umouse\src\umouse_object\imu.hpp ****     uint8_t readReg(uint8_t adress);
  37:C:\Users\ryota\e2_studio\workspace\umouse\src\umouse_object\imu.hpp **** 
  38:C:\Users\ryota\e2_studio\workspace\umouse\src\umouse_object\imu.hpp **** private:
  39:C:\Users\ryota\e2_studio\workspace\umouse\src\umouse_object\imu.hpp **** 	Icm20608G(void){};
  40:C:\Users\ryota\e2_studio\workspace\umouse\src\umouse_object\imu.hpp **** 	~Icm20608G(void){};
  41:C:\Users\ryota\e2_studio\workspace\umouse\src\umouse_object\imu.hpp **** 	Icm20608G(Icm20608G&){};
  42:C:\Users\ryota\e2_studio\workspace\umouse\src\umouse_object\imu.hpp **** 
  43:C:\Users\ryota\e2_studio\workspace\umouse\src\umouse_object\imu.hpp **** };
  44:C:\Users\ryota\e2_studio\workspace\umouse\src\umouse_object\imu.hpp **** 
  45:C:\Users\ryota\e2_studio\workspace\umouse\src\umouse_object\imu.hpp **** 
  46:C:\Users\ryota\e2_studio\workspace\umouse\src\umouse_object\imu.hpp **** 
  47:C:\Users\ryota\e2_studio\workspace\umouse\src\umouse_object\imu.hpp **** 
  48:C:\Users\ryota\e2_studio\workspace\umouse\src\umouse_object\imu.hpp **** class MPU9250{
  49:C:\Users\ryota\e2_studio\workspace\umouse\src\umouse_object\imu.hpp **** public:
  50:C:\Users\ryota\e2_studio\workspace\umouse\src\umouse_object\imu.hpp ****     volatile int16_t omega_raw[3];
  51:C:\Users\ryota\e2_studio\workspace\umouse\src\umouse_object\imu.hpp ****     volatile int16_t acc_raw[3];
  52:C:\Users\ryota\e2_studio\workspace\umouse\src\umouse_object\imu.hpp ****     volatile int16_t mag_raw[3];
  53:C:\Users\ryota\e2_studio\workspace\umouse\src\umouse_object\imu.hpp ****     volatile int16_t temp_raw;
  54:C:\Users\ryota\e2_studio\workspace\umouse\src\umouse_object\imu.hpp **** 
  55:C:\Users\ryota\e2_studio\workspace\umouse\src\umouse_object\imu.hpp ****     volatile int16_t omega_ref[3];
  56:C:\Users\ryota\e2_studio\workspace\umouse\src\umouse_object\imu.hpp ****     volatile int16_t acc_ref[3];
  57:C:\Users\ryota\e2_studio\workspace\umouse\src\umouse_object\imu.hpp ****     volatile int16_t mag_ref[3];
  58:C:\Users\ryota\e2_studio\workspace\umouse\src\umouse_object\imu.hpp **** 
  59:C:\Users\ryota\e2_studio\workspace\umouse\src\umouse_object\imu.hpp ****     volatile int16_t omega_c[3];
  60:C:\Users\ryota\e2_studio\workspace\umouse\src\umouse_object\imu.hpp ****     volatile int16_t acc_c[3];
  61:C:\Users\ryota\e2_studio\workspace\umouse\src\umouse_object\imu.hpp ****     volatile int16_t mag_c[3];
  62:C:\Users\ryota\e2_studio\workspace\umouse\src\umouse_object\imu.hpp **** 
  63:C:\Users\ryota\e2_studio\workspace\umouse\src\umouse_object\imu.hpp ****     volatile float omega_f[3];
  64:C:\Users\ryota\e2_studio\workspace\umouse\src\umouse_object\imu.hpp ****     volatile float acc_f[3];
  65:C:\Users\ryota\e2_studio\workspace\umouse\src\umouse_object\imu.hpp ****     volatile float mag_f[3];
  66:C:\Users\ryota\e2_studio\workspace\umouse\src\umouse_object\imu.hpp ****     volatile float temp_f;
  67:C:\Users\ryota\e2_studio\workspace\umouse\src\umouse_object\imu.hpp ****     volatile uint8_t Asa[3];
  68:C:\Users\ryota\e2_studio\workspace\umouse\src\umouse_object\imu.hpp **** 
  69:C:\Users\ryota\e2_studio\workspace\umouse\src\umouse_object\imu.hpp **** 	static MPU9250& getInstance(){
  70:C:\Users\ryota\e2_studio\workspace\umouse\src\umouse_object\imu.hpp **** 		static MPU9250 instance;
  71:C:\Users\ryota\e2_studio\workspace\umouse\src\umouse_object\imu.hpp **** 		return instance;
  72:C:\Users\ryota\e2_studio\workspace\umouse\src\umouse_object\imu.hpp **** 	};
  73:C:\Users\ryota\e2_studio\workspace\umouse\src\umouse_object\imu.hpp **** 
  74:C:\Users\ryota\e2_studio\workspace\umouse\src\umouse_object\imu.hpp **** 	uint8_t whoAmI();
  75:C:\Users\ryota\e2_studio\workspace\umouse\src\umouse_object\imu.hpp **** 	void init();
  76:C:\Users\ryota\e2_studio\workspace\umouse\src\umouse_object\imu.hpp **** 	void update();
  77:C:\Users\ryota\e2_studio\workspace\umouse\src\umouse_object\imu.hpp **** 	void writeReg(uint8_t adress, uint8_t data);
  78:C:\Users\ryota\e2_studio\workspace\umouse\src\umouse_object\imu.hpp **** 	uint8_t readReg(uint8_t adress);
  79:C:\Users\ryota\e2_studio\workspace\umouse\src\umouse_object\imu.hpp **** 	void calibOmegaOffset(uint32_t ref_num);
  80:C:\Users\ryota\e2_studio\workspace\umouse\src\umouse_object\imu.hpp **** 	void calibAccOffset(uint32_t ref_num);
  81:C:\Users\ryota\e2_studio\workspace\umouse\src\umouse_object\imu.hpp **** private:
  82:C:\Users\ryota\e2_studio\workspace\umouse\src\umouse_object\imu.hpp **** 	MPU9250(){};
  83:C:\Users\ryota\e2_studio\workspace\umouse\src\umouse_object\imu.hpp **** 	~MPU9250(){};
  10                             		.loc 1 83 0
  11                             	.LVL0:
  12 0000 02                      		rts
  13                             	.LFE52:
  15                             		.weak	__ZN7MPU9250D1Ev
  16                             		.set	__ZN7MPU9250D1Ev,__ZN7MPU9250D2Ev
  17                             		.section	.text._ZN7GamepadD2Ev,"axG",@progbits,_ZN7GamepadD5Ev,comdat
  18                             		.weak	__ZN7GamepadD2Ev
  20                             	__ZN7GamepadD2Ev:
  21                             	.LFB65:
  22                             		.file 2 "C:\\Users\\ryota\\e2_studio\\workspace\\umouse\\src\\robot_object/gamepad.h"
   1:C:\Users\ryota\e2_studio\workspace\umouse\src\robot_object\gamepad.h **** 
   2:C:\Users\ryota\e2_studio\workspace\umouse\src\robot_object\gamepad.h **** #ifndef GAMEPAD_H
   3:C:\Users\ryota\e2_studio\workspace\umouse\src\robot_object\gamepad.h **** #define GAMEPAD_H
   4:C:\Users\ryota\e2_studio\workspace\umouse\src\robot_object\gamepad.h **** 
   5:C:\Users\ryota\e2_studio\workspace\umouse\src\robot_object\gamepad.h **** #include <stdint.h>
   6:C:\Users\ryota\e2_studio\workspace\umouse\src\robot_object\gamepad.h **** #include "timer.h"
   7:C:\Users\ryota\e2_studio\workspace\umouse\src\robot_object\gamepad.h **** 
   8:C:\Users\ryota\e2_studio\workspace\umouse\src\robot_object\gamepad.h **** class Gamepad{
   9:C:\Users\ryota\e2_studio\workspace\umouse\src\robot_object\gamepad.h **** public:
  10:C:\Users\ryota\e2_studio\workspace\umouse\src\robot_object\gamepad.h ****     volatile int8_t cross_x;
  11:C:\Users\ryota\e2_studio\workspace\umouse\src\robot_object\gamepad.h ****     volatile int8_t cross_y;
  12:C:\Users\ryota\e2_studio\workspace\umouse\src\robot_object\gamepad.h ****     volatile int8_t L3D_x;
  13:C:\Users\ryota\e2_studio\workspace\umouse\src\robot_object\gamepad.h ****     volatile int8_t L3D_y;
  14:C:\Users\ryota\e2_studio\workspace\umouse\src\robot_object\gamepad.h ****     volatile int8_t R3D_x;
  15:C:\Users\ryota\e2_studio\workspace\umouse\src\robot_object\gamepad.h ****     volatile int8_t R3D_y;
  16:C:\Users\ryota\e2_studio\workspace\umouse\src\robot_object\gamepad.h ****     volatile uint8_t RT;
  17:C:\Users\ryota\e2_studio\workspace\umouse\src\robot_object\gamepad.h ****     volatile uint8_t LT;
  18:C:\Users\ryota\e2_studio\workspace\umouse\src\robot_object\gamepad.h ****     volatile uint32_t A;
  19:C:\Users\ryota\e2_studio\workspace\umouse\src\robot_object\gamepad.h ****     volatile uint32_t B;
  20:C:\Users\ryota\e2_studio\workspace\umouse\src\robot_object\gamepad.h ****     volatile uint32_t Y;
  21:C:\Users\ryota\e2_studio\workspace\umouse\src\robot_object\gamepad.h ****     volatile uint32_t X;
  22:C:\Users\ryota\e2_studio\workspace\umouse\src\robot_object\gamepad.h ****     volatile uint32_t RB;
  23:C:\Users\ryota\e2_studio\workspace\umouse\src\robot_object\gamepad.h ****     volatile uint32_t LB;
  24:C:\Users\ryota\e2_studio\workspace\umouse\src\robot_object\gamepad.h ****     volatile uint32_t BACK;
  25:C:\Users\ryota\e2_studio\workspace\umouse\src\robot_object\gamepad.h ****     volatile uint32_t START;
  26:C:\Users\ryota\e2_studio\workspace\umouse\src\robot_object\gamepad.h ****     volatile uint8_t receiveCommand[16];
  27:C:\Users\ryota\e2_studio\workspace\umouse\src\robot_object\gamepad.h **** 
  28:C:\Users\ryota\e2_studio\workspace\umouse\src\robot_object\gamepad.h ****     static Gamepad& getInstance(){
  29:C:\Users\ryota\e2_studio\workspace\umouse\src\robot_object\gamepad.h ****         static Gamepad instance;
  30:C:\Users\ryota\e2_studio\workspace\umouse\src\robot_object\gamepad.h ****         return instance;
  31:C:\Users\ryota\e2_studio\workspace\umouse\src\robot_object\gamepad.h ****     }
  32:C:\Users\ryota\e2_studio\workspace\umouse\src\robot_object\gamepad.h **** 
  33:C:\Users\ryota\e2_studio\workspace\umouse\src\robot_object\gamepad.h ****     bool isConnecting(){
  34:C:\Users\ryota\e2_studio\workspace\umouse\src\robot_object\gamepad.h ****         if(getElapsedMsec() - preRecieveTime < 200){
  35:C:\Users\ryota\e2_studio\workspace\umouse\src\robot_object\gamepad.h ****             return true;
  36:C:\Users\ryota\e2_studio\workspace\umouse\src\robot_object\gamepad.h ****         }
  37:C:\Users\ryota\e2_studio\workspace\umouse\src\robot_object\gamepad.h ****         else{
  38:C:\Users\ryota\e2_studio\workspace\umouse\src\robot_object\gamepad.h ****             return false;
  39:C:\Users\ryota\e2_studio\workspace\umouse\src\robot_object\gamepad.h ****         }
  40:C:\Users\ryota\e2_studio\workspace\umouse\src\robot_object\gamepad.h **** 
  41:C:\Users\ryota\e2_studio\workspace\umouse\src\robot_object\gamepad.h ****     };
  42:C:\Users\ryota\e2_studio\workspace\umouse\src\robot_object\gamepad.h **** 
  43:C:\Users\ryota\e2_studio\workspace\umouse\src\robot_object\gamepad.h ****     void updateCommand(uint8_t *command){
  44:C:\Users\ryota\e2_studio\workspace\umouse\src\robot_object\gamepad.h ****         if(command[3] == 254 && command[4] == 253){
  45:C:\Users\ryota\e2_studio\workspace\umouse\src\robot_object\gamepad.h ****             preRecieveTime = getElapsedMsec();
  46:C:\Users\ryota\e2_studio\workspace\umouse\src\robot_object\gamepad.h ****             for(uint8_t i=0;i<16; i++){
  47:C:\Users\ryota\e2_studio\workspace\umouse\src\robot_object\gamepad.h ****                 receiveCommand[i] = command[i];
  48:C:\Users\ryota\e2_studio\workspace\umouse\src\robot_object\gamepad.h ****             }
  49:C:\Users\ryota\e2_studio\workspace\umouse\src\robot_object\gamepad.h ****         }
  50:C:\Users\ryota\e2_studio\workspace\umouse\src\robot_object\gamepad.h ****     };
  51:C:\Users\ryota\e2_studio\workspace\umouse\src\robot_object\gamepad.h **** 
  52:C:\Users\ryota\e2_studio\workspace\umouse\src\robot_object\gamepad.h ****     //1msec毎に呼ぶこと
  53:C:\Users\ryota\e2_studio\workspace\umouse\src\robot_object\gamepad.h ****     void update(){
  54:C:\Users\ryota\e2_studio\workspace\umouse\src\robot_object\gamepad.h ****        volatile uint8_t *command = receiveCommand;
  55:C:\Users\ryota\e2_studio\workspace\umouse\src\robot_object\gamepad.h ****        if((command[6] & 0x01) == 1) A++;
  56:C:\Users\ryota\e2_studio\workspace\umouse\src\robot_object\gamepad.h ****        else A = 0;
  57:C:\Users\ryota\e2_studio\workspace\umouse\src\robot_object\gamepad.h ****        if(((command[6] & 0x02) >> 1) == 1) B++;
  58:C:\Users\ryota\e2_studio\workspace\umouse\src\robot_object\gamepad.h ****        else B = 0;
  59:C:\Users\ryota\e2_studio\workspace\umouse\src\robot_object\gamepad.h ****        if(((command[6] & 0x04) >> 2) == 1) X++;
  60:C:\Users\ryota\e2_studio\workspace\umouse\src\robot_object\gamepad.h ****        else X= 0;
  61:C:\Users\ryota\e2_studio\workspace\umouse\src\robot_object\gamepad.h ****        if(((command[6] & 0x08) >> 3) == 1) Y++;
  62:C:\Users\ryota\e2_studio\workspace\umouse\src\robot_object\gamepad.h ****        else Y = 0;
  63:C:\Users\ryota\e2_studio\workspace\umouse\src\robot_object\gamepad.h ****        if(((command[6] & 0x10) >> 4) == 1) RB++;
  64:C:\Users\ryota\e2_studio\workspace\umouse\src\robot_object\gamepad.h ****        else RB = 0;
  65:C:\Users\ryota\e2_studio\workspace\umouse\src\robot_object\gamepad.h ****        if(((command[6] & 0x20) >> 5) == 1) LB++;
  66:C:\Users\ryota\e2_studio\workspace\umouse\src\robot_object\gamepad.h ****        else LB = 0;
  67:C:\Users\ryota\e2_studio\workspace\umouse\src\robot_object\gamepad.h ****        if(((command[6] & 0x40) >> 6) == 1) BACK++;
  68:C:\Users\ryota\e2_studio\workspace\umouse\src\robot_object\gamepad.h ****        else BACK = 0;
  69:C:\Users\ryota\e2_studio\workspace\umouse\src\robot_object\gamepad.h ****        if(((command[6] & 0x80) >> 7) == 1) START++;
  70:C:\Users\ryota\e2_studio\workspace\umouse\src\robot_object\gamepad.h ****        else START = 0;
  71:C:\Users\ryota\e2_studio\workspace\umouse\src\robot_object\gamepad.h ****        RT = command[7];
  72:C:\Users\ryota\e2_studio\workspace\umouse\src\robot_object\gamepad.h ****        LT = command[8];
  73:C:\Users\ryota\e2_studio\workspace\umouse\src\robot_object\gamepad.h ****        cross_x = command[9]  - 128;
  74:C:\Users\ryota\e2_studio\workspace\umouse\src\robot_object\gamepad.h ****        cross_y = command[10] - 128;
  75:C:\Users\ryota\e2_studio\workspace\umouse\src\robot_object\gamepad.h ****        R3D_x = command[11] - 128;
  76:C:\Users\ryota\e2_studio\workspace\umouse\src\robot_object\gamepad.h ****        R3D_y = command[12] - 128;
  77:C:\Users\ryota\e2_studio\workspace\umouse\src\robot_object\gamepad.h ****        L3D_x = command[13] - 128;
  78:C:\Users\ryota\e2_studio\workspace\umouse\src\robot_object\gamepad.h ****        L3D_y = command[14] - 128;
  79:C:\Users\ryota\e2_studio\workspace\umouse\src\robot_object\gamepad.h **** 
  80:C:\Users\ryota\e2_studio\workspace\umouse\src\robot_object\gamepad.h ****        if(isConnecting() == false){
  81:C:\Users\ryota\e2_studio\workspace\umouse\src\robot_object\gamepad.h ****            A = 0;
  82:C:\Users\ryota\e2_studio\workspace\umouse\src\robot_object\gamepad.h ****            B = 0;
  83:C:\Users\ryota\e2_studio\workspace\umouse\src\robot_object\gamepad.h ****            X = 0;
  84:C:\Users\ryota\e2_studio\workspace\umouse\src\robot_object\gamepad.h ****            Y = 0;
  85:C:\Users\ryota\e2_studio\workspace\umouse\src\robot_object\gamepad.h ****            RB = 0;
  86:C:\Users\ryota\e2_studio\workspace\umouse\src\robot_object\gamepad.h ****            LB = 0;
  87:C:\Users\ryota\e2_studio\workspace\umouse\src\robot_object\gamepad.h ****            BACK = 0;
  88:C:\Users\ryota\e2_studio\workspace\umouse\src\robot_object\gamepad.h ****            START = 0;
  89:C:\Users\ryota\e2_studio\workspace\umouse\src\robot_object\gamepad.h ****            RT = 0;
  90:C:\Users\ryota\e2_studio\workspace\umouse\src\robot_object\gamepad.h ****            LT = 0;
  91:C:\Users\ryota\e2_studio\workspace\umouse\src\robot_object\gamepad.h ****            cross_x = 0;
  92:C:\Users\ryota\e2_studio\workspace\umouse\src\robot_object\gamepad.h ****            cross_y = 0;
  93:C:\Users\ryota\e2_studio\workspace\umouse\src\robot_object\gamepad.h ****            R3D_x = 0;
  94:C:\Users\ryota\e2_studio\workspace\umouse\src\robot_object\gamepad.h ****            R3D_y = 0;
  95:C:\Users\ryota\e2_studio\workspace\umouse\src\robot_object\gamepad.h ****            L3D_x = 0;
  96:C:\Users\ryota\e2_studio\workspace\umouse\src\robot_object\gamepad.h ****            L3D_y = 0;
  97:C:\Users\ryota\e2_studio\workspace\umouse\src\robot_object\gamepad.h ****        }
  98:C:\Users\ryota\e2_studio\workspace\umouse\src\robot_object\gamepad.h **** 
  99:C:\Users\ryota\e2_studio\workspace\umouse\src\robot_object\gamepad.h ****     };
 100:C:\Users\ryota\e2_studio\workspace\umouse\src\robot_object\gamepad.h **** private:
 101:C:\Users\ryota\e2_studio\workspace\umouse\src\robot_object\gamepad.h ****     bool conStatus;
 102:C:\Users\ryota\e2_studio\workspace\umouse\src\robot_object\gamepad.h ****     uint64_t preRecieveTime;
 103:C:\Users\ryota\e2_studio\workspace\umouse\src\robot_object\gamepad.h ****     Gamepad(){
 104:C:\Users\ryota\e2_studio\workspace\umouse\src\robot_object\gamepad.h ****         cross_x = 0;
 105:C:\Users\ryota\e2_studio\workspace\umouse\src\robot_object\gamepad.h ****         cross_y = 0;
 106:C:\Users\ryota\e2_studio\workspace\umouse\src\robot_object\gamepad.h ****         L3D_x = 0;
 107:C:\Users\ryota\e2_studio\workspace\umouse\src\robot_object\gamepad.h ****         R3D_x = 0;
 108:C:\Users\ryota\e2_studio\workspace\umouse\src\robot_object\gamepad.h ****         R3D_y = 0;
 109:C:\Users\ryota\e2_studio\workspace\umouse\src\robot_object\gamepad.h ****         RT = 0;
 110:C:\Users\ryota\e2_studio\workspace\umouse\src\robot_object\gamepad.h ****         LT = 0;
 111:C:\Users\ryota\e2_studio\workspace\umouse\src\robot_object\gamepad.h ****         A  = 0;
 112:C:\Users\ryota\e2_studio\workspace\umouse\src\robot_object\gamepad.h ****         B  = 0;
 113:C:\Users\ryota\e2_studio\workspace\umouse\src\robot_object\gamepad.h ****         Y  = 0;
 114:C:\Users\ryota\e2_studio\workspace\umouse\src\robot_object\gamepad.h ****         X  = 0;
 115:C:\Users\ryota\e2_studio\workspace\umouse\src\robot_object\gamepad.h ****         RB = 0;
 116:C:\Users\ryota\e2_studio\workspace\umouse\src\robot_object\gamepad.h ****         LB = 0;
 117:C:\Users\ryota\e2_studio\workspace\umouse\src\robot_object\gamepad.h ****         BACK = 0;
 118:C:\Users\ryota\e2_studio\workspace\umouse\src\robot_object\gamepad.h ****         START = 0;
 119:C:\Users\ryota\e2_studio\workspace\umouse\src\robot_object\gamepad.h ****         conStatus = false;
 120:C:\Users\ryota\e2_studio\workspace\umouse\src\robot_object\gamepad.h ****         preRecieveTime = 0;
 121:C:\Users\ryota\e2_studio\workspace\umouse\src\robot_object\gamepad.h ****     };
 122:C:\Users\ryota\e2_studio\workspace\umouse\src\robot_object\gamepad.h ****     ~Gamepad(){};
  23                             		.loc 2 122 0
  24                             	.LVL1:
  25 0000 02                      		rts
  26                             	.LFE65:
  28                             		.weak	__ZN7GamepadD1Ev
  29                             		.set	__ZN7GamepadD1Ev,__ZN7GamepadD2Ev
  30                             		.section	.rodata.str1.1,"aMS",@progbits,1
  31                             	.LC0:
  32 0000 47 42 20 6D 6F 64 65 0A 		.string	"GB mode\n"
  32      00 
  33                             	.LC1:
  34 0009 73 65 6C 65 63 74 21 20 		.string	"select! \n"
  34      0A 00 
  35                             	.LC2:
  36 0013 25 64 2C 20 25 64 2C 20 		.string	"%d, %d, %d, %d \n"
  36      25 64 2C 20 25 64 20 0A 
  36      00 
  37                             		.section P,"ax"
  38                             		.global	__Z7mode_GBv
  40                             	__Z7mode_GBv:
  41                             	.LFB70:
  42                             		.file 3 "../src/mode/mode_GB.cpp"
   1:../src/mode/mode_GB.cpp **** /*
   2:../src/mode/mode_GB.cpp ****  * mode_GB.cpp
   3:../src/mode/mode_GB.cpp ****  *
   4:../src/mode/mode_GB.cpp ****  *  Created on: 2017/02/25
   5:../src/mode/mode_GB.cpp ****  *      Author: ryota
   6:../src/mode/mode_GB.cpp ****  */
   7:../src/mode/mode_GB.cpp **** 
   8:../src/mode/mode_GB.cpp **** 
   9:../src/mode/mode_GB.cpp **** 
  10:../src/mode/mode_GB.cpp **** #include <stdint.h>
  11:../src/mode/mode_GB.cpp **** #include "mode_GB.h"
  12:../src/mode/mode_GB.cpp **** #include "tactsw.h"
  13:../src/mode/mode_GB.cpp **** #include "timer.h"
  14:../src/mode/mode_GB.cpp **** #include "fcled.h"
  15:../src/mode/mode_GB.cpp **** #include "sound.h"
  16:../src/mode/mode_GB.cpp **** #include "uart.hpp"
  17:../src/mode/mode_GB.cpp **** #include "imu.hpp"
  18:../src/mode/mode_GB.cpp **** #include "gamepad.h"
  19:../src/mode/mode_GB.cpp **** 
  20:../src/mode/mode_GB.cpp **** void mode_GB(){
  43                             		.loc 3 20 0
  44                             		.loc 3 20 0
  45 0000 6E 7C                   		pushm	r7-r12
  46                             	.LCFI0:
  47 0002 71 00 EC                		add	#-20, r0
  48                             	.LCFI1:
  49                             	.LBB18:
  50                             	.LBB19:
  51                             	.LBB20:
  29:C:\Users\ryota\e2_studio\workspace\umouse\src\robot_object\gamepad.h ****         return instance;
  52                             		.loc 2 29 0
  53 0005 FB B2 00 00 00 00       		mov.L	#__ZGVZN7Gamepad11getInstanceEvE8instance, r11
  54 000b 58 B7                   		movu.B	[r11], r7
  55 000d 61 07                   		cmp	#0, r7
  56 000f 3A A9 00                		beq	.L6
  57 0012 FB A2 00 00 00 00       		mov.L	#__ZZN7Gamepad11getInstanceEvE8instance, r10
  58                             	.L7:
  59                             	.LBE20:
  60                             	.LBE19:
  21:../src/mode/mode_GB.cpp ****     Gamepad &gamepad = Gamepad::getInstance();
  22:../src/mode/mode_GB.cpp **** 	myprintf3("GB mode\n");
  61                             		.loc 3 22 0
  62 0018 F8 02 00 00 00 00       		mov.L	#.LC0, [r0]
  63 001e 05 00 00 00             		bsr	__Z9myprintf3PKcz
  64                             	.LVL2:
  65                             		.balign 8,3,2
  66                             	.L10:
  23:../src/mode/mode_GB.cpp **** 
  24:../src/mode/mode_GB.cpp **** 	  while(1) {
  25:../src/mode/mode_GB.cpp **** 	           waitmsec(100);
  67                             		.loc 3 25 0
  68 0022 75 41 64                		mov.L	#0x64, r1
  69 0025 05 00 00 00             		bsr	__Z8waitmsecm
  70                             	.LVL3:
  26:../src/mode/mode_GB.cpp **** 	           if (gamepad.B < 1000 ) break;
  71                             		.loc 3 26 0
  72 0029 ED A7 03                		mov.L	12[r10], r7
  73 002c 76 07 E7 03             		cmp	#0x3e7, r7
  74 0030 24 F2                   		bgtu	.L10
  75                             	.LBB28:
  76                             	.LBB29:
  70:C:\Users\ryota\e2_studio\workspace\umouse\src\umouse_object\imu.hpp **** 		return instance;
  77                             		.loc 1 70 0
  78 0032 FB 72 00 00 00 00       		mov.L	#__ZGVZN7MPU925011getInstanceEvE8instance, r7
  79 0038 58 7B                   		movu.B	[r7], r11
  80 003a 61 0B                   		cmp	#0, r11
  81 003c 3A DD 00                		beq	.L26
  82 003f 03                      		.balign 8,3,1
  83                             	.L15:
  84                             	.LBE29:
  85                             	.LBE28:
  27:../src/mode/mode_GB.cpp **** 	       }
  28:../src/mode/mode_GB.cpp **** 	    //myprintf3("ジャイロをキャリブレーションします。\n");
  29:../src/mode/mode_GB.cpp **** 	    MPU9250 &imu1 = MPU9250::getInstance();
  30:../src/mode/mode_GB.cpp **** 	    //imu2.calibOmegaOffset();
  31:../src/mode/mode_GB.cpp **** 	    //myprintf3("ジャイロのキャリブレーションが終わりました。\n");
  32:../src/mode/mode_GB.cpp **** 
  33:../src/mode/mode_GB.cpp **** 	    while (1) {
  34:../src/mode/mode_GB.cpp **** 	           waitmsec(10);
  86                             		.loc 3 34 0
  87 0040 66 A1                   		mov.L	#10, r1
  88 0042 05 00 00 00             		bsr	__Z8waitmsecm
  89                             	.LVL4:
  35:../src/mode/mode_GB.cpp **** 
  36:../src/mode/mode_GB.cpp **** 	           if (gamepad.B > 10 ) {
  90                             		.loc 3 36 0
  91 0046 ED A7 03                		mov.L	12[r10], r7
  92 0049 61 A7                   		cmp	#10, r7
  93 004b 25 F5                   		bleu	.L15
  37:../src/mode/mode_GB.cpp **** 	               SEB();
  94                             		.loc 3 37 0
  95 004d 05 00 00 00             		bsr	__Z3SEBv
  96                             	.LVL5:
  38:../src/mode/mode_GB.cpp **** 	               myprintf3("select! \n");
  97                             		.loc 3 38 0
  98 0051 F8 02 09 00 00 00       		mov.L	#.LC1, [r0]
  99 0057 05 00 00 00             		bsr	__Z9myprintf3PKcz
 100                             	.LVL6:
  39:../src/mode/mode_GB.cpp **** 	               waitmsec(1000);
 101                             		.loc 3 39 0
 102 005b FB 1A E8 03             		mov.L	#0x3e8, r1
 103 005f 05 00 00 00             		bsr	__Z8waitmsecm
 104                             	.LVL7:
 105 0063 FB 72 00 00 00 00       		mov.L	#__ZZN7MPU925011getInstanceEvE8instance, r7
 106                             		.balign 8,3,2
 107                             	.L17:
  40:../src/mode/mode_GB.cpp **** 	               break;
  41:../src/mode/mode_GB.cpp **** 	           }
  42:../src/mode/mode_GB.cpp **** 	       }
  43:../src/mode/mode_GB.cpp **** 
  44:../src/mode/mode_GB.cpp **** 	    while (1) {
  45:../src/mode/mode_GB.cpp **** 	        waitmsec(100);
 108                             		.loc 3 45 0
 109 0069 75 41 64                		mov.L	#0x64, r1
 110 006c 05 00 00 00             		bsr	__Z8waitmsecm
 111                             	.LVL8:
  46:../src/mode/mode_GB.cpp **** 	        myprintf3("%d, %d, %d, %d \n",
  47:../src/mode/mode_GB.cpp **** 	                imu1.omega_raw[0],imu1.omega_raw[1],imu1.omega_raw[2],imu1.temp_raw
 112                             		.loc 3 47 0
 113 0070 DC 72                   		mov.W	[r7], r2
 114 0072 98 7B                   		mov.W	2[r7], r3
 115 0074 98 F4                   		mov.W	4[r7], r4
  48:../src/mode/mode_GB.cpp **** 	        );
 116                             		.loc 3 48 0
 117 0076 DD 7E 09                		mov.W	18[r7], r14
 118 0079 DF 22                   		mov.W	r2, r2
 119 007b DF 33                   		mov.W	r3, r3
 120 007d DF 44                   		mov.W	r4, r4
 121 007f DF EE                   		mov.W	r14, r14
 122 0081 F8 02 13 00 00 00       		mov.L	#.LC2, [r0]
 123 0087 A0 0A                   		mov.L	r2, 4[r0]
 124 0089 A0 83                   		mov.L	r3, 8[r0]
 125 008b A0 8C                   		mov.L	r4, 12[r0]
 126 008d E7 0E 04                		mov.L	r14, 16[r0]
 127 0090 05 00 00 00             		bsr	__Z9myprintf3PKcz
 128                             	.LVL9:
  49:../src/mode/mode_GB.cpp **** 
  50:../src/mode/mode_GB.cpp **** 	        if (gamepad.B > 1000 ) {
 129                             		.loc 3 50 0
 130 0094 ED AE 03                		mov.L	12[r10], r14
 131 0097 76 0E E8 03             		cmp	#0x3e8, r14
 132 009b 25 CE                   		bleu	.L17
  51:../src/mode/mode_GB.cpp **** 	            SEB();
 133                             		.loc 3 51 0
 134 009d 05 00 00 00             		bsr	__Z3SEBv
 135                             	.LVL10:
  52:../src/mode/mode_GB.cpp **** 	            myprintf3("select! \n");
 136                             		.loc 3 52 0
 137 00a1 F8 02 09 00 00 00       		mov.L	#.LC1, [r0]
 138 00a7 05 00 00 00             		bsr	__Z9myprintf3PKcz
 139                             	.LVL11:
  53:../src/mode/mode_GB.cpp **** 	            waitmsec(1000);
 140                             		.loc 3 53 0
 141 00ab FB 1A E8 03             		mov.L	#0x3e8, r1
 142                             	.LBE18:
  54:../src/mode/mode_GB.cpp **** 	            return;
  55:../src/mode/mode_GB.cpp **** 	        }
  56:../src/mode/mode_GB.cpp **** 	    }
  57:../src/mode/mode_GB.cpp **** 
  58:../src/mode/mode_GB.cpp **** }
 143                             		.loc 3 58 0
 144 00af 71 00 14                		add	#20, r0
 145 00b2 6F 7C                   		popm	r7-r12
 146                             	.LBB33:
  53:../src/mode/mode_GB.cpp **** 	            waitmsec(1000);
 147                             		.loc 3 53 0
 148 00b4 04 00 00 00             		bra	__Z8waitmsecm
 149                             	.LVL12:
 150                             	.L6:
 151                             	.LBB31:
 152                             	.LBB27:
  29:C:\Users\ryota\e2_studio\workspace\umouse\src\robot_object\gamepad.h ****         return instance;
 153                             		.loc 2 29 0
 154 00b8 EF B1                   		mov.L	r11, r1
 155 00ba 05 00 00 00             		bsr	___cxa_guard_acquire
 156                             	.LVL13:
 157                             	.LBB21:
 158                             	.LBB22:
 104:C:\Users\ryota\e2_studio\workspace\umouse\src\robot_object\gamepad.h ****         cross_y = 0;
 159                             		.loc 2 104 0
 160 00be FB A2 00 00 00 00       		mov.L	#__ZZN7Gamepad11getInstanceEvE8instance, r10
 161                             	.LBE22:
 162                             	.LBE21:
  29:C:\Users\ryota\e2_studio\workspace\umouse\src\robot_object\gamepad.h ****         return instance;
 163                             		.loc 2 29 0
 164 00c4 61 01                   		cmp	#0, r1
 165 00c6 3A 52 FF                		beq	.L7
 166                             	.LVL14:
 167                             	.LBB25:
 168                             	.LBB23:
 104:C:\Users\ryota\e2_studio\workspace\umouse\src\robot_object\gamepad.h ****         cross_y = 0;
 169                             		.loc 2 104 0
 170 00c9 C3 A7                   		mov.B	r7, [r10]
 105:C:\Users\ryota\e2_studio\workspace\umouse\src\robot_object\gamepad.h ****         L3D_x = 0;
 171                             		.loc 2 105 0
 172 00cb C7 A7 01                		mov.B	r7, 1[r10]
 106:C:\Users\ryota\e2_studio\workspace\umouse\src\robot_object\gamepad.h ****         R3D_x = 0;
 173                             		.loc 2 106 0
 174 00ce C7 A7 02                		mov.B	r7, 2[r10]
 107:C:\Users\ryota\e2_studio\workspace\umouse\src\robot_object\gamepad.h ****         R3D_y = 0;
 175                             		.loc 2 107 0
 176 00d1 C7 A7 04                		mov.B	r7, 4[r10]
 108:C:\Users\ryota\e2_studio\workspace\umouse\src\robot_object\gamepad.h ****         RT = 0;
 177                             		.loc 2 108 0
 178 00d4 C7 A7 05                		mov.B	r7, 5[r10]
 109:C:\Users\ryota\e2_studio\workspace\umouse\src\robot_object\gamepad.h ****         LT = 0;
 179                             		.loc 2 109 0
 180 00d7 C7 A7 06                		mov.B	r7, 6[r10]
 110:C:\Users\ryota\e2_studio\workspace\umouse\src\robot_object\gamepad.h ****         A  = 0;
 181                             		.loc 2 110 0
 182 00da C7 A7 07                		mov.B	r7, 7[r10]
 111:C:\Users\ryota\e2_studio\workspace\umouse\src\robot_object\gamepad.h ****         B  = 0;
 183                             		.loc 2 111 0
 184 00dd E7 A7 02                		mov.L	r7, 8[r10]
 112:C:\Users\ryota\e2_studio\workspace\umouse\src\robot_object\gamepad.h ****         Y  = 0;
 185                             		.loc 2 112 0
 186 00e0 E7 A7 03                		mov.L	r7, 12[r10]
 113:C:\Users\ryota\e2_studio\workspace\umouse\src\robot_object\gamepad.h ****         X  = 0;
 187                             		.loc 2 113 0
 188 00e3 E7 A7 04                		mov.L	r7, 16[r10]
 114:C:\Users\ryota\e2_studio\workspace\umouse\src\robot_object\gamepad.h ****         RB = 0;
 189                             		.loc 2 114 0
 190 00e6 E7 A7 05                		mov.L	r7, 20[r10]
 115:C:\Users\ryota\e2_studio\workspace\umouse\src\robot_object\gamepad.h ****         LB = 0;
 191                             		.loc 2 115 0
 192 00e9 E7 A7 06                		mov.L	r7, 24[r10]
 116:C:\Users\ryota\e2_studio\workspace\umouse\src\robot_object\gamepad.h ****         BACK = 0;
 193                             		.loc 2 116 0
 194 00ec E7 A7 07                		mov.L	r7, 28[r10]
 117:C:\Users\ryota\e2_studio\workspace\umouse\src\robot_object\gamepad.h ****         START = 0;
 195                             		.loc 2 117 0
 196 00ef E7 A7 08                		mov.L	r7, 32[r10]
 197                             	.LBE23:
 198                             	.LBE25:
  29:C:\Users\ryota\e2_studio\workspace\umouse\src\robot_object\gamepad.h ****         return instance;
 199                             		.loc 2 29 0
 200 00f2 EF B1                   		mov.L	r11, r1
 201                             	.LBB26:
 202                             	.LBB24:
 118:C:\Users\ryota\e2_studio\workspace\umouse\src\robot_object\gamepad.h ****         conStatus = false;
 203                             		.loc 2 118 0
 204 00f4 E7 A7 09                		mov.L	r7, 36[r10]
 119:C:\Users\ryota\e2_studio\workspace\umouse\src\robot_object\gamepad.h ****         preRecieveTime = 0;
 205                             		.loc 2 119 0
 206 00f7 C7 A7 38                		mov.B	r7, 56[r10]
 120:C:\Users\ryota\e2_studio\workspace\umouse\src\robot_object\gamepad.h ****     };
 207                             		.loc 2 120 0
 208 00fa E7 A7 0F                		mov.L	r7, 60[r10]
 209 00fd E7 A7 10                		mov.L	r7, 64[r10]
 210                             	.LBE24:
 211                             	.LBE26:
  29:C:\Users\ryota\e2_studio\workspace\umouse\src\robot_object\gamepad.h ****         return instance;
 212                             		.loc 2 29 0
 213 0100 05 00 00 00             		bsr	___cxa_guard_release
 214                             	.LVL15:
 215 0104 FB 12 00 00 00 00       		mov.L	#__ZN7GamepadD1Ev, r1
 216 010a EF A2                   		mov.L	r10, r2
 217 010c FB 32 00 00 00 00       		mov.L	#___dso_handle, r3
 218 0112 05 00 00 00             		bsr	___cxa_atexit
 219                             	.LVL16:
 220 0116 38 02 FF                		bra	.L7
 221                             	.LVL17:
 222                             	.L26:
 223                             	.LBE27:
 224                             	.LBE31:
 225                             	.LBB32:
 226                             	.LBB30:
  70:C:\Users\ryota\e2_studio\workspace\umouse\src\umouse_object\imu.hpp **** 		return instance;
 227                             		.loc 1 70 0
 228 0119 EF 71                   		mov.L	r7, r1
 229 011b 05 00 00 00             		bsr	___cxa_guard_acquire
 230                             	.LVL18:
 231 011f 61 01                   		cmp	#0, r1
 232 0121 3A 1F FF                		beq	.L15
 233                             	.LVL19:
 234 0124 EF 71                   		mov.L	r7, r1
 235 0126 05 00 00 00             		bsr	___cxa_guard_release
 236                             	.LVL20:
 237 012a FB 12 00 00 00 00       		mov.L	#__ZN7MPU9250D1Ev, r1
 238 0130 FB 22 00 00 00 00       		mov.L	#__ZZN7MPU925011getInstanceEvE8instance, r2
 239 0136 FB 32 00 00 00 00       		mov.L	#___dso_handle, r3
 240 013c 05 00 00 00             		bsr	___cxa_atexit
 241                             	.LVL21:
 242 0140 38 00 FF                		bra	.L15
 243                             	.LBE30:
 244                             	.LBE32:
 245                             	.LBE33:
 246                             	.LFE70:
 248                             		.weak	__ZZN7MPU925011getInstanceEvE8instance
 249                             		.section	.bss._ZZN7MPU925011getInstanceEvE8instance,"awG",@nobits,_ZZN7MPU925011getInstanceEvE8ins
 250                             		.balign 4
 253                             	__ZZN7MPU925011getInstanceEvE8instance:
 254 0000 00 00 00 00 00 00 00 00 		.zero	100
 254      00 00 00 00 00 00 00 00 
 254      00 00 00 00 00 00 00 00 
 254      00 00 00 00 00 00 00 00 
 254      00 00 00 00 00 00 00 00 
 255                             		.weak	__ZZN7Gamepad11getInstanceEvE8instance
 256                             		.section	.bss._ZZN7Gamepad11getInstanceEvE8instance,"awG",@nobits,_ZZN7Gamepad11getInstanceEvE8ins
 257                             		.balign 4
 260                             	__ZZN7Gamepad11getInstanceEvE8instance:
 261 0000 00 00 00 00 00 00 00 00 		.zero	68
 261      00 00 00 00 00 00 00 00 
 261      00 00 00 00 00 00 00 00 
 261      00 00 00 00 00 00 00 00 
 261      00 00 00 00 00 00 00 00 
 262                             		.weak	__ZGVZN7Gamepad11getInstanceEvE8instance
 263                             		.section	.bss._ZGVZN7Gamepad11getInstanceEvE8instance,"awG",@nobits,_ZGVZN7Gamepad11getInstanceEvE
 264                             		.balign 4
 267                             	__ZGVZN7Gamepad11getInstanceEvE8instance:
 268 0000 00 00 00 00 00 00 00 00 		.zero	8
 269                             		.weak	__ZGVZN7MPU925011getInstanceEvE8instance
 270                             		.section	.bss._ZGVZN7MPU925011getInstanceEvE8instance,"awG",@nobits,_ZGVZN7MPU925011getInstanceEvE
 271                             		.balign 4
 274                             	__ZGVZN7MPU925011getInstanceEvE8instance:
 275 0000 00 00 00 00 00 00 00 00 		.zero	8
 338                             	.Letext0:
 339                             		.file 4 "c:\\progra~2\\gccfor~2.201\\rx-elf\\rx-elf\\rx-elf\\include\\machine\\_default_types.h"
 340                             		.file 5 "c:\\progra~2\\gccfor~2.201\\rx-elf\\rx-elf\\rx-elf\\include\\stdint.h"
 341                             		.file 6 "C:\\Users\\ryota\\e2_studio\\workspace\\umouse\\src\\umouse_object/sound.h"
 342                             		.file 7 "C:\\Users\\ryota\\e2_studio\\workspace\\umouse\\src\\peripheral/timer.h"
 343                             		.file 8 "C:\\Users\\ryota\\e2_studio\\workspace\\umouse\\src\\peripheral/uart.hpp"
