   1                             		.file	"mode.cpp"
   2                             		.section P,"ax"
   3                             	.Ltext0:
   4                             		.section	.text._ZN6TactSwD2Ev,"axG",@progbits,_ZN6TactSwD5Ev,comdat
   5                             		.weak	__ZN6TactSwD2Ev
   7                             	__ZN6TactSwD2Ev:
   8                             	.LFB7:
   9                             		.file 1 "C:\\Users\\ryota\\e2_studio\\workspace\\umouse\\src\\robot_object/tactsw.h"
   1:C:\Users\ryota\e2_studio\workspace\umouse\src\robot_object\tactsw.h **** #ifndef TACTSW_H
   2:C:\Users\ryota\e2_studio\workspace\umouse\src\robot_object\tactsw.h **** #define TACTSW_H
   3:C:\Users\ryota\e2_studio\workspace\umouse\src\robot_object\tactsw.h **** 
   4:C:\Users\ryota\e2_studio\workspace\umouse\src\robot_object\tactsw.h **** #include "iodefine.h"
   5:C:\Users\ryota\e2_studio\workspace\umouse\src\robot_object\tactsw.h **** #include "stdint.h"
   6:C:\Users\ryota\e2_studio\workspace\umouse\src\robot_object\tactsw.h **** 
   7:C:\Users\ryota\e2_studio\workspace\umouse\src\robot_object\tactsw.h **** class TactSw{
   8:C:\Users\ryota\e2_studio\workspace\umouse\src\robot_object\tactsw.h **** private:
   9:C:\Users\ryota\e2_studio\workspace\umouse\src\robot_object\tactsw.h **** 	uint16_t on_time_msec;
  10:C:\Users\ryota\e2_studio\workspace\umouse\src\robot_object\tactsw.h ****     TactSw(){on_time_msec = 0;};
  11:C:\Users\ryota\e2_studio\workspace\umouse\src\robot_object\tactsw.h ****     TactSw(TactSw&){on_time_msec = 0;};
  12:C:\Users\ryota\e2_studio\workspace\umouse\src\robot_object\tactsw.h ****     ~TactSw(){};
  10                             		.loc 1 12 0
  11                             	.LVL0:
  12 0000 02                      		rts
  13                             	.LFE7:
  15                             		.weak	__ZN6TactSwD1Ev
  16                             		.set	__ZN6TactSwD1Ev,__ZN6TactSwD2Ev
  17                             		.section	.text._ZN7GamepadD2Ev,"axG",@progbits,_ZN7GamepadD5Ev,comdat
  18                             		.weak	__ZN7GamepadD2Ev
  20                             	__ZN7GamepadD2Ev:
  21                             	.LFB45:
  22                             		.file 2 "C:\\Users\\ryota\\e2_studio\\workspace\\umouse\\src\\robot_object/gamepad.h"
   1:C:\Users\ryota\e2_studio\workspace\umouse\src\robot_object\gamepad.h **** 
   2:C:\Users\ryota\e2_studio\workspace\umouse\src\robot_object\gamepad.h **** #ifndef GAMEPAD_H
   3:C:\Users\ryota\e2_studio\workspace\umouse\src\robot_object\gamepad.h **** #define GAMEPAD_H
   4:C:\Users\ryota\e2_studio\workspace\umouse\src\robot_object\gamepad.h **** 
   5:C:\Users\ryota\e2_studio\workspace\umouse\src\robot_object\gamepad.h **** #include <stdint.h>
   6:C:\Users\ryota\e2_studio\workspace\umouse\src\robot_object\gamepad.h **** #include "timer.h"
   7:C:\Users\ryota\e2_studio\workspace\umouse\src\robot_object\gamepad.h **** 
   8:C:\Users\ryota\e2_studio\workspace\umouse\src\robot_object\gamepad.h **** class Gamepad{
   9:C:\Users\ryota\e2_studio\workspace\umouse\src\robot_object\gamepad.h **** public:
  10:C:\Users\ryota\e2_studio\workspace\umouse\src\robot_object\gamepad.h ****     volatile int8_t cross_x;
  11:C:\Users\ryota\e2_studio\workspace\umouse\src\robot_object\gamepad.h ****     volatile int8_t cross_y;
  12:C:\Users\ryota\e2_studio\workspace\umouse\src\robot_object\gamepad.h ****     volatile int8_t L3D_x;
  13:C:\Users\ryota\e2_studio\workspace\umouse\src\robot_object\gamepad.h ****     volatile int8_t L3D_y;
  14:C:\Users\ryota\e2_studio\workspace\umouse\src\robot_object\gamepad.h ****     volatile int8_t R3D_x;
  15:C:\Users\ryota\e2_studio\workspace\umouse\src\robot_object\gamepad.h ****     volatile int8_t R3D_y;
  16:C:\Users\ryota\e2_studio\workspace\umouse\src\robot_object\gamepad.h ****     volatile uint8_t RT;
  17:C:\Users\ryota\e2_studio\workspace\umouse\src\robot_object\gamepad.h ****     volatile uint8_t LT;
  18:C:\Users\ryota\e2_studio\workspace\umouse\src\robot_object\gamepad.h ****     volatile uint32_t A;
  19:C:\Users\ryota\e2_studio\workspace\umouse\src\robot_object\gamepad.h ****     volatile uint32_t B;
  20:C:\Users\ryota\e2_studio\workspace\umouse\src\robot_object\gamepad.h ****     volatile uint32_t Y;
  21:C:\Users\ryota\e2_studio\workspace\umouse\src\robot_object\gamepad.h ****     volatile uint32_t X;
  22:C:\Users\ryota\e2_studio\workspace\umouse\src\robot_object\gamepad.h ****     volatile uint32_t RB;
  23:C:\Users\ryota\e2_studio\workspace\umouse\src\robot_object\gamepad.h ****     volatile uint32_t LB;
  24:C:\Users\ryota\e2_studio\workspace\umouse\src\robot_object\gamepad.h ****     volatile uint32_t BACK;
  25:C:\Users\ryota\e2_studio\workspace\umouse\src\robot_object\gamepad.h ****     volatile uint32_t START;
  26:C:\Users\ryota\e2_studio\workspace\umouse\src\robot_object\gamepad.h ****     volatile uint8_t receiveCommand[16];
  27:C:\Users\ryota\e2_studio\workspace\umouse\src\robot_object\gamepad.h **** 
  28:C:\Users\ryota\e2_studio\workspace\umouse\src\robot_object\gamepad.h ****     static Gamepad& getInstance(){
  29:C:\Users\ryota\e2_studio\workspace\umouse\src\robot_object\gamepad.h ****         static Gamepad instance;
  30:C:\Users\ryota\e2_studio\workspace\umouse\src\robot_object\gamepad.h ****         return instance;
  31:C:\Users\ryota\e2_studio\workspace\umouse\src\robot_object\gamepad.h ****     }
  32:C:\Users\ryota\e2_studio\workspace\umouse\src\robot_object\gamepad.h **** 
  33:C:\Users\ryota\e2_studio\workspace\umouse\src\robot_object\gamepad.h ****     bool isConnecting(){
  34:C:\Users\ryota\e2_studio\workspace\umouse\src\robot_object\gamepad.h ****         if(getElapsedMsec() - preRecieveTime < 200){
  35:C:\Users\ryota\e2_studio\workspace\umouse\src\robot_object\gamepad.h ****             return true;
  36:C:\Users\ryota\e2_studio\workspace\umouse\src\robot_object\gamepad.h ****         }
  37:C:\Users\ryota\e2_studio\workspace\umouse\src\robot_object\gamepad.h ****         else{
  38:C:\Users\ryota\e2_studio\workspace\umouse\src\robot_object\gamepad.h ****             return false;
  39:C:\Users\ryota\e2_studio\workspace\umouse\src\robot_object\gamepad.h ****         }
  40:C:\Users\ryota\e2_studio\workspace\umouse\src\robot_object\gamepad.h **** 
  41:C:\Users\ryota\e2_studio\workspace\umouse\src\robot_object\gamepad.h ****     };
  42:C:\Users\ryota\e2_studio\workspace\umouse\src\robot_object\gamepad.h **** 
  43:C:\Users\ryota\e2_studio\workspace\umouse\src\robot_object\gamepad.h ****     void updateCommand(uint8_t *command){
  44:C:\Users\ryota\e2_studio\workspace\umouse\src\robot_object\gamepad.h ****         if(command[3] == 254 && command[4] == 253){
  45:C:\Users\ryota\e2_studio\workspace\umouse\src\robot_object\gamepad.h ****             preRecieveTime = getElapsedMsec();
  46:C:\Users\ryota\e2_studio\workspace\umouse\src\robot_object\gamepad.h ****             for(uint8_t i=0;i<16; i++){
  47:C:\Users\ryota\e2_studio\workspace\umouse\src\robot_object\gamepad.h ****                 receiveCommand[i] = command[i];
  48:C:\Users\ryota\e2_studio\workspace\umouse\src\robot_object\gamepad.h ****             }
  49:C:\Users\ryota\e2_studio\workspace\umouse\src\robot_object\gamepad.h ****         }
  50:C:\Users\ryota\e2_studio\workspace\umouse\src\robot_object\gamepad.h ****     };
  51:C:\Users\ryota\e2_studio\workspace\umouse\src\robot_object\gamepad.h **** 
  52:C:\Users\ryota\e2_studio\workspace\umouse\src\robot_object\gamepad.h ****     //1msec毎に呼ぶこと
  53:C:\Users\ryota\e2_studio\workspace\umouse\src\robot_object\gamepad.h ****     void update(){
  54:C:\Users\ryota\e2_studio\workspace\umouse\src\robot_object\gamepad.h ****        volatile uint8_t *command = receiveCommand;
  55:C:\Users\ryota\e2_studio\workspace\umouse\src\robot_object\gamepad.h ****        if((command[6] & 0x01) == 1) A++;
  56:C:\Users\ryota\e2_studio\workspace\umouse\src\robot_object\gamepad.h ****        else A = 0;
  57:C:\Users\ryota\e2_studio\workspace\umouse\src\robot_object\gamepad.h ****        if(((command[6] & 0x02) >> 1) == 1) B++;
  58:C:\Users\ryota\e2_studio\workspace\umouse\src\robot_object\gamepad.h ****        else B = 0;
  59:C:\Users\ryota\e2_studio\workspace\umouse\src\robot_object\gamepad.h ****        if(((command[6] & 0x04) >> 2) == 1) X++;
  60:C:\Users\ryota\e2_studio\workspace\umouse\src\robot_object\gamepad.h ****        else X= 0;
  61:C:\Users\ryota\e2_studio\workspace\umouse\src\robot_object\gamepad.h ****        if(((command[6] & 0x08) >> 3) == 1) Y++;
  62:C:\Users\ryota\e2_studio\workspace\umouse\src\robot_object\gamepad.h ****        else Y = 0;
  63:C:\Users\ryota\e2_studio\workspace\umouse\src\robot_object\gamepad.h ****        if(((command[6] & 0x10) >> 4) == 1) RB++;
  64:C:\Users\ryota\e2_studio\workspace\umouse\src\robot_object\gamepad.h ****        else RB = 0;
  65:C:\Users\ryota\e2_studio\workspace\umouse\src\robot_object\gamepad.h ****        if(((command[6] & 0x20) >> 5) == 1) LB++;
  66:C:\Users\ryota\e2_studio\workspace\umouse\src\robot_object\gamepad.h ****        else LB = 0;
  67:C:\Users\ryota\e2_studio\workspace\umouse\src\robot_object\gamepad.h ****        if(((command[6] & 0x40) >> 6) == 1) BACK++;
  68:C:\Users\ryota\e2_studio\workspace\umouse\src\robot_object\gamepad.h ****        else BACK = 0;
  69:C:\Users\ryota\e2_studio\workspace\umouse\src\robot_object\gamepad.h ****        if(((command[6] & 0x80) >> 7) == 1) START++;
  70:C:\Users\ryota\e2_studio\workspace\umouse\src\robot_object\gamepad.h ****        else START = 0;
  71:C:\Users\ryota\e2_studio\workspace\umouse\src\robot_object\gamepad.h ****        RT = command[7];
  72:C:\Users\ryota\e2_studio\workspace\umouse\src\robot_object\gamepad.h ****        LT = command[8];
  73:C:\Users\ryota\e2_studio\workspace\umouse\src\robot_object\gamepad.h ****        cross_x = command[9]  - 128;
  74:C:\Users\ryota\e2_studio\workspace\umouse\src\robot_object\gamepad.h ****        cross_y = command[10] - 128;
  75:C:\Users\ryota\e2_studio\workspace\umouse\src\robot_object\gamepad.h ****        R3D_x = command[11] - 128;
  76:C:\Users\ryota\e2_studio\workspace\umouse\src\robot_object\gamepad.h ****        R3D_y = command[12] - 128;
  77:C:\Users\ryota\e2_studio\workspace\umouse\src\robot_object\gamepad.h ****        L3D_x = command[13] - 128;
  78:C:\Users\ryota\e2_studio\workspace\umouse\src\robot_object\gamepad.h ****        L3D_y = command[14] - 128;
  79:C:\Users\ryota\e2_studio\workspace\umouse\src\robot_object\gamepad.h **** 
  80:C:\Users\ryota\e2_studio\workspace\umouse\src\robot_object\gamepad.h ****        if(isConnecting() == false){
  81:C:\Users\ryota\e2_studio\workspace\umouse\src\robot_object\gamepad.h ****            A = 0;
  82:C:\Users\ryota\e2_studio\workspace\umouse\src\robot_object\gamepad.h ****            B = 0;
  83:C:\Users\ryota\e2_studio\workspace\umouse\src\robot_object\gamepad.h ****            X = 0;
  84:C:\Users\ryota\e2_studio\workspace\umouse\src\robot_object\gamepad.h ****            Y = 0;
  85:C:\Users\ryota\e2_studio\workspace\umouse\src\robot_object\gamepad.h ****            RB = 0;
  86:C:\Users\ryota\e2_studio\workspace\umouse\src\robot_object\gamepad.h ****            LB = 0;
  87:C:\Users\ryota\e2_studio\workspace\umouse\src\robot_object\gamepad.h ****            BACK = 0;
  88:C:\Users\ryota\e2_studio\workspace\umouse\src\robot_object\gamepad.h ****            START = 0;
  89:C:\Users\ryota\e2_studio\workspace\umouse\src\robot_object\gamepad.h ****            RT = 0;
  90:C:\Users\ryota\e2_studio\workspace\umouse\src\robot_object\gamepad.h ****            LT = 0;
  91:C:\Users\ryota\e2_studio\workspace\umouse\src\robot_object\gamepad.h ****            cross_x = 0;
  92:C:\Users\ryota\e2_studio\workspace\umouse\src\robot_object\gamepad.h ****            cross_y = 0;
  93:C:\Users\ryota\e2_studio\workspace\umouse\src\robot_object\gamepad.h ****            R3D_x = 0;
  94:C:\Users\ryota\e2_studio\workspace\umouse\src\robot_object\gamepad.h ****            R3D_y = 0;
  95:C:\Users\ryota\e2_studio\workspace\umouse\src\robot_object\gamepad.h ****            L3D_x = 0;
  96:C:\Users\ryota\e2_studio\workspace\umouse\src\robot_object\gamepad.h ****            L3D_y = 0;
  97:C:\Users\ryota\e2_studio\workspace\umouse\src\robot_object\gamepad.h ****        }
  98:C:\Users\ryota\e2_studio\workspace\umouse\src\robot_object\gamepad.h **** 
  99:C:\Users\ryota\e2_studio\workspace\umouse\src\robot_object\gamepad.h ****     };
 100:C:\Users\ryota\e2_studio\workspace\umouse\src\robot_object\gamepad.h **** private:
 101:C:\Users\ryota\e2_studio\workspace\umouse\src\robot_object\gamepad.h ****     bool conStatus;
 102:C:\Users\ryota\e2_studio\workspace\umouse\src\robot_object\gamepad.h ****     uint64_t preRecieveTime;
 103:C:\Users\ryota\e2_studio\workspace\umouse\src\robot_object\gamepad.h ****     Gamepad(){
 104:C:\Users\ryota\e2_studio\workspace\umouse\src\robot_object\gamepad.h ****         cross_x = 0;
 105:C:\Users\ryota\e2_studio\workspace\umouse\src\robot_object\gamepad.h ****         cross_y = 0;
 106:C:\Users\ryota\e2_studio\workspace\umouse\src\robot_object\gamepad.h ****         L3D_x = 0;
 107:C:\Users\ryota\e2_studio\workspace\umouse\src\robot_object\gamepad.h ****         R3D_x = 0;
 108:C:\Users\ryota\e2_studio\workspace\umouse\src\robot_object\gamepad.h ****         R3D_y = 0;
 109:C:\Users\ryota\e2_studio\workspace\umouse\src\robot_object\gamepad.h ****         RT = 0;
 110:C:\Users\ryota\e2_studio\workspace\umouse\src\robot_object\gamepad.h ****         LT = 0;
 111:C:\Users\ryota\e2_studio\workspace\umouse\src\robot_object\gamepad.h ****         A  = 0;
 112:C:\Users\ryota\e2_studio\workspace\umouse\src\robot_object\gamepad.h ****         B  = 0;
 113:C:\Users\ryota\e2_studio\workspace\umouse\src\robot_object\gamepad.h ****         Y  = 0;
 114:C:\Users\ryota\e2_studio\workspace\umouse\src\robot_object\gamepad.h ****         X  = 0;
 115:C:\Users\ryota\e2_studio\workspace\umouse\src\robot_object\gamepad.h ****         RB = 0;
 116:C:\Users\ryota\e2_studio\workspace\umouse\src\robot_object\gamepad.h ****         LB = 0;
 117:C:\Users\ryota\e2_studio\workspace\umouse\src\robot_object\gamepad.h ****         BACK = 0;
 118:C:\Users\ryota\e2_studio\workspace\umouse\src\robot_object\gamepad.h ****         START = 0;
 119:C:\Users\ryota\e2_studio\workspace\umouse\src\robot_object\gamepad.h ****         conStatus = false;
 120:C:\Users\ryota\e2_studio\workspace\umouse\src\robot_object\gamepad.h ****         preRecieveTime = 0;
 121:C:\Users\ryota\e2_studio\workspace\umouse\src\robot_object\gamepad.h ****     };
 122:C:\Users\ryota\e2_studio\workspace\umouse\src\robot_object\gamepad.h ****     ~Gamepad(){};
  23                             		.loc 2 122 0
  24                             	.LVL1:
  25 0000 02                      		rts
  26                             	.LFE45:
  28                             		.weak	__ZN7GamepadD1Ev
  29                             		.set	__ZN7GamepadD1Ev,__ZN7GamepadD2Ev
  30                             		.global	___gxx_personality_sj0
  31                             		.global	__Unwind_SjLj_Register
  32                             		.global	__Unwind_SjLj_Unregister
  33                             		.section	.text._ZN5FcLedD2Ev,"axG",@progbits,_ZN5FcLedD5Ev,comdat
  34                             		.weak	__ZN5FcLedD2Ev
  36                             	__ZN5FcLedD2Ev:
  37                             	.LFB32:
  38                             		.file 3 "C:\\Users\\ryota\\e2_studio\\workspace\\umouse\\src\\robot_object/fcled.h"
   1:C:\Users\ryota\e2_studio\workspace\umouse\src\robot_object\fcled.h **** #ifndef FCLED_H
   2:C:\Users\ryota\e2_studio\workspace\umouse\src\robot_object\fcled.h **** #define FCLED_H
   3:C:\Users\ryota\e2_studio\workspace\umouse\src\robot_object\fcled.h **** 
   4:C:\Users\ryota\e2_studio\workspace\umouse\src\robot_object\fcled.h **** #include <stdint.h>
   5:C:\Users\ryota\e2_studio\workspace\umouse\src\robot_object\fcled.h **** #include "abcled.h"
   6:C:\Users\ryota\e2_studio\workspace\umouse\src\robot_object\fcled.h **** 
   7:C:\Users\ryota\e2_studio\workspace\umouse\src\robot_object\fcled.h **** ///////////////////////////////////////////////////////////////////
   8:C:\Users\ryota\e2_studio\workspace\umouse\src\robot_object\fcled.h **** class LED_R : public AbstructLED{
   9:C:\Users\ryota\e2_studio\workspace\umouse\src\robot_object\fcled.h **** public:
  10:C:\Users\ryota\e2_studio\workspace\umouse\src\robot_object\fcled.h **** 	void setState(uint8_t state);
  11:C:\Users\ryota\e2_studio\workspace\umouse\src\robot_object\fcled.h **** };
  12:C:\Users\ryota\e2_studio\workspace\umouse\src\robot_object\fcled.h **** ///////////////////////////////////////////////////////////////////
  13:C:\Users\ryota\e2_studio\workspace\umouse\src\robot_object\fcled.h **** class LED_G : public AbstructLED{
  14:C:\Users\ryota\e2_studio\workspace\umouse\src\robot_object\fcled.h **** public:
  15:C:\Users\ryota\e2_studio\workspace\umouse\src\robot_object\fcled.h **** 	void setState(uint8_t state);
  16:C:\Users\ryota\e2_studio\workspace\umouse\src\robot_object\fcled.h **** };
  17:C:\Users\ryota\e2_studio\workspace\umouse\src\robot_object\fcled.h **** ///////////////////////////////////////////////////////////////////
  18:C:\Users\ryota\e2_studio\workspace\umouse\src\robot_object\fcled.h **** class LED_B : public AbstructLED{
  19:C:\Users\ryota\e2_studio\workspace\umouse\src\robot_object\fcled.h **** public:
  20:C:\Users\ryota\e2_studio\workspace\umouse\src\robot_object\fcled.h **** 	void setState(uint8_t state);
  21:C:\Users\ryota\e2_studio\workspace\umouse\src\robot_object\fcled.h **** };
  22:C:\Users\ryota\e2_studio\workspace\umouse\src\robot_object\fcled.h **** ///////////////////////////////////////////////////////////////////
  23:C:\Users\ryota\e2_studio\workspace\umouse\src\robot_object\fcled.h **** class FcLed{
  24:C:\Users\ryota\e2_studio\workspace\umouse\src\robot_object\fcled.h **** public:
  25:C:\Users\ryota\e2_studio\workspace\umouse\src\robot_object\fcled.h **** 	static FcLed& getInstance(){
  26:C:\Users\ryota\e2_studio\workspace\umouse\src\robot_object\fcled.h **** 		static FcLed instance;
  27:C:\Users\ryota\e2_studio\workspace\umouse\src\robot_object\fcled.h **** 		return instance;
  28:C:\Users\ryota\e2_studio\workspace\umouse\src\robot_object\fcled.h **** 	}
  29:C:\Users\ryota\e2_studio\workspace\umouse\src\robot_object\fcled.h **** 
  30:C:\Users\ryota\e2_studio\workspace\umouse\src\robot_object\fcled.h **** 	LED_R R;
  31:C:\Users\ryota\e2_studio\workspace\umouse\src\robot_object\fcled.h **** 	LED_G G;
  32:C:\Users\ryota\e2_studio\workspace\umouse\src\robot_object\fcled.h **** 	LED_B B;
  33:C:\Users\ryota\e2_studio\workspace\umouse\src\robot_object\fcled.h **** 	void update(){
  34:C:\Users\ryota\e2_studio\workspace\umouse\src\robot_object\fcled.h **** 		R.update();
  35:C:\Users\ryota\e2_studio\workspace\umouse\src\robot_object\fcled.h **** 		G.update();
  36:C:\Users\ryota\e2_studio\workspace\umouse\src\robot_object\fcled.h **** 		B.update();
  37:C:\Users\ryota\e2_studio\workspace\umouse\src\robot_object\fcled.h **** 	}
  38:C:\Users\ryota\e2_studio\workspace\umouse\src\robot_object\fcled.h **** 	void turn(uint8_t r, uint8_t g, uint8_t b){
  39:C:\Users\ryota\e2_studio\workspace\umouse\src\robot_object\fcled.h **** 		R.turn(r);
  40:C:\Users\ryota\e2_studio\workspace\umouse\src\robot_object\fcled.h **** 		G.turn(g);
  41:C:\Users\ryota\e2_studio\workspace\umouse\src\robot_object\fcled.h **** 		B.turn(b);
  42:C:\Users\ryota\e2_studio\workspace\umouse\src\robot_object\fcled.h **** 	}
  43:C:\Users\ryota\e2_studio\workspace\umouse\src\robot_object\fcled.h **** private:
  44:C:\Users\ryota\e2_studio\workspace\umouse\src\robot_object\fcled.h **** 	FcLed(){turn(0,0,0);}
  45:C:\Users\ryota\e2_studio\workspace\umouse\src\robot_object\fcled.h **** 	~FcLed(){turn(0,0,0);}
  39                             		.loc 3 45 0
  40                             	.LVL2:
  41                             		.loc 3 45 0
  42 0000 7E A7                   		push.l	r7
  43                             	.LCFI0:
  44 0002 71 00 CC                		add	#-52, r0
  45                             	.LCFI1:
  46                             		.loc 3 45 0
  47 0005 EF 17                   		mov.L	r1, r7
  48 0007 EF 01                   		mov.L	r0, r1
  49                             	.LVL3:
  50 0009 F9 02 06 00 00 00 00    		mov.L	#___gxx_personality_sj0, 24[r0]
  51 0010 F9 02 07 00 00 00 00    		mov.L	#.LLSDA32, 28[r0]
  52 0017 05 00 00 00             		bsr	__Unwind_SjLj_Register
  53                             	.LVL4:
  54                             	.LBB57:
  55                             	.LBB58:
  39:C:\Users\ryota\e2_studio\workspace\umouse\src\robot_object\fcled.h **** 		G.turn(g);
  56                             		.loc 3 39 0
  57 001b EF 71                   		mov.L	r7, r1
  58 001d 66 02                   		mov	#0, r2
  59 001f 3E 01 00                		mov.L	#0, 4[r0]
  60 0022 05 00 00 00             		bsr	__ZN11AbstructLED4turnEh
  61                             	.LVL5:
  40:C:\Users\ryota\e2_studio\workspace\umouse\src\robot_object\fcled.h **** 		B.turn(b);
  62                             		.loc 3 40 0
  63 0026 71 71 0C                		add	#12, r7, r1
  64 0029 66 02                   		mov	#0, r2
  65 002b 05 00 00 00             		bsr	__ZN11AbstructLED4turnEh
  66                             	.LVL6:
  41:C:\Users\ryota\e2_studio\workspace\umouse\src\robot_object\fcled.h **** 	}
  67                             		.loc 3 41 0
  68 002f 71 71 18                		add	#24, r7, r1
  69 0032 66 02                   		mov	#0, r2
  70 0034 05 00 00 00             		bsr	__ZN11AbstructLED4turnEh
  71                             	.LVL7:
  72 0038 EF 01                   		mov.L	r0, r1
  73 003a 05 00 00 00             		bsr	__Unwind_SjLj_Unregister
  74                             	.LVL8:
  75                             	.LBE58:
  76                             	.LBE57:
  77                             		.loc 3 45 0
  78 003e 3F 77 0E                		rtsd	#56, r7-r7
  79                             	.LFE32:
  80                             		.section	.gcc_except_table._ZN5FcLedD2Ev,"awG",@progbits,_ZN5FcLedD5Ev,comdat
  81                             	.LLSDA32:
  82 0000 FF                      		.byte	0xff
  83 0001 FF                      		.byte	0xff
  84 0002 01                      		.byte	0x1
  85 0003 00                      		.uleb128 .LLSDACSE32-.LLSDACSB32
  86                             	.LLSDACSB32:
  87                             	.LLSDACSE32:
  88                             		.section	.text._ZN5FcLedD2Ev,"axG",@progbits,_ZN5FcLedD5Ev,comdat
  90                             		.weak	__ZN5FcLedD1Ev
  91                             		.set	__ZN5FcLedD1Ev,__ZN5FcLedD2Ev
  92                             		.section	.rodata.str1.1,"aMS",@progbits,1
  93                             	.LC1:
  94 0000 23 23 23 23 23 23 23 23 		.string	"############ MD select ################\n"
  94      23 23 23 23 20 4D 44 20 
  94      73 65 6C 65 63 74 20 23 
  94      23 23 23 23 23 23 23 23 
  94      23 23 23 23 23 23 23 0A 
  95                             	.LC2:
  96 0029 43 68 6F 6F 73 65 20 74 		.string	"Choose the MD .\n"
  96      68 65 20 4D 44 20 2E 0A 
  96      00 
  97                             	.LC3:
  98 003a 20 E5 AE B4 E4 BC 9A E8 		.string	" \345\256\264\344\274\232\350\212\270                                        :0 N   \n"
  98      8A B8 20 20 20 20 20 20 
  98      20 20 20 20 20 20 20 20 
  98      20 20 20 20 20 20 20 20 
  98      20 20 20 20 20 20 20 20 
  99                             	.LC4:
 100 0075 20 E8 87 AA E5 BE 8B E8 		.string	" \350\207\252\345\276\213\350\265\260\350\241\214                                    :1 B
 100      B5 B0 E8 A1 8C 20 20 20 
 100      20 20 20 20 20 20 20 20 
 100      20 20 20 20 20 20 20 20 
 100      20 20 20 20 20 20 20 20 
 101                             	.LC5:
 102 00af 20 44 45 42 55 47 20 4D 		.string	" DEBUG MODE           :2 G   \n"
 102      4F 44 45 20 20 20 20 20 
 102      20 20 20 20 20 20 3A 32 
 102      20 47 20 20 20 0A 00 
 103                             	.LC6:
 104 00ce 20 E6 96 9C E3 82 81 E6 		.string	" \346\226\234\343\202\201\346\234\200\347\237\255\350\265\260\350\241\214                
 104      9C 80 E7 9F AD E8 B5 B0 
 104      E8 A1 8C 20 20 20 20 20 
 104      20 20 20 20 20 20 20 20 
 104      20 20 20 20 20 20 20 20 
 105                             	.LC7:
 106 0107 20 E9 9F B3 E6 A5 BD E5 		.string	" \351\237\263\346\245\275\345\256\244                                        :4 R   \n"
 106      AE A4 20 20 20 20 20 20 
 106      20 20 20 20 20 20 20 20 
 106      20 20 20 20 20 20 20 20 
 106      20 20 20 20 20 20 20 20 
 107                             	.LC8:
 108 0142 20 E6 9C 80 E7 9F AD E8 		.string	" \346\234\200\347\237\255\350\265\260\350\241\214                                    :5 R
 108      B5 B0 E8 A1 8C 20 20 20 
 108      20 20 20 20 20 20 20 20 
 108      20 20 20 20 20 20 20 20 
 108      20 20 20 20 20 20 20 20 
 109                             	.LC9:
 110 017c 20 E6 8E A2 E7 B4 A2 E8 		.string	" \346\216\242\347\264\242\350\265\260\350\241\214                                    :6 R
 110      B5 B0 E8 A1 8C 20 20 20 
 110      20 20 20 20 20 20 20 20 
 110      20 20 20 20 20 20 20 20 
 110      20 20 20 20 20 20 20 20 
 111                             	.LC10:
 112 01b6 20 43 69 72 63 69 74 20 		.string	" Circit running       :7 RGB \n"
 112      72 75 6E 6E 69 6E 67 20 
 112      20 20 20 20 20 20 3A 37 
 112      20 52 47 42 20 0A 00 
 113                             	.LC11:
 114 01d5 2B 2B 2B 2B 2B 2B 2B 2B 		.string	"++++++++++++++++++++++++++++++++\n"
 114      2B 2B 2B 2B 2B 2B 2B 2B 
 114      2B 2B 2B 2B 2B 2B 2B 2B 
 114      2B 2B 2B 2B 2B 2B 2B 2B 
 114      0A 00 
 115                             	.LC12:
 116 01f7 62 6F 74 74 6F 6E 20 70 		.string	"botton pressed! %d\n"
 116      72 65 73 73 65 64 21 20 
 116      25 64 0A 00 
 117                             	.LC13:
 118 020b 73 65 6C 65 63 74 21 20 		.string	"select! \n"
 118      0A 00 
 119                             		.section C,"a",@progbits
 120                             		.p2align 2
 121                             		.balign 4
 122                             	.LC0:
 123 0000 00 00 00 00             		.long	__Z6mode_Nv
 124 0004 00 00 00 00             		.long	__Z6mode_Bv
 125 0008 00 00 00 00             		.long	__Z6mode_Gv
 126 000c 00 00 00 00             		.long	__Z7mode_GBv
 127 0010 00 00 00 00             		.long	__Z6mode_Rv
 128 0014 00 00 00 00             		.long	__Z7mode_RBv
 129 0018 00 00 00 00             		.long	__Z7mode_RGv
 130 001c 00 00 00 00             		.long	__Z8mode_RGBv
 131                             		.section P,"ax"
 132                             		.global	__Z10modeSelectv
 134                             	__Z10modeSelectv:
 135                             	.LFB741:
 136                             		.file 4 "../src/mode/mode.cpp"
   1:../src/mode/mode.cpp **** #include <stdint.h>
   2:../src/mode/mode.cpp **** #include "mode.h"
   3:../src/mode/mode.cpp **** #include "mode_N.h"
   4:../src/mode/mode.cpp **** #include "mode_R.h"
   5:../src/mode/mode.cpp **** #include "mode_G.h"
   6:../src/mode/mode.cpp **** #include "mode_B.h"
   7:../src/mode/mode.cpp **** #include "mode_RG.h"
   8:../src/mode/mode.cpp **** #include "mode_RB.h"
   9:../src/mode/mode.cpp **** #include "mode_GB.h"
  10:../src/mode/mode.cpp **** #include "mode_RGB.h"
  11:../src/mode/mode.cpp **** 
  12:../src/mode/mode.cpp **** #include "tactsw.h"
  13:../src/mode/mode.cpp **** #include "timer.h"
  14:../src/mode/mode.cpp **** #include "fcled.h"
  15:../src/mode/mode.cpp **** #include "sound.h"
  16:../src/mode/mode.cpp **** #include "uart.hpp"
  17:../src/mode/mode.cpp **** 
  18:../src/mode/mode.cpp **** #include "gamepad.h"
  19:../src/mode/mode.cpp **** #include <string>
  20:../src/mode/mode.cpp **** 
  21:../src/mode/mode.cpp **** using std::string;
  22:../src/mode/mode.cpp **** 
  23:../src/mode/mode.cpp **** 
  24:../src/mode/mode.cpp **** void modeSelect() {
 137                             		.loc 4 24 0
 138 0000 6E 6A                   		pushm	r6-r10
 139                             	.LCFI2:
 140 0002 71 00 98                		add	#0xffffff98, r0
 141                             	.LCFI3:
 142 0005 F9 02 10 00 00 00 00    		mov.L	#___gxx_personality_sj0, 64[r0]
 143 000c F9 02 11 00 00 00 00    		mov.L	#.LLSDA741, 68[r0]
 144 0013 66 87                   		mov.L	#8, r7
 145 0015 4B 07                   		add	r0, r7
 146 0017 A4 87                   		mov.L	r7, 72[r0]
 147 0019 F9 02 13 1F 04 00 00    		mov.L	#.L33, 76[r0]
 148 0020 A5 00                   		mov.L	r0, 80[r0]
 149 0022 71 01 28                		add	#40, r0, r1
 150 0025 05 00 00 00             		bsr	__Unwind_SjLj_Register
 151                             	.LVL9:
 152                             	.LBB111:
 153                             	.LBB112:
 154                             	.LBB113:
  13:C:\Users\ryota\e2_studio\workspace\umouse\src\robot_object\tactsw.h **** 
  14:C:\Users\ryota\e2_studio\workspace\umouse\src\robot_object\tactsw.h **** public:
  15:C:\Users\ryota\e2_studio\workspace\umouse\src\robot_object\tactsw.h **** 	bool getState(){
  16:C:\Users\ryota\e2_studio\workspace\umouse\src\robot_object\tactsw.h **** 		if( on_time_msec >5) return true;
  17:C:\Users\ryota\e2_studio\workspace\umouse\src\robot_object\tactsw.h **** 		else return false;
  18:C:\Users\ryota\e2_studio\workspace\umouse\src\robot_object\tactsw.h **** 	};
  19:C:\Users\ryota\e2_studio\workspace\umouse\src\robot_object\tactsw.h **** 
  20:C:\Users\ryota\e2_studio\workspace\umouse\src\robot_object\tactsw.h **** 	uint16_t getOntime(){
  21:C:\Users\ryota\e2_studio\workspace\umouse\src\robot_object\tactsw.h **** 		return on_time_msec;
  22:C:\Users\ryota\e2_studio\workspace\umouse\src\robot_object\tactsw.h **** 	};
  23:C:\Users\ryota\e2_studio\workspace\umouse\src\robot_object\tactsw.h **** 
  24:C:\Users\ryota\e2_studio\workspace\umouse\src\robot_object\tactsw.h **** 	void update(){
  25:C:\Users\ryota\e2_studio\workspace\umouse\src\robot_object\tactsw.h **** 		if(PORTE.PIDR.BIT.B3 == 0)on_time_msec++;
  26:C:\Users\ryota\e2_studio\workspace\umouse\src\robot_object\tactsw.h **** 		else on_time_msec = 0;
  27:C:\Users\ryota\e2_studio\workspace\umouse\src\robot_object\tactsw.h **** 	}
  28:C:\Users\ryota\e2_studio\workspace\umouse\src\robot_object\tactsw.h **** 
  29:C:\Users\ryota\e2_studio\workspace\umouse\src\robot_object\tactsw.h **** 	static TactSw& getInstance(){
  30:C:\Users\ryota\e2_studio\workspace\umouse\src\robot_object\tactsw.h **** 		static TactSw instance;
 155                             		.loc 1 30 0
 156 0029 FB A2 00 00 00 00       		mov.L	#__ZGVZN6TactSw11getInstanceEvE8instance, r10
 157 002f 58 AA                   		movu.B	[r10], r10
 158 0031 E7 0A 19                		mov.L	r10, 100[r0]
 159 0034 61 0A                   		cmp	#0, r10
 160 0036 3A B0 03                		beq	.L48
 161                             		.balign 8,3,5
 162                             	.L9:
 163                             	.LBE113:
 164                             	.LBE112:
 165                             	.LBB119:
 166                             	.LBB120:
  26:C:\Users\ryota\e2_studio\workspace\umouse\src\robot_object\fcled.h **** 		return instance;
 167                             		.loc 3 26 0
 168 0039 FB 12 00 00 00 00       		mov.L	#__ZGVZN5FcLed11getInstanceEvE8instance, r1
 169 003f 58 1A                   		movu.B	[r1], r10
 170 0041 E7 0A 17                		mov.L	r10, 92[r0]
 171 0044 61 0A                   		cmp	#0, r10
 172 0046 3A 39 03                		beq	.L49
 173                             		.balign 8,3,5
 174                             	.L12:
 175                             	.LBE120:
 176                             	.LBE119:
 177                             	.LBB132:
 178                             	.LBB133:
  29:C:\Users\ryota\e2_studio\workspace\umouse\src\robot_object\gamepad.h ****         return instance;
 179                             		.loc 2 29 0
 180 0049 FB 72 00 00 00 00       		mov.L	#__ZGVZN7Gamepad11getInstanceEvE8instance, r7
 181 004f 58 77                   		movu.B	[r7], r7
 182 0051 A5 8F                   		mov.L	r7, 92[r0]
 183 0053 61 07                   		cmp	#0, r7
 184 0055 3A BF 02                		beq	.L50
 185                             		.balign 8,3,1
 186                             	.L15:
 187                             	.LBE133:
 188                             	.LBE132:
  25:../src/mode/mode.cpp ****     uint8_t mode_change = 0;
  26:../src/mode/mode.cpp ****     uint8_t mode_num = 8;
  27:../src/mode/mode.cpp **** 
  28:../src/mode/mode.cpp ****     TactSw& tsw = TactSw::getInstance();
  29:../src/mode/mode.cpp ****     FcLed& fcled = FcLed::getInstance();
  30:../src/mode/mode.cpp ****     Gamepad& gamepad = Gamepad::getInstance();
  31:../src/mode/mode.cpp **** 
  32:../src/mode/mode.cpp ****     void (*mode_func[])() = {
  33:../src/mode/mode.cpp ****         mode_N, mode_B, mode_G, mode_GB,
  34:../src/mode/mode.cpp ****         mode_R, mode_RB, mode_RG, mode_RGB
  35:../src/mode/mode.cpp ****     };
 189                             		.loc 4 35 0
 190 0058 66 81                   		mov.L	#8, r1
 191 005a 4B 01                   		add	r0, r1
 192 005c FB 22 00 00 00 00       		mov.L	#.LC0, r2
 193 0062 75 43 20                		mov.L	#32, r3
 194 0065 7F 8F                   		smovf
 195                             	.LVL10:
 196                             	.LBB139:
 197                             	.LBB140:
  39:C:\Users\ryota\e2_studio\workspace\umouse\src\robot_object\fcled.h **** 		G.turn(g);
 198                             		.loc 3 39 0
 199 0067 FB 12 00 00 00 00       		mov.L	#__ZZN5FcLed11getInstanceEvE8instance, r1
 200 006d 66 02                   		mov	#0, r2
 201 006f F9 06 0B FF             		mov.L	#-1, 44[r0]
 202 0073 05 00 00 00             		bsr	__ZN11AbstructLED4turnEh
 203                             	.LVL11:
  40:C:\Users\ryota\e2_studio\workspace\umouse\src\robot_object\fcled.h **** 		B.turn(b);
 204                             		.loc 3 40 0
 205 0077 FB 12 00 00 00 00       		mov.L	#__ZZN5FcLed11getInstanceEvE8instance+12, r1
 206 007d 66 02                   		mov	#0, r2
 207 007f 05 00 00 00             		bsr	__ZN11AbstructLED4turnEh
 208                             	.LVL12:
  41:C:\Users\ryota\e2_studio\workspace\umouse\src\robot_object\fcled.h **** 	}
 209                             		.loc 3 41 0
 210 0083 66 02                   		mov	#0, r2
 211 0085 FB 12 00 00 00 00       		mov.L	#__ZZN5FcLed11getInstanceEvE8instance+24, r1
 212 008b 05 00 00 00             		bsr	__ZN11AbstructLED4turnEh
 213                             	.LVL13:
 214                             	.LBE140:
 215                             	.LBE139:
  36:../src/mode/mode.cpp ****     fcled.turn(0, 0, 0);
  37:../src/mode/mode.cpp ****     myprintf3("############ MD select ################\n");
 216                             		.loc 4 37 0
 217 008f F8 02 00 00 00 00       		mov.L	#.LC1, [r0]
 218 0095 05 00 00 00             		bsr	__Z9myprintf3PKcz
 219                             	.LVL14:
  38:../src/mode/mode.cpp ****     myprintf3("Choose the MD .\n");
 220                             		.loc 4 38 0
 221 0099 F8 02 29 00 00 00       		mov.L	#.LC2, [r0]
 222 009f 05 00 00 00             		bsr	__Z9myprintf3PKcz
 223                             	.LVL15:
  39:../src/mode/mode.cpp ****     myprintf3(" 宴会芸                                        :0 N   \n"); //000 0
 224                             		.loc 4 39 0
 225 00a3 F8 02 3A 00 00 00       		mov.L	#.LC3, [r0]
 226 00a9 05 00 00 00             		bsr	__Z9myprintf3PKcz
 227                             	.LVL16:
  40:../src/mode/mode.cpp ****     myprintf3(" 自律走行                                    :1 B   \n"); //001 1
 228                             		.loc 4 40 0
 229 00ad F8 02 75 00 00 00       		mov.L	#.LC4, [r0]
 230 00b3 05 00 00 00             		bsr	__Z9myprintf3PKcz
 231                             	.LVL17:
  41:../src/mode/mode.cpp ****     myprintf3(" DEBUG MODE           :2 G   \n"); //010 2
 232                             		.loc 4 41 0
 233 00b7 F8 02 AF 00 00 00       		mov.L	#.LC5, [r0]
 234 00bd 05 00 00 00             		bsr	__Z9myprintf3PKcz
 235                             	.LVL18:
  42:../src/mode/mode.cpp ****     myprintf3(" 斜め最短走行                             :3 GB  \n"); //011 3
 236                             		.loc 4 42 0
 237 00c1 F8 02 CE 00 00 00       		mov.L	#.LC6, [r0]
 238 00c7 05 00 00 00             		bsr	__Z9myprintf3PKcz
 239                             	.LVL19:
  43:../src/mode/mode.cpp ****     myprintf3(" 音楽室                                        :4 R   \n"); //100 4
 240                             		.loc 4 43 0
 241 00cb F8 02 07 01 00 00       		mov.L	#.LC7, [r0]
 242 00d1 05 00 00 00             		bsr	__Z9myprintf3PKcz
 243                             	.LVL20:
  44:../src/mode/mode.cpp ****     myprintf3(" 最短走行                                    :5 RB  \n"); //101 5
 244                             		.loc 4 44 0
 245 00d5 F8 02 42 01 00 00       		mov.L	#.LC8, [r0]
 246 00db 05 00 00 00             		bsr	__Z9myprintf3PKcz
 247                             	.LVL21:
  45:../src/mode/mode.cpp ****     myprintf3(" 探索走行                                    :6 RG  \n"); //110 6
 248                             		.loc 4 45 0
 249 00df F8 02 7C 01 00 00       		mov.L	#.LC9, [r0]
 250 00e5 05 00 00 00             		bsr	__Z9myprintf3PKcz
 251                             	.LVL22:
  46:../src/mode/mode.cpp ****     myprintf3(" Circit running       :7 RGB \n"); //111 7
 252                             		.loc 4 46 0
 253 00e9 F8 02 B6 01 00 00       		mov.L	#.LC10, [r0]
 254 00ef 05 00 00 00             		bsr	__Z9myprintf3PKcz
 255                             	.LVL23:
  47:../src/mode/mode.cpp ****     myprintf3("++++++++++++++++++++++++++++++++\n");
 256                             		.loc 4 47 0
 257 00f3 F8 02 D5 01 00 00       		mov.L	#.LC11, [r0]
 258 00f9 05 00 00 00             		bsr	__Z9myprintf3PKcz
 259                             	.LVL24:
 260 00fd F9 04 64 00             		mov.B	#0, 100[r0]
 261 0101 F9 02 17 00 00 00 00    		mov.L	#__ZZN6TactSw11getInstanceEvE8instance, 92[r0]
 262                             	.LVL25:
 263                             		.balign 8,3,4
 264                             	.L31:
 265                             	.LBB141:
  48:../src/mode/mode.cpp **** 
  49:../src/mode/mode.cpp ****     while (1) {
  50:../src/mode/mode.cpp ****         waitmsec(1);
 266                             		.loc 4 50 0
 267 0108 F9 06 0B FF             		mov.L	#-1, 44[r0]
 268 010c 66 11                   		mov.L	#1, r1
 269 010e 05 00 00 00             		bsr	__Z8waitmsecm
 270                             	.LVL26:
 271                             	.LBB142:
  51:../src/mode/mode.cpp **** 
  52:../src/mode/mode.cpp ****         if (tsw.getOntime() > 10 ) {
 272                             		.loc 4 52 0
 273 0112 ED 0A 17                		mov.L	92[r0], r10
 274 0115 5C AE                   		movu.W	[r10], r14
 275 0117 61 AE                   		cmp	#10, r14
 276 0119 24 67                   		bgtu	.L21
 277                             	.LBE142:
 278                             	.LBB151:
  53:../src/mode/mode.cpp ****             while (tsw.getOntime() > 10) {
  54:../src/mode/mode.cpp ****                 waitmsec(1);
  55:../src/mode/mode.cpp ****                 if (tsw.getOntime() > 1000 && tsw.getOntime() < 2000) {
  56:../src/mode/mode.cpp ****                     //決定時の動作
  57:../src/mode/mode.cpp ****                     SEB();
  58:../src/mode/mode.cpp ****                     mode_func[mode_change]();
  59:../src/mode/mode.cpp ****                     waitmsec(1000);
  60:../src/mode/mode.cpp ****                     return;
  61:../src/mode/mode.cpp ****                 }
  62:../src/mode/mode.cpp ****             }
  63:../src/mode/mode.cpp **** 
  64:../src/mode/mode.cpp ****             mode_change = (mode_change + 1) % mode_num;
  65:../src/mode/mode.cpp ****             myprintf3("botton pressed! %d\n", mode_change);
  66:../src/mode/mode.cpp **** 
  67:../src/mode/mode.cpp ****             SEA();
  68:../src/mode/mode.cpp ****             uint8_t r = (mode_change & 0x04) >> 2;
  69:../src/mode/mode.cpp ****             uint8_t g = (mode_change & 0x02) >> 1;
  70:../src/mode/mode.cpp ****             uint8_t b = mode_change & 0x01;
  71:../src/mode/mode.cpp ****             fcled.turn(r, g, b);
  72:../src/mode/mode.cpp ****         }
  73:../src/mode/mode.cpp **** 
  74:../src/mode/mode.cpp ****         if(gamepad.cross_y == 1){
 279                             		.loc 4 74 0
 280 011b FB A2 00 00 00 00       		mov.L	#__ZZN7Gamepad11getInstanceEvE8instance, r10
 281 0121 CD AE 01                		mov.B	1[r10], r14
 282 0124 61 1E                   		cmp	#1, r14
 283 0126 3A FA 00                		beq	.L51
 284                             	.LVL27:
 285                             		.balign 8,3,5
 286                             	.L22:
 287                             	.LBE151:
 288                             	.LBB157:
  75:../src/mode/mode.cpp ****             //uint32_t time_pre = getElapsedMsec();
  76:../src/mode/mode.cpp ****             while(gamepad.cross_y==1){
  77:../src/mode/mode.cpp ****                 waitmsec(100);
  78:../src/mode/mode.cpp ****                 //if(getElapsedMsec() - time_pre > 250)break;
  79:../src/mode/mode.cpp ****             }
  80:../src/mode/mode.cpp ****             mode_change = (mode_change - 1 + mode_num) % mode_num;
  81:../src/mode/mode.cpp ****             myprintf3("botton pressed! %d\n", mode_change);
  82:../src/mode/mode.cpp ****             SEA();
  83:../src/mode/mode.cpp ****             uint8_t r = (mode_change & 0x04) >> 2;
  84:../src/mode/mode.cpp ****             uint8_t g = (mode_change & 0x02) >> 1;
  85:../src/mode/mode.cpp ****             uint8_t b = mode_change & 0x01;
  86:../src/mode/mode.cpp ****             fcled.turn(r, g, b);
  87:../src/mode/mode.cpp ****         }
  88:../src/mode/mode.cpp **** 
  89:../src/mode/mode.cpp ****         if(gamepad.cross_y == -1){
 289                             		.loc 4 89 0
 290 0129 FB A2 00 00 00 00       		mov.L	#__ZZN7Gamepad11getInstanceEvE8instance, r10
 291 012f CD AE 01                		mov.B	1[r10], r14
 292 0132 75 0E FF                		cmp	#-1, r14
 293 0135 3A 6B 01                		beq	.L52
 294                             	.LVL28:
 295                             		.balign 8,3,5
 296                             	.L26:
 297                             	.LBE157:
  90:../src/mode/mode.cpp ****             //uint32_t time_pre = getElapsedMsec();
  91:../src/mode/mode.cpp ****             while(gamepad.cross_y==-1){
  92:../src/mode/mode.cpp ****                 waitmsec(100);
  93:../src/mode/mode.cpp ****                 //if(getElapsedMsec() - time_pre > 250)break;
  94:../src/mode/mode.cpp ****             }
  95:../src/mode/mode.cpp ****             mode_change = (mode_change + 1) % mode_num;
  96:../src/mode/mode.cpp ****             myprintf3("botton pressed! %d\n", mode_change);
  97:../src/mode/mode.cpp ****             SEA();
  98:../src/mode/mode.cpp ****             uint8_t r = (mode_change & 0x04) >> 2;
  99:../src/mode/mode.cpp ****             uint8_t g = (mode_change & 0x02) >> 1;
 100:../src/mode/mode.cpp ****             uint8_t b = mode_change & 0x01;
 101:../src/mode/mode.cpp ****             fcled.turn(r, g, b);
 102:../src/mode/mode.cpp ****         }
 103:../src/mode/mode.cpp **** 
 104:../src/mode/mode.cpp ****         if (gamepad.B > 1000 ) {
 298                             		.loc 4 104 0
 299 0138 FB A2 00 00 00 00       		mov.L	#__ZZN7Gamepad11getInstanceEvE8instance+12, r10
 300 013e EC AE                   		mov.L	[r10], r14
 301 0140 76 0E E8 03             		cmp	#0x3e8, r14
 302 0144 25 C4                   		bleu	.L31
 105:../src/mode/mode.cpp ****             SEB();
 303                             		.loc 4 105 0
 304 0146 F9 06 0B FF             		mov.L	#-1, 44[r0]
 305 014a 05 00 00 00             		bsr	__Z3SEBv
 306                             	.LVL29:
 106:../src/mode/mode.cpp ****             myprintf3("select! \n");
 307                             		.loc 4 106 0
 308 014e F8 02 0B 02 00 00       		mov.L	#.LC13, [r0]
 309 0154 05 00 00 00             		bsr	__Z9myprintf3PKcz
 310                             	.LVL30:
 107:../src/mode/mode.cpp ****             mode_func[mode_change]();
 311                             		.loc 4 107 0
 312 0158 59 0E 64                		movu.B	100[r0], r14
 313 015b 66 87                   		mov.L	#8, r7
 314 015d 4B 07                   		add	r0, r7
 315 015f FE 6E 7E                		mov.L	[r14,r7], r14
 316 0162 7F 1E                   		jsr	r14
 317                             	.LVL31:
 108:../src/mode/mode.cpp ****             waitmsec(1000);
 318                             		.loc 4 108 0
 319 0164 FB 1A E8 03             		mov.L	#0x3e8, r1
 320 0168 05 00 00 00             		bsr	__Z8waitmsecm
 321                             	.LVL32:
 322 016c 71 01 28                		add	#40, r0, r1
 323 016f 05 00 00 00             		bsr	__Unwind_SjLj_Unregister
 324                             	.LVL33:
 325                             	.LBE141:
 326                             	.LBE111:
 109:../src/mode/mode.cpp ****             return;
 110:../src/mode/mode.cpp ****         }
 111:../src/mode/mode.cpp **** 
 112:../src/mode/mode.cpp **** 
 113:../src/mode/mode.cpp **** 
 114:../src/mode/mode.cpp **** 
 115:../src/mode/mode.cpp **** 
 116:../src/mode/mode.cpp ****     }
 117:../src/mode/mode.cpp **** }
 327                             		.loc 4 117 0
 328 0173 3F 6A 1F                		rtsd	#124, r6-r10
 329                             	.LVL34:
 330                             	.L54:
 331                             	.LBB173:
 332                             	.LBB167:
 333                             	.LBB163:
 334                             	.LBB143:
  53:../src/mode/mode.cpp ****                 waitmsec(1);
 335                             		.loc 4 53 0 discriminator 1
 336 0176 5F EE                   		movu.W	r14, r14
 337 0178 61 AE                   		cmp	#10, r14
 338 017a 25 46                   		bleu	.L53
 339 017c 76 10 01 00             		.balign 8,3,4
 340                             	.L21:
  54:../src/mode/mode.cpp ****                 if (tsw.getOntime() > 1000 && tsw.getOntime() < 2000) {
 341                             		.loc 4 54 0
 342 0180 F9 06 0B FF             		mov.L	#-1, 44[r0]
 343 0184 66 11                   		mov.L	#1, r1
 344 0186 05 00 00 00             		bsr	__Z8waitmsecm
 345                             	.LVL35:
 346                             	.LBB144:
 347                             	.LBB145:
  21:C:\Users\ryota\e2_studio\workspace\umouse\src\robot_object\tactsw.h **** 	};
 348                             		.loc 1 21 0
 349 018a AD 8F                   		mov.L	92[r0], r7
 350 018c DC 7E                   		mov.W	[r7], r14
 351                             	.LBE145:
 352                             	.LBE144:
  55:../src/mode/mode.cpp ****                     //決定時の動作
 353                             		.loc 4 55 0
 354 018e 72 E4 17 FC             		add	#0xfffffc17, r14, r4
 355 0192 5F 44                   		movu.W	r4, r4
 356 0194 76 04 E6 03             		cmp	#0x3e6, r4
 357 0198 24 DE                   		bgtu	.L54
  57:../src/mode/mode.cpp ****                     mode_func[mode_change]();
 358                             		.loc 4 57 0
 359 019a F9 06 0B FF             		mov.L	#-1, 44[r0]
 360 019e 05 00 00 00             		bsr	__Z3SEBv
 361                             	.LVL36:
  58:../src/mode/mode.cpp ****                     waitmsec(1000);
 362                             		.loc 4 58 0
 363 01a2 59 0E 64                		movu.B	100[r0], r14
 364 01a5 66 8A                   		mov.L	#8, r10
 365 01a7 4B 0A                   		add	r0, r10
 366 01a9 FE 6E AE                		mov.L	[r14,r10], r14
 367 01ac 7F 1E                   		jsr	r14
 368                             	.LVL37:
  59:../src/mode/mode.cpp ****                     return;
 369                             		.loc 4 59 0
 370 01ae FB 1A E8 03             		mov.L	#0x3e8, r1
 371 01b2 05 00 00 00             		bsr	__Z8waitmsecm
 372                             	.LVL38:
 373 01b6 71 01 28                		add	#40, r0, r1
 374 01b9 05 00 00 00             		bsr	__Unwind_SjLj_Unregister
 375                             	.LVL39:
 376                             	.LBE143:
 377                             	.LBE163:
 378                             	.LBE167:
 379                             	.LBE173:
 380                             		.loc 4 117 0
 381 01bd 3F 6A 1F                		rtsd	#124, r6-r10
 382                             	.LVL40:
 383                             	.L53:
 384                             	.LBB174:
 385                             	.LBB168:
 386                             	.LBB164:
 387                             	.LBB150:
  64:../src/mode/mode.cpp ****             myprintf3("botton pressed! %d\n", mode_change);
 388                             		.loc 4 64 0
 389 01c0 59 0E 64                		movu.B	100[r0], r14
 390 01c3 62 1E                   		add	#1, r14
 391 01c5 E7 0E 18                		mov.L	r14, 96[r0]
 392 01c8 64 7E                   		and #7, r14
  65:../src/mode/mode.cpp **** 
 393                             		.loc 4 65 0
 394 01ca F8 02 F7 01 00 00       		mov.L	#.LC12, [r0]
 395 01d0 E7 0E 01                		mov.L	r14, 4[r0]
 396 01d3 F9 06 0B FF             		mov.L	#-1, 44[r0]
  64:../src/mode/mode.cpp ****             myprintf3("botton pressed! %d\n", mode_change);
 397                             		.loc 4 64 0
 398 01d7 C7 0E 64                		mov.B	r14, 100[r0]
 399                             	.LVL41:
  65:../src/mode/mode.cpp **** 
 400                             		.loc 4 65 0
 401 01da 05 00 00 00             		bsr	__Z9myprintf3PKcz
 402                             	.LVL42:
  67:../src/mode/mode.cpp ****             uint8_t r = (mode_change & 0x04) >> 2;
 403                             		.loc 4 67 0
 404 01de 05 00 00 00             		bsr	__Z3SEAv
 405                             	.LVL43:
  68:../src/mode/mode.cpp ****             uint8_t g = (mode_change & 0x02) >> 1;
 406                             		.loc 4 68 0
 407 01e2 AE 02                   		mov.L	96[r0], r2
 408 01e4 64 42                   		and #4, r2
 409                             	.LBB146:
 410                             	.LBB147:
  39:C:\Users\ryota\e2_studio\workspace\umouse\src\robot_object\fcled.h **** 		G.turn(g);
 411                             		.loc 3 39 0
 412 01e6 FB 12 00 00 00 00       		mov.L	#__ZZN5FcLed11getInstanceEvE8instance, r1
 413 01ec 68 22                   		shlr	#2, r2
 414 01ee 05 00 00 00             		bsr	__ZN11AbstructLED4turnEh
 415                             	.LVL44:
 416                             	.LBE147:
 417                             	.LBE146:
  69:../src/mode/mode.cpp ****             uint8_t b = mode_change & 0x01;
 418                             		.loc 4 69 0
 419 01f2 AE 02                   		mov.L	96[r0], r2
 420 01f4 64 22                   		and #2, r2
 421                             	.LBB149:
 422                             	.LBB148:
  40:C:\Users\ryota\e2_studio\workspace\umouse\src\robot_object\fcled.h **** 		B.turn(b);
 423                             		.loc 3 40 0
 424 01f6 FB 12 00 00 00 00       		mov.L	#__ZZN5FcLed11getInstanceEvE8instance+12, r1
 425 01fc 68 12                   		shlr	#1, r2
 426 01fe 05 00 00 00             		bsr	__ZN11AbstructLED4turnEh
 427                             	.LVL45:
  41:C:\Users\ryota\e2_studio\workspace\umouse\src\robot_object\fcled.h **** 	}
 428                             		.loc 3 41 0
 429 0202 FB 12 00 00 00 00       		mov.L	#__ZZN5FcLed11getInstanceEvE8instance+24, r1
 430 0208 AE 02                   		mov.L	96[r0], r2
 431 020a 64 12                   		and #1, r2
 432 020c 05 00 00 00             		bsr	__ZN11AbstructLED4turnEh
 433                             	.LVL46:
 434                             	.LBE148:
 435                             	.LBE149:
 436                             	.LBE150:
 437                             	.LBE164:
 438                             	.LBB165:
  74:../src/mode/mode.cpp ****             //uint32_t time_pre = getElapsedMsec();
 439                             		.loc 4 74 0
 440 0210 FB A2 00 00 00 00       		mov.L	#__ZZN7Gamepad11getInstanceEvE8instance, r10
 441 0216 CD AE 01                		mov.B	1[r10], r14
 442 0219 61 1E                   		cmp	#1, r14
 443 021b 3B 0E FF                		bne	.L22
 444                             	.LVL47:
 445 021e EF 00                   		.balign 8,3,5
 446                             	.L51:
 447                             	.LBB152:
  76:../src/mode/mode.cpp ****                 waitmsec(100);
 448                             		.loc 4 76 0 discriminator 1
 449 0220 CD AE 01                		mov.B	1[r10], r14
 450 0223 61 1E                   		cmp	#1, r14
 451 0225 21 1B                   		bne	.L24
 452 0227 03                      		.balign 8,3,4
 453                             	.L44:
  77:../src/mode/mode.cpp ****                 //if(getElapsedMsec() - time_pre > 250)break;
 454                             		.loc 4 77 0
 455 0228 F9 06 0B FF             		mov.L	#-1, 44[r0]
 456 022c 75 41 64                		mov.L	#0x64, r1
 457 022f 05 00 00 00             		bsr	__Z8waitmsecm
 458                             	.LVL48:
  76:../src/mode/mode.cpp ****                 waitmsec(100);
 459                             		.loc 4 76 0
 460 0233 FB 72 00 00 00 00       		mov.L	#__ZZN7Gamepad11getInstanceEvE8instance, r7
 461 0239 CD 7E 01                		mov.B	1[r7], r14
 462 023c 61 1E                   		cmp	#1, r14
 463 023e 20 EA                   		beq	.L44
 464                             		.balign 8,3,3
 465                             	.L24:
  80:../src/mode/mode.cpp ****             myprintf3("botton pressed! %d\n", mode_change);
 466                             		.loc 4 80 0
 467 0240 59 0E 64                		movu.B	100[r0], r14
 468 0243 62 7E                   		add	#7, r14
 469 0245 E7 0E 18                		mov.L	r14, 96[r0]
 470 0248 64 7E                   		and #7, r14
  81:../src/mode/mode.cpp ****             SEA();
 471                             		.loc 4 81 0
 472 024a F8 02 F7 01 00 00       		mov.L	#.LC12, [r0]
 473 0250 E7 0E 01                		mov.L	r14, 4[r0]
 474 0253 F9 06 0B FF             		mov.L	#-1, 44[r0]
  80:../src/mode/mode.cpp ****             myprintf3("botton pressed! %d\n", mode_change);
 475                             		.loc 4 80 0
 476 0257 C7 0E 64                		mov.B	r14, 100[r0]
 477                             	.LVL49:
  81:../src/mode/mode.cpp ****             SEA();
 478                             		.loc 4 81 0
 479 025a 05 00 00 00             		bsr	__Z9myprintf3PKcz
 480                             	.LVL50:
  82:../src/mode/mode.cpp ****             uint8_t r = (mode_change & 0x04) >> 2;
 481                             		.loc 4 82 0
 482 025e 05 00 00 00             		bsr	__Z3SEAv
 483                             	.LVL51:
  83:../src/mode/mode.cpp ****             uint8_t g = (mode_change & 0x02) >> 1;
 484                             		.loc 4 83 0
 485 0262 AE 02                   		mov.L	96[r0], r2
 486 0264 64 42                   		and #4, r2
 487                             	.LBB153:
 488                             	.LBB154:
  39:C:\Users\ryota\e2_studio\workspace\umouse\src\robot_object\fcled.h **** 		G.turn(g);
 489                             		.loc 3 39 0
 490 0266 68 22                   		shlr	#2, r2
 491 0268 FB 12 00 00 00 00       		mov.L	#__ZZN5FcLed11getInstanceEvE8instance, r1
 492 026e 05 00 00 00             		bsr	__ZN11AbstructLED4turnEh
 493                             	.LVL52:
 494                             	.LBE154:
 495                             	.LBE153:
  84:../src/mode/mode.cpp ****             uint8_t b = mode_change & 0x01;
 496                             		.loc 4 84 0
 497 0272 AE 02                   		mov.L	96[r0], r2
 498 0274 64 22                   		and #2, r2
 499                             	.LBB156:
 500                             	.LBB155:
  40:C:\Users\ryota\e2_studio\workspace\umouse\src\robot_object\fcled.h **** 		B.turn(b);
 501                             		.loc 3 40 0
 502 0276 68 12                   		shlr	#1, r2
 503 0278 FB 12 00 00 00 00       		mov.L	#__ZZN5FcLed11getInstanceEvE8instance+12, r1
 504 027e 05 00 00 00             		bsr	__ZN11AbstructLED4turnEh
 505                             	.LVL53:
  41:C:\Users\ryota\e2_studio\workspace\umouse\src\robot_object\fcled.h **** 	}
 506                             		.loc 3 41 0
 507 0282 FB 12 00 00 00 00       		mov.L	#__ZZN5FcLed11getInstanceEvE8instance+24, r1
 508 0288 AE 02                   		mov.L	96[r0], r2
 509 028a 64 12                   		and #1, r2
 510 028c 05 00 00 00             		bsr	__ZN11AbstructLED4turnEh
 511                             	.LVL54:
 512                             	.LBE155:
 513                             	.LBE156:
 514                             	.LBE152:
 515                             	.LBE165:
 516                             	.LBB166:
  89:../src/mode/mode.cpp ****             //uint32_t time_pre = getElapsedMsec();
 517                             		.loc 4 89 0
 518 0290 FB A2 00 00 00 00       		mov.L	#__ZZN7Gamepad11getInstanceEvE8instance, r10
 519 0296 CD AE 01                		mov.B	1[r10], r14
 520 0299 75 0E FF                		cmp	#-1, r14
 521 029c 3B 9C FE                		bne	.L26
 522                             	.LVL55:
 523 029f 03                      		.balign 8,3,5
 524                             	.L52:
 525                             	.LBB158:
  91:../src/mode/mode.cpp ****                 waitmsec(100);
 526                             		.loc 4 91 0 discriminator 1
 527 02a0 CD AE 01                		mov.B	1[r10], r14
 528 02a3 75 0E FF                		cmp	#-1, r14
 529 02a6 21 1B                   		bne	.L28
 530                             		.balign 8,3,4
 531                             	.L45:
  92:../src/mode/mode.cpp ****                 //if(getElapsedMsec() - time_pre > 250)break;
 532                             		.loc 4 92 0
 533 02a8 F9 06 0B FF             		mov.L	#-1, 44[r0]
 534 02ac 75 41 64                		mov.L	#0x64, r1
 535 02af 05 00 00 00             		bsr	__Z8waitmsecm
 536                             	.LVL56:
  91:../src/mode/mode.cpp ****                 waitmsec(100);
 537                             		.loc 4 91 0
 538 02b3 FB 72 00 00 00 00       		mov.L	#__ZZN7Gamepad11getInstanceEvE8instance, r7
 539 02b9 CD 7E 01                		mov.B	1[r7], r14
 540 02bc 75 0E FF                		cmp	#-1, r14
 541 02bf 20 E9                   		beq	.L45
 542                             		.balign 8,3,3
 543                             	.L28:
  95:../src/mode/mode.cpp ****             myprintf3("botton pressed! %d\n", mode_change);
 544                             		.loc 4 95 0
 545 02c1 59 0E 64                		movu.B	100[r0], r14
 546 02c4 62 1E                   		add	#1, r14
 547 02c6 E7 0E 18                		mov.L	r14, 96[r0]
 548 02c9 64 7E                   		and #7, r14
  96:../src/mode/mode.cpp ****             SEA();
 549                             		.loc 4 96 0
 550 02cb F8 02 F7 01 00 00       		mov.L	#.LC12, [r0]
 551 02d1 E7 0E 01                		mov.L	r14, 4[r0]
 552 02d4 F9 06 0B FF             		mov.L	#-1, 44[r0]
  95:../src/mode/mode.cpp ****             myprintf3("botton pressed! %d\n", mode_change);
 553                             		.loc 4 95 0
 554 02d8 C7 0E 64                		mov.B	r14, 100[r0]
 555                             	.LVL57:
  96:../src/mode/mode.cpp ****             SEA();
 556                             		.loc 4 96 0
 557 02db 05 00 00 00             		bsr	__Z9myprintf3PKcz
 558                             	.LVL58:
  97:../src/mode/mode.cpp ****             uint8_t r = (mode_change & 0x04) >> 2;
 559                             		.loc 4 97 0
 560 02df 05 00 00 00             		bsr	__Z3SEAv
 561                             	.LVL59:
  98:../src/mode/mode.cpp ****             uint8_t g = (mode_change & 0x02) >> 1;
 562                             		.loc 4 98 0
 563 02e3 AE 02                   		mov.L	96[r0], r2
 564 02e5 64 42                   		and #4, r2
 565                             	.LBB159:
 566                             	.LBB160:
  39:C:\Users\ryota\e2_studio\workspace\umouse\src\robot_object\fcled.h **** 		G.turn(g);
 567                             		.loc 3 39 0
 568 02e7 68 22                   		shlr	#2, r2
 569 02e9 FB 12 00 00 00 00       		mov.L	#__ZZN5FcLed11getInstanceEvE8instance, r1
 570 02ef 05 00 00 00             		bsr	__ZN11AbstructLED4turnEh
 571                             	.LVL60:
 572                             	.LBE160:
 573                             	.LBE159:
  99:../src/mode/mode.cpp ****             uint8_t b = mode_change & 0x01;
 574                             		.loc 4 99 0
 575 02f3 AE 02                   		mov.L	96[r0], r2
 576 02f5 64 22                   		and #2, r2
 577                             	.LBB162:
 578                             	.LBB161:
  40:C:\Users\ryota\e2_studio\workspace\umouse\src\robot_object\fcled.h **** 		B.turn(b);
 579                             		.loc 3 40 0
 580 02f7 68 12                   		shlr	#1, r2
 581 02f9 FB 12 00 00 00 00       		mov.L	#__ZZN5FcLed11getInstanceEvE8instance+12, r1
 582 02ff 05 00 00 00             		bsr	__ZN11AbstructLED4turnEh
 583                             	.LVL61:
  41:C:\Users\ryota\e2_studio\workspace\umouse\src\robot_object\fcled.h **** 	}
 584                             		.loc 3 41 0
 585 0303 FB 12 00 00 00 00       		mov.L	#__ZZN5FcLed11getInstanceEvE8instance+24, r1
 586 0309 AE 02                   		mov.L	96[r0], r2
 587 030b 64 12                   		and #1, r2
 588 030d 05 00 00 00             		bsr	__ZN11AbstructLED4turnEh
 589                             	.LVL62:
 590 0311 38 27 FE                		bra	.L26
 591                             	.LVL63:
 592                             	.L50:
 593                             	.LBE161:
 594                             	.LBE162:
 595                             	.LBE158:
 596                             	.LBE166:
 597                             	.LBE168:
 598                             	.LBB169:
 599                             	.LBB138:
  29:C:\Users\ryota\e2_studio\workspace\umouse\src\robot_object\gamepad.h ****         return instance;
 600                             		.loc 2 29 0
 601 0314 FB 12 00 00 00 00       		mov.L	#__ZGVZN7Gamepad11getInstanceEvE8instance, r1
 602 031a 05 00 00 00             		bsr	___cxa_guard_acquire
 603                             	.LVL64:
 604 031e 61 01                   		cmp	#0, r1
 605 0320 3A 38 FD                		beq	.L15
 606                             	.LVL65:
 607                             	.LBB134:
 608                             	.LBB135:
 104:C:\Users\ryota\e2_studio\workspace\umouse\src\robot_object\gamepad.h ****         cross_y = 0;
 609                             		.loc 2 104 0
 610 0323 AD 8F                   		mov.L	92[r0], r7
 611 0325 FB A2 00 00 00 00       		mov.L	#__ZZN7Gamepad11getInstanceEvE8instance, r10
 612 032b C3 A7                   		mov.B	r7, [r10]
 105:C:\Users\ryota\e2_studio\workspace\umouse\src\robot_object\gamepad.h ****         L3D_x = 0;
 613                             		.loc 2 105 0
 614 032d C7 A7 01                		mov.B	r7, 1[r10]
 106:C:\Users\ryota\e2_studio\workspace\umouse\src\robot_object\gamepad.h ****         R3D_x = 0;
 615                             		.loc 2 106 0
 616 0330 C7 A7 02                		mov.B	r7, 2[r10]
 107:C:\Users\ryota\e2_studio\workspace\umouse\src\robot_object\gamepad.h ****         R3D_y = 0;
 617                             		.loc 2 107 0
 618 0333 C7 A7 04                		mov.B	r7, 4[r10]
 108:C:\Users\ryota\e2_studio\workspace\umouse\src\robot_object\gamepad.h ****         RT = 0;
 619                             		.loc 2 108 0
 620 0336 C7 A7 05                		mov.B	r7, 5[r10]
 109:C:\Users\ryota\e2_studio\workspace\umouse\src\robot_object\gamepad.h ****         LT = 0;
 621                             		.loc 2 109 0
 622 0339 C7 A7 06                		mov.B	r7, 6[r10]
 110:C:\Users\ryota\e2_studio\workspace\umouse\src\robot_object\gamepad.h ****         A  = 0;
 623                             		.loc 2 110 0
 624 033c C7 A7 07                		mov.B	r7, 7[r10]
 111:C:\Users\ryota\e2_studio\workspace\umouse\src\robot_object\gamepad.h ****         B  = 0;
 625                             		.loc 2 111 0
 626 033f E7 A7 02                		mov.L	r7, 8[r10]
 112:C:\Users\ryota\e2_studio\workspace\umouse\src\robot_object\gamepad.h ****         Y  = 0;
 627                             		.loc 2 112 0
 628 0342 E7 A7 03                		mov.L	r7, 12[r10]
 113:C:\Users\ryota\e2_studio\workspace\umouse\src\robot_object\gamepad.h ****         X  = 0;
 629                             		.loc 2 113 0
 630 0345 E7 A7 04                		mov.L	r7, 16[r10]
 114:C:\Users\ryota\e2_studio\workspace\umouse\src\robot_object\gamepad.h ****         RB = 0;
 631                             		.loc 2 114 0
 632 0348 E7 A7 05                		mov.L	r7, 20[r10]
 115:C:\Users\ryota\e2_studio\workspace\umouse\src\robot_object\gamepad.h ****         LB = 0;
 633                             		.loc 2 115 0
 634 034b E7 A7 06                		mov.L	r7, 24[r10]
 116:C:\Users\ryota\e2_studio\workspace\umouse\src\robot_object\gamepad.h ****         BACK = 0;
 635                             		.loc 2 116 0
 636 034e E7 A7 07                		mov.L	r7, 28[r10]
 117:C:\Users\ryota\e2_studio\workspace\umouse\src\robot_object\gamepad.h ****         START = 0;
 637                             		.loc 2 117 0
 638 0351 E7 A7 08                		mov.L	r7, 32[r10]
 639                             	.LBE135:
 640                             	.LBE134:
  29:C:\Users\ryota\e2_studio\workspace\umouse\src\robot_object\gamepad.h ****         return instance;
 641                             		.loc 2 29 0
 642 0354 FB 12 00 00 00 00       		mov.L	#__ZGVZN7Gamepad11getInstanceEvE8instance, r1
 643                             	.LBB137:
 644                             	.LBB136:
 118:C:\Users\ryota\e2_studio\workspace\umouse\src\robot_object\gamepad.h ****         conStatus = false;
 645                             		.loc 2 118 0
 646 035a E7 A7 09                		mov.L	r7, 36[r10]
 119:C:\Users\ryota\e2_studio\workspace\umouse\src\robot_object\gamepad.h ****         preRecieveTime = 0;
 647                             		.loc 2 119 0
 648 035d C7 A7 38                		mov.B	r7, 56[r10]
 120:C:\Users\ryota\e2_studio\workspace\umouse\src\robot_object\gamepad.h ****     };
 649                             		.loc 2 120 0
 650 0360 E7 A7 0F                		mov.L	r7, 60[r10]
 651 0363 E7 A7 10                		mov.L	r7, 64[r10]
 652                             	.LBE136:
 653                             	.LBE137:
  29:C:\Users\ryota\e2_studio\workspace\umouse\src\robot_object\gamepad.h ****         return instance;
 654                             		.loc 2 29 0
 655 0366 05 00 00 00             		bsr	___cxa_guard_release
 656                             	.LVL66:
 657 036a FB 12 00 00 00 00       		mov.L	#__ZN7GamepadD1Ev, r1
 658 0370 EF A2                   		mov.L	r10, r2
 659 0372 FB 32 00 00 00 00       		mov.L	#___dso_handle, r3
 660 0378 05 00 00 00             		bsr	___cxa_atexit
 661                             	.LVL67:
 662 037c 38 DC FC                		bra	.L15
 663                             	.LVL68:
 664                             	.L49:
 665                             	.LBE138:
 666                             	.LBE169:
 667                             	.LBB170:
 668                             	.LBB130:
  26:C:\Users\ryota\e2_studio\workspace\umouse\src\robot_object\fcled.h **** 		return instance;
 669                             		.loc 3 26 0
 670 037f 05 00 00 00             		bsr	___cxa_guard_acquire
 671                             	.LVL69:
 672 0383 61 01                   		cmp	#0, r1
 673 0385 3A C4 FC                		beq	.L12
 674                             	.LVL70:
 675                             	.LBB121:
 676                             	.LBB122:
 677                             	.LBB123:
   8:C:\Users\ryota\e2_studio\workspace\umouse\src\robot_object\fcled.h **** public:
 678                             		.loc 3 8 0
 679 0388 FB 12 00 00 00 00       		mov.L	#__ZZN5FcLed11getInstanceEvE8instance, r1
 680 038e F8 12 00 00 00 00       		mov.L	#__ZTV5LED_R+8, [r1]
 681                             	.LVL71:
 682                             	.LBE123:
 683                             	.LBE122:
 684                             	.LBB124:
 685                             	.LBB125:
  13:C:\Users\ryota\e2_studio\workspace\umouse\src\robot_object\fcled.h **** public:
 686                             		.loc 3 13 0
 687 0394 F9 12 03 00 00 00 00    		mov.L	#__ZTV5LED_G+8, 12[r1]
 688                             	.LVL72:
 689                             	.LBE125:
 690                             	.LBE124:
 691                             	.LBB126:
 692                             	.LBB127:
  18:C:\Users\ryota\e2_studio\workspace\umouse\src\robot_object\fcled.h **** public:
 693                             		.loc 3 18 0
 694 039b F9 12 06 00 00 00 00    		mov.L	#__ZTV5LED_B+8, 24[r1]
 695                             	.LVL73:
 696                             	.LBE127:
 697                             	.LBE126:
 698                             	.LBB128:
 699                             	.LBB129:
  39:C:\Users\ryota\e2_studio\workspace\umouse\src\robot_object\fcled.h **** 		G.turn(g);
 700                             		.loc 3 39 0
 701 03a2 3E 0B 01                		mov.L	#1, 44[r0]
 702 03a5 CF A2                   		mov.B	r10, r2
 703 03a7 05 00 00 00             		bsr	__ZN11AbstructLED4turnEh
 704                             	.LVL74:
  40:C:\Users\ryota\e2_studio\workspace\umouse\src\robot_object\fcled.h **** 		B.turn(b);
 705                             		.loc 3 40 0
 706 03ab FB 12 00 00 00 00       		mov.L	#__ZZN5FcLed11getInstanceEvE8instance+12, r1
 707                             	.LVL75:
 708 03b1 66 02                   		mov	#0, r2
 709 03b3 05 00 00 00             		bsr	__ZN11AbstructLED4turnEh
 710                             	.LVL76:
  41:C:\Users\ryota\e2_studio\workspace\umouse\src\robot_object\fcled.h **** 	}
 711                             		.loc 3 41 0
 712 03b7 FB 12 00 00 00 00       		mov.L	#__ZZN5FcLed11getInstanceEvE8instance+24, r1
 713                             	.LVL77:
 714 03bd 66 02                   		mov	#0, r2
 715 03bf 05 00 00 00             		bsr	__ZN11AbstructLED4turnEh
 716                             	.LVL78:
 717                             	.LBE129:
 718                             	.LBE128:
 719                             	.LBE121:
  26:C:\Users\ryota\e2_studio\workspace\umouse\src\robot_object\fcled.h **** 		return instance;
 720                             		.loc 3 26 0
 721 03c3 FB 12 00 00 00 00       		mov.L	#__ZGVZN5FcLed11getInstanceEvE8instance, r1
 722 03c9 05 00 00 00             		bsr	___cxa_guard_release
 723                             	.LVL79:
 724 03cd FB 12 00 00 00 00       		mov.L	#__ZN5FcLedD1Ev, r1
 725 03d3 FB 22 00 00 00 00       		mov.L	#__ZZN5FcLed11getInstanceEvE8instance, r2
 726 03d9 FB 32 00 00 00 00       		mov.L	#___dso_handle, r3
 727 03df 05 00 00 00             		bsr	___cxa_atexit
 728                             	.LVL80:
 729 03e3 38 66 FC                		bra	.L12
 730                             	.LVL81:
 731                             	.L48:
 732                             	.LBE130:
 733                             	.LBE170:
 734                             	.LBB171:
 735                             	.LBB118:
 736                             		.loc 1 30 0
 737 03e6 FB 12 00 00 00 00       		mov.L	#__ZGVZN6TactSw11getInstanceEvE8instance, r1
 738 03ec 05 00 00 00             		bsr	___cxa_guard_acquire
 739                             	.LVL82:
 740 03f0 61 01                   		cmp	#0, r1
 741 03f2 3A 47 FC                		beq	.L9
 742                             	.LVL83:
 743                             	.LBB114:
 744                             	.LBB115:
  10:C:\Users\ryota\e2_studio\workspace\umouse\src\robot_object\tactsw.h ****     TactSw(TactSw&){on_time_msec = 0;};
 745                             		.loc 1 10 0
 746 03f5 F9 02 17 00 00 00 00    		mov.L	#__ZZN6TactSw11getInstanceEvE8instance, 92[r0]
 747                             	.LBE115:
 748                             	.LBE114:
 749                             		.loc 1 30 0
 750 03fc FB 12 00 00 00 00       		mov.L	#__ZGVZN6TactSw11getInstanceEvE8instance, r1
 751                             	.LBB117:
 752                             	.LBB116:
  10:C:\Users\ryota\e2_studio\workspace\umouse\src\robot_object\tactsw.h ****     TactSw(TactSw&){on_time_msec = 0;};
 753                             		.loc 1 10 0
 754 0402 AD 8F                   		mov.L	92[r0], r7
 755 0404 D3 7A                   		mov.W	r10, [r7]
 756                             	.LBE116:
 757                             	.LBE117:
 758                             		.loc 1 30 0
 759 0406 05 00 00 00             		bsr	___cxa_guard_release
 760                             	.LVL84:
 761 040a FB 12 00 00 00 00       		mov.L	#__ZN6TactSwD1Ev, r1
 762 0410 AD 8A                   		mov.L	92[r0], r2
 763 0412 FB 32 00 00 00 00       		mov.L	#___dso_handle, r3
 764 0418 05 00 00 00             		bsr	___cxa_atexit
 765                             	.LVL85:
 766 041c 38 1D FC                		bra	.L9
 767                             	.LVL86:
 768                             	.L33:
 769                             	.LBE118:
 770                             	.LBE171:
 771                             	.LBB172:
 772                             	.LBB131:
  26:C:\Users\ryota\e2_studio\workspace\umouse\src\robot_object\fcled.h **** 		return instance;
 773                             		.loc 3 26 0
 774 041f FB 12 00 00 00 00       		mov.L	#__ZGVZN5FcLed11getInstanceEvE8instance, r1
 775 0425 E5 00 0C 17             		mov.L	48[r0], 92[r0]
 776 0429 05 00 00 00             		bsr	___cxa_guard_abort
 777                             	.LVL87:
 778 042d AD 89                   		mov.L	92[r0], r1
 779 042f F9 06 0B FF             		mov.L	#-1, 44[r0]
 780 0433 05 00 00 00             		bsr	__Unwind_SjLj_Resume
 781                             	.LVL88:
 782                             	.LBE131:
 783                             	.LBE172:
 784                             	.LBE174:
 785                             	.LFE741:
 786                             		.section	.gcc_except_table,"aw",@progbits
 787                             	.LLSDA741:
 788 0000 FF                      		.byte	0xff
 789 0001 FF                      		.byte	0xff
 790 0002 01                      		.byte	0x1
 791 0003 02                      		.uleb128 .LLSDACSE741-.LLSDACSB741
 792                             	.LLSDACSB741:
 793 0004 00                      		.uleb128 0
 794 0005 00                      		.uleb128 0
 795                             	.LLSDACSE741:
 796                             		.section P,"ax"
 798                             		.weak	__ZZN7Gamepad11getInstanceEvE8instance
 799                             		.section	.bss._ZZN7Gamepad11getInstanceEvE8instance,"awG",@nobits,_ZZN7Gamepad11getInstanceEvE8ins
 800                             		.balign 4
 803                             	__ZZN7Gamepad11getInstanceEvE8instance:
 804 0000 00 00 00 00 00 00 00 00 		.zero	68
 804      00 00 00 00 00 00 00 00 
 804      00 00 00 00 00 00 00 00 
 804      00 00 00 00 00 00 00 00 
 804      00 00 00 00 00 00 00 00 
 805                             		.weak	__ZZN5FcLed11getInstanceEvE8instance
 806                             		.section	.bss._ZZN5FcLed11getInstanceEvE8instance,"awG",@nobits,_ZZN5FcLed11getInstanceEvE8instanc
 807                             		.balign 4
 810                             	__ZZN5FcLed11getInstanceEvE8instance:
 811 0000 00 00 00 00 00 00 00 00 		.zero	36
 811      00 00 00 00 00 00 00 00 
 811      00 00 00 00 00 00 00 00 
 811      00 00 00 00 00 00 00 00 
 811      00 00 00 00 
 812                             		.weak	__ZZN6TactSw11getInstanceEvE8instance
 813                             		.section	.bss._ZZN6TactSw11getInstanceEvE8instance,"awG",@nobits,_ZZN6TactSw11getInstanceEvE8insta
 814                             		.balign 4
 817                             	__ZZN6TactSw11getInstanceEvE8instance:
 818 0000 00 00                   		.zero	2
 819                             		.weak	__ZGVZN7Gamepad11getInstanceEvE8instance
 820 0002 00 00                   		.section	.bss._ZGVZN7Gamepad11getInstanceEvE8instance,"awG",@nobits,_ZGVZN7Gamepad11getInstanceEvE
 821                             		.balign 4
 824                             	__ZGVZN7Gamepad11getInstanceEvE8instance:
 825 0000 00 00 00 00 00 00 00 00 		.zero	8
 826                             		.weak	__ZGVZN5FcLed11getInstanceEvE8instance
 827                             		.section	.bss._ZGVZN5FcLed11getInstanceEvE8instance,"awG",@nobits,_ZGVZN5FcLed11getInstanceEvE8ins
 828                             		.balign 4
 831                             	__ZGVZN5FcLed11getInstanceEvE8instance:
 832 0000 00 00 00 00 00 00 00 00 		.zero	8
 833                             		.weak	__ZGVZN6TactSw11getInstanceEvE8instance
 834                             		.section	.bss._ZGVZN6TactSw11getInstanceEvE8instance,"awG",@nobits,_ZGVZN6TactSw11getInstanceEvE8i
 835                             		.balign 4
 838                             	__ZGVZN6TactSw11getInstanceEvE8instance:
 839 0000 00 00 00 00 00 00 00 00 		.zero	8
 918                             	.Letext0:
 919                             		.file 5 "c:\\progra~2\\gccfor~2.201\\rx-elf\\rx-elf\\rx-elf\\include\\machine\\_default_types.h"
 920                             		.file 6 "c:\\progra~2\\gccfor~2.201\\rx-elf\\rx-elf\\rx-elf\\include\\stdint.h"
 921                             		.file 7 "c:\\progra~2\\gccfor~2.201\\rx-elf\\rx-elf\\rx-elf\\include\\c++\\4.8.0.201602-gnurx\\cwc
 922                             		.file 8 "c:\\progra~2\\gccfor~2.201\\rx-elf\\rx-elf\\rx-elf\\include\\c++\\4.8.0.201602-gnurx\\bit
 923                             		.file 9 "c:\\progra~2\\gccfor~2.201\\rx-elf\\rx-elf\\rx-elf\\include\\c++\\4.8.0.201602-gnurx\\rx-
 924                             		.file 10 "c:\\progra~2\\gccfor~2.201\\rx-elf\\rx-elf\\rx-elf\\include\\c++\\4.8.0.201602-gnurx\\cs
 925                             		.file 11 "c:\\progra~2\\gccfor~2.201\\rx-elf\\rx-elf\\rx-elf\\include\\c++\\4.8.0.201602-gnurx\\bi
 926                             		.file 12 "c:\\progra~2\\gccfor~2.201\\rx-elf\\rx-elf\\rx-elf\\include\\c++\\4.8.0.201602-gnurx\\cl
 927                             		.file 13 "c:\\progra~2\\gccfor~2.201\\rx-elf\\rx-elf\\rx-elf\\include\\c++\\4.8.0.201602-gnurx\\bi
 928                             		.file 14 "c:\\progra~2\\gccfor~2.201\\rx-elf\\rx-elf\\rx-elf\\include\\c++\\4.8.0.201602-gnurx\\bi
 929                             		.file 15 "c:\\progra~2\\gccfor~2.201\\rx-elf\\rx-elf\\rx-elf\\include\\c++\\4.8.0.201602-gnurx\\bi
 930                             		.file 16 "c:\\progra~2\\gccfor~2.201\\rx-elf\\rx-elf\\rx-elf\\include\\c++\\4.8.0.201602-gnurx\\ex
 931                             		.file 17 "c:\\progra~2\\gccfor~2.201\\rx-elf\\rx-elf\\rx-elf\\include\\c++\\4.8.0.201602-gnurx\\ex
 932                             		.file 18 "c:\\progra~2\\gccfor~2.201\\rx-elf\\rx-elf\\rx-elf\\include\\c++\\4.8.0.201602-gnurx\\bi
 933                             		.file 19 "c:\\progra~2\\gccfor~2.201\\rx-elf\\rx-elf\\rx-elf\\include\\c++\\4.8.0.201602-gnurx\\de
 934                             		.file 20 "c:\\progra~2\\gccfor~2.201\\rx-elf\\rx-elf\\lib\\gcc\\rx-elf\\4.8.0.201602-gnurx\\includ
 935                             		.file 21 "c:\\progra~2\\gccfor~2.201\\rx-elf\\rx-elf\\rx-elf\\include\\sys\\lock.h"
 936                             		.file 22 "c:\\progra~2\\gccfor~2.201\\rx-elf\\rx-elf\\rx-elf\\include\\sys\\_types.h"
 937                             		.file 23 "c:\\progra~2\\gccfor~2.201\\rx-elf\\rx-elf\\rx-elf\\include\\sys\\reent.h"
 938                             		.file 24 "c:\\progra~2\\gccfor~2.201\\rx-elf\\rx-elf\\lib\\gcc\\rx-elf\\4.8.0.201602-gnurx\\includ
 939                             		.file 25 "c:\\progra~2\\gccfor~2.201\\rx-elf\\rx-elf\\rx-elf\\include\\wchar.h"
 940                             		.file 26 "c:\\progra~2\\gccfor~2.201\\rx-elf\\rx-elf\\rx-elf\\include\\locale.h"
 941                             		.file 27 "c:\\progra~2\\gccfor~2.201\\rx-elf\\rx-elf\\rx-elf\\include\\c++\\4.8.0.201602-gnurx\\rx
 942                             		.file 28 "C:\\Users\\ryota\\e2_studio\\workspace\\umouse\\src\\robot_object/abcled.h"
 943                             		.file 29 "C:\\Users\\ryota\\e2_studio\\workspace\\umouse\\src\\umouse_object/sound.h"
 944                             		.file 30 "C:\\Users\\ryota\\e2_studio\\workspace\\umouse\\src\\peripheral/timer.h"
 945                             		.file 31 "C:\\Users\\ryota\\e2_studio\\workspace\\umouse\\src\\peripheral/uart.hpp"
 946                             		.file 32 "<built-in>"
 947                             		.file 33 "c:\\progra~2\\gccfor~2.201\\rx-elf\\rx-elf\\rx-elf\\include\\c++\\4.8.0.201602-gnurx\\bi
