   1                             		.file	"r_init_non_existent_port.cpp"
   2                             		.section P,"ax"
   3                             	.Ltext0:
   4                             		.global	__Z22R_INIT_NonExistentPortv
   6                             	__Z22R_INIT_NonExistentPortv:
   7                             	.LFB0:
   8                             		.file 1 "../src/peripheral/r_init_non_existent_port.cpp"
   1:../src/peripheral/r_init_non_existent_port.cpp **** /*******************************************************************************
   2:../src/peripheral/r_init_non_existent_port.cpp **** * DISCLAIMER
   3:../src/peripheral/r_init_non_existent_port.cpp **** * This software is supplied by Renesas Electronics Corporation and is only
   4:../src/peripheral/r_init_non_existent_port.cpp **** * intended for use with Renesas products. No other uses are authorized. This
   5:../src/peripheral/r_init_non_existent_port.cpp **** * software is owned by Renesas Electronics Corporation and is protected under
   6:../src/peripheral/r_init_non_existent_port.cpp **** * all applicable laws, including copyright laws.
   7:../src/peripheral/r_init_non_existent_port.cpp **** * THIS SOFTWARE IS PROVIDED "AS IS" AND RENESAS MAKES NO WARRANTIES REGARDING
   8:../src/peripheral/r_init_non_existent_port.cpp **** * THIS SOFTWARE, WHETHER EXPRESS, IMPLIED OR STATUTORY, INCLUDING BUT NOT
   9:../src/peripheral/r_init_non_existent_port.cpp **** * LIMITED TO WARRANTIES OF MERCHANTABILITY, FITNESS FOR A PARTICULAR PURPOSE
  10:../src/peripheral/r_init_non_existent_port.cpp **** * AND NON-INFRINGEMENT. ALL SUCH WARRANTIES ARE EXPRESSLY DISCLAIMED.
  11:../src/peripheral/r_init_non_existent_port.cpp **** * TO THE MAXIMUM EXTENT PERMITTED NOT PROHIBITED BY LAW, NEITHER RENESAS
  12:../src/peripheral/r_init_non_existent_port.cpp **** * ELECTRONICS CORPORATION NOR ANY OF ITS AFFILIATED COMPANIES SHALL BE LIABLE
  13:../src/peripheral/r_init_non_existent_port.cpp **** * FOR ANY DIRECT, INDIRECT, SPECIAL, INCIDENTAL OR CONSEQUENTIAL DAMAGES FOR
  14:../src/peripheral/r_init_non_existent_port.cpp **** * ANY REASON RELATED TO THIS SOFTWARE, EVEN IF RENESAS OR ITS AFFILIATES HAVE
  15:../src/peripheral/r_init_non_existent_port.cpp **** * BEEN ADVISED OF THE POSSIBILITY OF SUCH DAMAGES.
  16:../src/peripheral/r_init_non_existent_port.cpp **** * Renesas reserves the right, without notice, to make changes to this software
  17:../src/peripheral/r_init_non_existent_port.cpp **** * and to discontinue the availability of this software. By using this software,
  18:../src/peripheral/r_init_non_existent_port.cpp **** * you agree to the additional terms and conditions found by accessing the
  19:../src/peripheral/r_init_non_existent_port.cpp **** * following link:
  20:../src/peripheral/r_init_non_existent_port.cpp **** * http://www.renesas.com/disclaimer
  21:../src/peripheral/r_init_non_existent_port.cpp **** *
  22:../src/peripheral/r_init_non_existent_port.cpp **** * Copyright (C) 2014 Renesas Electronics Corporation. All rights reserved.
  23:../src/peripheral/r_init_non_existent_port.cpp **** *******************************************************************************/
  24:../src/peripheral/r_init_non_existent_port.cpp **** /*******************************************************************************
  25:../src/peripheral/r_init_non_existent_port.cpp **** * System Name  : RX71M initialization example
  26:../src/peripheral/r_init_non_existent_port.cpp **** * File Name    : r_init_non_existent_port.c
  27:../src/peripheral/r_init_non_existent_port.cpp **** * Version      : Ver 1.00
  28:../src/peripheral/r_init_non_existent_port.cpp **** * Device       : R5F571MLCxFC(RX71M Group)
  29:../src/peripheral/r_init_non_existent_port.cpp **** * Abstract     : Program example of RX71M initialization
  30:../src/peripheral/r_init_non_existent_port.cpp **** * Tool-Chain   : e2 studio Version 3.1.0.24
  31:../src/peripheral/r_init_non_existent_port.cpp **** *              : C/C++ Compiler Package for RX Family (V.2.02.00)
  32:../src/peripheral/r_init_non_existent_port.cpp **** * OS           : not use
  33:../src/peripheral/r_init_non_existent_port.cpp **** * H/W Platform : Renesas Starter Kit for RX71M
  34:../src/peripheral/r_init_non_existent_port.cpp **** * Description  : Initialization of non-existent ports.
  35:../src/peripheral/r_init_non_existent_port.cpp **** * Limitation   : none
  36:../src/peripheral/r_init_non_existent_port.cpp **** *******************************************************************************/
  37:../src/peripheral/r_init_non_existent_port.cpp **** /*******************************************************************************
  38:../src/peripheral/r_init_non_existent_port.cpp **** * History      : DD.MM.YYYY Version  Description
  39:../src/peripheral/r_init_non_existent_port.cpp **** *              : 05.01.2015 1.00     First Release
  40:../src/peripheral/r_init_non_existent_port.cpp **** *******************************************************************************/
  41:../src/peripheral/r_init_non_existent_port.cpp **** 
  42:../src/peripheral/r_init_non_existent_port.cpp **** /*******************************************************************************
  43:../src/peripheral/r_init_non_existent_port.cpp **** Includes <System Includes> , "Project Includes"
  44:../src/peripheral/r_init_non_existent_port.cpp **** *******************************************************************************/
  45:../src/peripheral/r_init_non_existent_port.cpp **** #include <stdint.h>
  46:../src/peripheral/r_init_non_existent_port.cpp **** #include "iodefine.h"
  47:../src/peripheral/r_init_non_existent_port.cpp **** #include "r_init_non_existent_port.h"
  48:../src/peripheral/r_init_non_existent_port.cpp **** 
  49:../src/peripheral/r_init_non_existent_port.cpp **** 
  50:../src/peripheral/r_init_non_existent_port.cpp **** /*******************************************************************************
  51:../src/peripheral/r_init_non_existent_port.cpp **** * Outline      : Initialization of non-existent ports
  52:../src/peripheral/r_init_non_existent_port.cpp **** * Header       : r_init_non_existent_port.h
  53:../src/peripheral/r_init_non_existent_port.cpp **** * Function Name: R_INIT_NonExistentPort
  54:../src/peripheral/r_init_non_existent_port.cpp **** * Description  : Initialize non-existent ports.
  55:../src/peripheral/r_init_non_existent_port.cpp **** * Arguments    : none
  56:../src/peripheral/r_init_non_existent_port.cpp **** * Return Value : none
  57:../src/peripheral/r_init_non_existent_port.cpp **** *******************************************************************************/
  58:../src/peripheral/r_init_non_existent_port.cpp **** void R_INIT_NonExistentPort (void)
  59:../src/peripheral/r_init_non_existent_port.cpp **** {
   9                             		.loc 1 59 0
  60:../src/peripheral/r_init_non_existent_port.cpp ****     /* PDR - Port Direction Register
  61:../src/peripheral/r_init_non_existent_port.cpp ****        0:Input(Function as an input pin.)
  62:../src/peripheral/r_init_non_existent_port.cpp ****        1:Output(Function as an output pin.)*/
  63:../src/peripheral/r_init_non_existent_port.cpp **** 
  64:../src/peripheral/r_init_non_existent_port.cpp **** #if (DEF_P0PDR != 0x00)
  65:../src/peripheral/r_init_non_existent_port.cpp ****     /* ---- Set the PORT0.PDR register ---- */
  66:../src/peripheral/r_init_non_existent_port.cpp ****     /* Casting the 8bit,because an operation result is 32bit. */
  67:../src/peripheral/r_init_non_existent_port.cpp ****     PORT0.PDR.BYTE = (uint8_t)(PORT0.PDR.BYTE | DEF_P0PDR);
  10                             		.loc 1 67 0
  11 0000 FB 4E 00 C0 08          		mov.L	#0x8c000, r4
  12 0005 CC 43                   		mov.B	[r4], r3
  68:../src/peripheral/r_init_non_existent_port.cpp **** #endif
  69:../src/peripheral/r_init_non_existent_port.cpp **** 
  70:../src/peripheral/r_init_non_existent_port.cpp **** #if (DEF_P1PDR != 0x00)
  71:../src/peripheral/r_init_non_existent_port.cpp ****     /* ---- Set the PORT1.PDR register ---- */
  72:../src/peripheral/r_init_non_existent_port.cpp ****     /* Casting the 8bit,because an operation result is 32bit. */
  73:../src/peripheral/r_init_non_existent_port.cpp ****     PORT1.PDR.BYTE = (uint8_t)(PORT1.PDR.BYTE | DEF_P1PDR);
  13                             		.loc 1 73 0
  14 0007 FB EE 01 C0 08          		mov.L	#0x8c001, r14
  67:../src/peripheral/r_init_non_existent_port.cpp **** #endif
  15                             		.loc 1 67 0
  16 000c 65 F3                   		or	#15, r3
  17 000e C3 43                   		mov.B	r3, [r4]
  18                             		.loc 1 73 0
  19 0010 CC E3                   		mov.B	[r14], r3
  74:../src/peripheral/r_init_non_existent_port.cpp **** #endif
  75:../src/peripheral/r_init_non_existent_port.cpp **** 
  76:../src/peripheral/r_init_non_existent_port.cpp **** #if (DEF_P2PDR != 0x00)
  77:../src/peripheral/r_init_non_existent_port.cpp ****     /* ---- Set the PORT2.PDR register ---- */
  78:../src/peripheral/r_init_non_existent_port.cpp ****     /* Casting the 8bit,because an operation result is 32bit. */
  79:../src/peripheral/r_init_non_existent_port.cpp ****     PORT2.PDR.BYTE = (uint8_t)(PORT2.PDR.BYTE | DEF_P2PDR);
  80:../src/peripheral/r_init_non_existent_port.cpp **** #endif
  81:../src/peripheral/r_init_non_existent_port.cpp **** 
  82:../src/peripheral/r_init_non_existent_port.cpp **** #if (DEF_P3PDR != 0x00)
  83:../src/peripheral/r_init_non_existent_port.cpp ****     /* ---- Set the PORT3.PDR register ---- */
  84:../src/peripheral/r_init_non_existent_port.cpp ****     /* Casting the 8bit,because an operation result is 32bit. */
  85:../src/peripheral/r_init_non_existent_port.cpp ****     PORT3.PDR.BYTE = (uint8_t)(PORT3.PDR.BYTE | DEF_P3PDR);
  86:../src/peripheral/r_init_non_existent_port.cpp **** #endif
  87:../src/peripheral/r_init_non_existent_port.cpp **** 
  88:../src/peripheral/r_init_non_existent_port.cpp **** #if (DEF_P4PDR != 0x00)
  89:../src/peripheral/r_init_non_existent_port.cpp ****     /* ---- Set the PORT4.PDR register ---- */
  90:../src/peripheral/r_init_non_existent_port.cpp ****     /* Casting the 8bit,because an operation result is 32bit. */
  91:../src/peripheral/r_init_non_existent_port.cpp ****     PORT4.PDR.BYTE = (uint8_t)(PORT4.PDR.BYTE | DEF_P4PDR);
  92:../src/peripheral/r_init_non_existent_port.cpp **** #endif
  93:../src/peripheral/r_init_non_existent_port.cpp **** 
  94:../src/peripheral/r_init_non_existent_port.cpp **** #if (DEF_P5PDR != 0x00)
  95:../src/peripheral/r_init_non_existent_port.cpp ****     /* ---- Set the PORT5.PDR register ---- */
  96:../src/peripheral/r_init_non_existent_port.cpp ****     /* Casting the 8bit,because an operation result is 32bit. */
  97:../src/peripheral/r_init_non_existent_port.cpp ****      PORT5.PDR.BYTE = (uint8_t)(PORT5.PDR.BYTE | DEF_P5PDR);
  20                             		.loc 1 97 0
  21 0012 FB 4E 05 C0 08          		mov.L	#0x8c005, r4
  73:../src/peripheral/r_init_non_existent_port.cpp **** #endif
  22                             		.loc 1 73 0
  23 0017 65 33                   		or	#3, r3
  24 0019 C3 E3                   		mov.B	r3, [r14]
  25                             		.loc 1 97 0
  26 001b CC 43                   		mov.B	[r4], r3
  98:../src/peripheral/r_init_non_existent_port.cpp ****  #endif
  99:../src/peripheral/r_init_non_existent_port.cpp **** 
 100:../src/peripheral/r_init_non_existent_port.cpp **** #if (DEF_P6PDR != 0x00)
 101:../src/peripheral/r_init_non_existent_port.cpp ****     /* ---- Set the PORT6.PDR register ---- */
 102:../src/peripheral/r_init_non_existent_port.cpp ****     /* Casting the 8bit,because an operation result is 32bit. */
 103:../src/peripheral/r_init_non_existent_port.cpp ****     PORT6.PDR.BYTE = (uint8_t)(PORT6.PDR.BYTE | DEF_P6PDR);
  27                             		.loc 1 103 0
  28 001d FB EE 06 C0 08          		mov.L	#0x8c006, r14
  97:../src/peripheral/r_init_non_existent_port.cpp ****  #endif
  29                             		.loc 1 97 0
  30 0022 78 63                   		bset #6, r3
  31 0024 C3 43                   		mov.B	r3, [r4]
  32                             		.loc 1 103 0
  33 0026 CC E4                   		mov.B	[r14], r4
 104:../src/peripheral/r_init_non_existent_port.cpp **** #endif
 105:../src/peripheral/r_init_non_existent_port.cpp **** 
 106:../src/peripheral/r_init_non_existent_port.cpp **** #if (DEF_P7PDR != 0x00)
 107:../src/peripheral/r_init_non_existent_port.cpp ****     /* ---- Set the PORT7.PDR register ---- */
 108:../src/peripheral/r_init_non_existent_port.cpp ****     /* Casting the 8bit,because an operation result is 32bit. */
 109:../src/peripheral/r_init_non_existent_port.cpp ****     PORT7.PDR.BYTE = (uint8_t)(PORT7.PDR.BYTE | DEF_P7PDR);
  34                             		.loc 1 109 0
  35 0028 FB 4E 07 C0 08          		mov.L	#0x8c007, r4
 103:../src/peripheral/r_init_non_existent_port.cpp **** #endif
  36                             		.loc 1 103 0
  37 002d F8 E4 FF                		mov.B	#-1, [r14]
  38                             		.loc 1 109 0
  39 0030 CC 4E                   		mov.B	[r4], r14
 110:../src/peripheral/r_init_non_existent_port.cpp **** #endif
 111:../src/peripheral/r_init_non_existent_port.cpp **** 
 112:../src/peripheral/r_init_non_existent_port.cpp **** #if (DEF_P8PDR != 0x00)
 113:../src/peripheral/r_init_non_existent_port.cpp ****     /* ---- Set the PORT8.PDR register ---- */
 114:../src/peripheral/r_init_non_existent_port.cpp ****     /* Casting the 8bit,because an operation result is 32bit. */
 115:../src/peripheral/r_init_non_existent_port.cpp ****     PORT8.PDR.BYTE = (uint8_t)(PORT8.PDR.BYTE | DEF_P8PDR);
  40                             		.loc 1 115 0
  41 0032 FB EE 08 C0 08          		mov.L	#0x8c008, r14
 109:../src/peripheral/r_init_non_existent_port.cpp **** #endif
  42                             		.loc 1 109 0
  43 0037 F8 44 FF                		mov.B	#-1, [r4]
  44                             		.loc 1 115 0
  45 003a CC E3                   		mov.B	[r14], r3
 116:../src/peripheral/r_init_non_existent_port.cpp **** #endif
 117:../src/peripheral/r_init_non_existent_port.cpp **** 
 118:../src/peripheral/r_init_non_existent_port.cpp **** #if (DEF_P9PDR != 0x00)
 119:../src/peripheral/r_init_non_existent_port.cpp ****     /* ---- Set the PORT9.PDR register ---- */
 120:../src/peripheral/r_init_non_existent_port.cpp ****     /* Casting the 8bit,because an operation result is 32bit. */
 121:../src/peripheral/r_init_non_existent_port.cpp ****     PORT9.PDR.BYTE = (uint8_t)(PORT9.PDR.BYTE | DEF_P9PDR);
  46                             		.loc 1 121 0
  47 003c FB 4E 09 C0 08          		mov.L	#0x8c009, r4
 115:../src/peripheral/r_init_non_existent_port.cpp **** #endif
  48                             		.loc 1 115 0
  49 0041 75 33 CF                		or	#-49, r3
  50 0044 C3 E3                   		mov.B	r3, [r14]
  51                             		.loc 1 121 0
  52 0046 CC 4E                   		mov.B	[r4], r14
 122:../src/peripheral/r_init_non_existent_port.cpp **** #endif
 123:../src/peripheral/r_init_non_existent_port.cpp **** 
 124:../src/peripheral/r_init_non_existent_port.cpp **** #if (DEF_PAPDR != 0x00)
 125:../src/peripheral/r_init_non_existent_port.cpp ****     /* ---- Set the PORTA.PDR register ---- */
 126:../src/peripheral/r_init_non_existent_port.cpp ****     /* Casting the 8bit,because an operation result is 32bit. */
 127:../src/peripheral/r_init_non_existent_port.cpp ****     PORTA.PDR.BYTE = (uint8_t)(PORTA.PDR.BYTE | DEF_PAPDR);
 128:../src/peripheral/r_init_non_existent_port.cpp **** #endif
 129:../src/peripheral/r_init_non_existent_port.cpp **** 
 130:../src/peripheral/r_init_non_existent_port.cpp **** #if (DEF_PBPDR != 0x00)
 131:../src/peripheral/r_init_non_existent_port.cpp ****     /* ---- Set the PORTB.PDR register ---- */
 132:../src/peripheral/r_init_non_existent_port.cpp ****     /* Casting the 8bit,because an operation result is 32bit. */
 133:../src/peripheral/r_init_non_existent_port.cpp ****     PORTB.PDR.BYTE = (uint8_t)(PORTB.PDR.BYTE | DEF_PBPDR);
 134:../src/peripheral/r_init_non_existent_port.cpp **** #endif
 135:../src/peripheral/r_init_non_existent_port.cpp **** 
 136:../src/peripheral/r_init_non_existent_port.cpp **** #if (DEF_PCPDR != 0x00)
 137:../src/peripheral/r_init_non_existent_port.cpp ****     /* ---- Set the PORTC.PDR register ---- */
 138:../src/peripheral/r_init_non_existent_port.cpp ****     /* Casting the 8bit,because an operation result is 32bit. */
 139:../src/peripheral/r_init_non_existent_port.cpp ****     PORTC.PDR.BYTE = (uint8_t)(PORTC.PDR.BYTE | DEF_PCPDR);
 140:../src/peripheral/r_init_non_existent_port.cpp **** #endif
 141:../src/peripheral/r_init_non_existent_port.cpp **** 
 142:../src/peripheral/r_init_non_existent_port.cpp **** #if (DEF_PDPDR != 0x00)
 143:../src/peripheral/r_init_non_existent_port.cpp ****     /* ---- Set the PORTD.PDR register ---- */
 144:../src/peripheral/r_init_non_existent_port.cpp ****     /* Casting the 8bit,because an operation result is 32bit. */
 145:../src/peripheral/r_init_non_existent_port.cpp ****     PORTD.PDR.BYTE = (uint8_t)(PORTD.PDR.BYTE | DEF_PDPDR);
 146:../src/peripheral/r_init_non_existent_port.cpp **** #endif
 147:../src/peripheral/r_init_non_existent_port.cpp **** 
 148:../src/peripheral/r_init_non_existent_port.cpp **** #if (DEF_PEPDR != 0x00)
 149:../src/peripheral/r_init_non_existent_port.cpp ****     /* ---- Set the PORTE.PDR register ---- */
 150:../src/peripheral/r_init_non_existent_port.cpp ****     /* Casting the 8bit,because an operation result is 32bit. */
 151:../src/peripheral/r_init_non_existent_port.cpp ****     PORTE.PDR.BYTE = (uint8_t)(PORTE.PER.BYTE | DEF_PEPDR);
 152:../src/peripheral/r_init_non_existent_port.cpp **** #endif
 153:../src/peripheral/r_init_non_existent_port.cpp **** 
 154:../src/peripheral/r_init_non_existent_port.cpp **** #if (DEF_PFPDR != 0x00)
 155:../src/peripheral/r_init_non_existent_port.cpp ****     /* ---- Set the PORTF.PDR register ---- */
 156:../src/peripheral/r_init_non_existent_port.cpp ****     /* Casting the 8bit,because an operation result is 32bit. */
 157:../src/peripheral/r_init_non_existent_port.cpp ****     PORTF.PDR.BYTE = (uint8_t)(PORTF.PDR.BYTE | DEF_PFPDR);
  53                             		.loc 1 157 0
  54 0048 FB EE 0F C0 08          		mov.L	#0x8c00f, r14
 121:../src/peripheral/r_init_non_existent_port.cpp **** #endif
  55                             		.loc 1 121 0
  56 004d F8 44 FF                		mov.B	#-1, [r4]
  57                             		.loc 1 157 0
  58 0050 CC E3                   		mov.B	[r14], r3
 158:../src/peripheral/r_init_non_existent_port.cpp **** #endif
 159:../src/peripheral/r_init_non_existent_port.cpp **** 
 160:../src/peripheral/r_init_non_existent_port.cpp **** #if (DEF_PGPDR != 0x00)
 161:../src/peripheral/r_init_non_existent_port.cpp ****     /* ---- Set the PORTG.PDR register ---- */
 162:../src/peripheral/r_init_non_existent_port.cpp ****     /* Casting the 8bit,because an operation result is 32bit. */
 163:../src/peripheral/r_init_non_existent_port.cpp ****     PORTG.PDR.BYTE = (uint8_t)(PORTG.PDR.BYTE | DEF_PGPDR);
  59                             		.loc 1 163 0
  60 0052 FB 4E 10 C0 08          		mov.L	#0x8c010, r4
 157:../src/peripheral/r_init_non_existent_port.cpp **** #endif
  61                             		.loc 1 157 0
  62 0057 75 33 3F                		or	#63, r3
  63 005a C3 E3                   		mov.B	r3, [r14]
  64                             		.loc 1 163 0
  65 005c CC 4E                   		mov.B	[r4], r14
 164:../src/peripheral/r_init_non_existent_port.cpp **** #endif
 165:../src/peripheral/r_init_non_existent_port.cpp **** 
 166:../src/peripheral/r_init_non_existent_port.cpp **** #if (DEF_PJPDR != 0x00)
 167:../src/peripheral/r_init_non_existent_port.cpp ****     /* ---- Set the PORTJ.PDR register ---- */
 168:../src/peripheral/r_init_non_existent_port.cpp ****     PORTJ.PDR.BYTE = (uint8_t)(PORTJ.PDR.BYTE | DEF_PJPDR);
  66                             		.loc 1 168 0
  67 005e FB EE 12 C0 08          		mov.L	#0x8c012, r14
 163:../src/peripheral/r_init_non_existent_port.cpp **** #endif
  68                             		.loc 1 163 0
  69 0063 F8 44 FF                		mov.B	#-1, [r4]
  70                             		.loc 1 168 0
  71 0066 F0 E5                   		bset #5, [r14].B
  72 0068 02                      		rts
  73                             	.LFE0:
 101                             	.Letext0:
 102                             		.file 2 "c:\\progra~2\\gccfor~2.201\\rx-elf\\rx-elf\\rx-elf\\include\\machine\\_default_types.h"
 103                             		.file 3 "c:\\progra~2\\gccfor~2.201\\rx-elf\\rx-elf\\rx-elf\\include\\stdint.h"
 104                             		.file 4 "../src/peripheral/iodefine.h"
