Archive member included because of file (symbol)

libumouse.a(abort.o)          ./src/main.o (abort)
libumouse.a(cxa_atexit.o)     ./src/main.o (__cxa_atexit)
libumouse.a(exit.o)           libumouse.a(abort.o) (_exit)
libumouse.a(memmove.o)        ./src/main.o (memmove)
libumouse.a(vsprintf.o)       ./src/peripheral/uart.o (vsprintf)
libumouse.a(wf_sqrt.o)        ./src/main.o (sqrtf)
libumouse.a(__atexit.o)       libumouse.a(cxa_atexit.o) (__register_exitproc)
libumouse.a(ef_sqrt.o)        libumouse.a(wf_sqrt.o) (__ieee754_sqrtf)
libumouse.a(errno.o)          libumouse.a(wf_sqrt.o) (__errno)
libumouse.a(impure.o)         libumouse.a(__atexit.o) (_global_impure_ptr)
libumouse.a(s_lib_ver.o)      libumouse.a(wf_sqrt.o) (__fdlib_version)
libumouse.a(s_matherr.o)      libumouse.a(wf_sqrt.o) (matherr)
libumouse.a(sf_fpclassify.o)  libumouse.a(wf_sqrt.o) (__fpclassifyf)
libumouse.a(svfprintf.o)      libumouse.a(vsprintf.o) (_svfprintf_r)
libumouse.a(dtoa.o)           libumouse.a(svfprintf.o) (_dtoa_r)
libumouse.a(locale.o)         libumouse.a(svfprintf.o) (_localeconv_r)
libumouse.a(mallocr.o)        libumouse.a(svfprintf.o) (_malloc_r)
libumouse.a(memchr.o)         libumouse.a(svfprintf.o) (memchr)
libumouse.a(memcpy.o)         libumouse.a(dtoa.o) (memcpy)
libumouse.a(memset.o)         libumouse.a(mallocr.o) (memset)
libumouse.a(mlock.o)          libumouse.a(mallocr.o) (__malloc_lock)
libumouse.a(mprec.o)          libumouse.a(dtoa.o) (_Balloc)
libumouse.a(sbrkr.o)          libumouse.a(mallocr.o) (_sbrk_r)
libumouse.a(strcmp.o)         libumouse.a(locale.o) (strcmp)
libumouse.a(strlen.o)         libumouse.a(svfprintf.o) (strlen)
libumouse.a(svfiprintf.o)     libumouse.a(svfprintf.o) (__ssputs_r)
libumouse.a(fiprintf.o)       libumouse.a(mallocr.o) (fiprintf)
libumouse.a(reent.o)          libumouse.a(sbrkr.o) (errno)
libumouse.a(sbrk.o)           libumouse.a(sbrkr.o) (sbrk)
libumouse.a(vfiprintf.o)      libumouse.a(fiprintf.o) (_vfiprintf_r)
libumouse.a(wsetup.o)         libumouse.a(vfiprintf.o) (__swsetup_r)
libumouse.a(findfp.o)         libumouse.a(vfiprintf.o) (__sinit)
libumouse.a(fputc.o)          libumouse.a(vfiprintf.o) (_fputc_r)
libumouse.a(fvwrite.o)        libumouse.a(vfiprintf.o) (__sfvwrite_r)
libumouse.a(fwalk.o)          libumouse.a(findfp.o) (_fwalk)
libumouse.a(makebuf.o)        libumouse.a(wsetup.o) (__smakebuf_r)
libumouse.a(putc.o)           libumouse.a(fputc.o) (_putc_r)
libumouse.a(stdio.o)          libumouse.a(findfp.o) (__sread)
libumouse.a(wbuf.o)           libumouse.a(putc.o) (__swbuf_r)
libumouse.a(writer.o)         libumouse.a(stdio.o) (_write_r)
libumouse.a(closer.o)         libumouse.a(stdio.o) (_close_r)
libumouse.a(fclose.o)         libumouse.a(findfp.o) (_fclose_r)
libumouse.a(fflush.o)         libumouse.a(fvwrite.o) (_fflush_r)
libumouse.a(fstatr.o)         libumouse.a(makebuf.o) (_fstat_r)
libumouse.a(isattyr.o)        libumouse.a(makebuf.o) (_isatty_r)
libumouse.a(lseekr.o)         libumouse.a(stdio.o) (_lseek_r)
libumouse.a(readr.o)          libumouse.a(stdio.o) (_read_r)
libumouse.a(write.o)          libumouse.a(writer.o) (write)
libumouse.a(close.o)          libumouse.a(closer.o) (close)
libumouse.a(fstat.o)          libumouse.a(fstatr.o) (fstat)
libumouse.a(isatty.o)         libumouse.a(isattyr.o) (isatty)
libumouse.a(lseek.o)          libumouse.a(lseekr.o) (lseek)
libumouse.a(read.o)           libumouse.a(readr.o) (read)
C:\PROGRA~2\GCCFOR~2.201\rx-elf\rx-elf/lib/gcc/rx-elf/4.8.0.201602-GNURX\libgcc.a(_fixsfdi.o)
                              ./src/umouse_object/sound.o (__fixsfdi)
C:\PROGRA~2\GCCFOR~2.201\rx-elf\rx-elf/lib/gcc/rx-elf/4.8.0.201602-GNURX\libgcc.a(_fixunssfdi.o)
                              C:\PROGRA~2\GCCFOR~2.201\rx-elf\rx-elf/lib/gcc/rx-elf/4.8.0.201602-GNURX\libgcc.a(_fixsfdi.o) (__fixunssfdi)
C:\PROGRA~2\GCCFOR~2.201\rx-elf\rx-elf/lib/gcc/rx-elf/4.8.0.201602-GNURX\libgcc.a(_floatdisf.o)
                              ./src/umouse_object/sound.o (__floatdisf)
C:\PROGRA~2\GCCFOR~2.201\rx-elf\rx-elf/lib/gcc/rx-elf/4.8.0.201602-GNURX\libgcc.a(_umoddi3.o)
                              ./src/main.o (__umoddi3)
C:\PROGRA~2\GCCFOR~2.201\rx-elf\rx-elf/lib/gcc/rx-elf/4.8.0.201602-GNURX\libgcc.a(unwind-sjlj.o)
                              ./src/main.o (_Unwind_SjLj_Register)
C:\PROGRA~2\GCCFOR~2.201\rx-elf\rx-elf/lib/gcc/rx-elf/4.8.0.201602-GNURX\libgcc.a(_clz.o)
                              C:\PROGRA~2\GCCFOR~2.201\rx-elf\rx-elf/lib/gcc/rx-elf/4.8.0.201602-GNURX\libgcc.a(_floatdisf.o) (__clz_tab)
C:\PROGRA~2\GCCFOR~2.201\rx-elf\rx-elf/rx-elf/lib\libstdc++.a(eh_throw.o)
                              ./src/main.o (__cxa_rethrow)
C:\PROGRA~2\GCCFOR~2.201\rx-elf\rx-elf/rx-elf/lib\libstdc++.a(guard.o)
                              ./src/main.o (__cxa_guard_acquire)
C:\PROGRA~2\GCCFOR~2.201\rx-elf\rx-elf/rx-elf/lib\libstdc++.a(del_op.o)
[...]
Memory Configuration

Name             Origin             Length             Attributes
RAM              0x00000000         0x00080000
ROM              0xffc00000         0x00400000
OFS              0x00120000         0x00000100
*default*        0x00000000         0xffffffff

Linker script and memory map


.fvectors       0xfffffffc        0x4
 *(.fvectors)
 .fvectors      0xfffffffc        0x4 ./src/other/vector_table.o
                0xfffffffc                HardwareVectors

.exvectors      0xffffff80       0x7c
 *(.exvectors)
 .exvectors     0xffffff80       0x7c ./src/other/vector_table.o
                0xffffff80                ExceptVectors

.text           0xffc00000    0x1e6f2
 *(.text)
 .text          0xffc00000       0xc9 ./src/other/reset_program.o
                0xffc00000                PowerON_Reset
                0xffc00070                rx_run_preinit_array
                0xffc00084                rx_run_init_array
                0xffc0009a                rx_run_fini_array
 *(.text.*)
 .text._ZN9Icm20608GD2Ev
                0xffc000c9        0x1 ./src/main.o
                0xffc000c9                Icm20608G::~Icm20608G()
                0xffc000c9                Icm20608G::~Icm20608G()
 .text._ZN7MPU9250D2Ev
                0xffc000ca        0x1 ./src/main.o
                0xffc000ca                MPU9250::~MPU9250()
                0xffc000ca                MPU9250::~MPU9250()
 .text._ZN6TactSwD2Ev
                0xffc000cb        0x1 ./src/main.o
                0xffc000cb                TactSw::~TactSw()
                0xffc000cb                TactSw::~TactSw()
 .text._ZN6UMouseD2Ev
                0xffc000cc        0x1 ./src/main.o
                0xffc000cc                UMouse::~UMouse()
                0xffc000cc                UMouse::~UMouse()
 .text._ZN7GamepadD2Ev
                0xffc000cd        0x1 ./src/main.o
                0xffc000cd                Gamepad::~Gamepad()
                0xffc000cd                Gamepad::~Gamepad()
 .text._ZN5FcLedD2Ev
                0xffc000ce       0x41 ./src/main.o
                0xffc000ce                FcLed::~FcLed()
                0xffc000ce                FcLed::~FcLed()
 *fill*         0xffc0010f        0x1 
 .text._ZN9EventListD2Ev
                0xffc00110       0x30 ./src/main.o
                0xffc00110                EventList::~EventList()
                0xffc00110                EventList::~EventList()
 .text._ZN10WallSensorD2Ev
                0xffc00140       0x80 ./src/main.o
                0xffc00140                WallSensor::~WallSensor()
                0xffc00140                WallSensor::~WallSensor()
 .text._ZN5FcLed11getInstanceEv
                0xffc001c0       0xd0 ./src/main.o
                0xffc001c0                FcLed::getInstance()
 .text.startup  0xffc00290      0x1e8 ./src/main.o
                0xffc00290                main
 .text._ZNSt11_Deque_baseIsSaIsEED2Ev
                0xffc00478       0x30 ./src/main.o
                0xffc00478                std::_Deque_base<short, std::allocator<short> >::~_Deque_base()
                0xffc00478                std::_Deque_base<short, std::allocator<short> >::~_Deque_base()
 .text._ZNSt11_Deque_baseIP13BaseMoveEventSaIS1_EE17_M_initialize_mapEm
                0xffc004a8      0x140 ./src/main.o
                0xffc004a8                std::_Deque_base<BaseMoveEvent*, std::allocator<BaseMoveEvent*> >::_M_initialize_map(unsigned long)
 .text._ZNSt5dequeIsSaIsEE17_M_reallocate_mapEmb
                0xffc005e8       0xf0 ./src/main.o
                0xffc005e8                std::deque<short, std::allocator<short> >::_M_reallocate_map(unsigned long, bool)
 .text._ZN4Stop5isEndEv
                0xffc006d8        0xb ./src/mode/mode_B.o
                0xffc006d8                Stop::isEnd()
 *fill*         0xffc006e3        0x5 
 .text._ZN11SimpleTrape5isEndEv
                0xffc006e8      0x210 ./src/mode/mode_B.o
                0xffc006e8                SimpleTrape::isEnd()
 .text._ZN11SimpleTrape8calcDutyEv
                0xffc008f8      0x440 ./src/mode/mode_B.o
                0xffc008f8                SimpleTrape::calcDuty()
 .text._ZN4Stop8calcDutyEv
                0xffc00d38      0x380 ./src/mode/mode_B.o
                0xffc00d38                Stop::calcDuty()
 .text._ZNSt5dequeIP13BaseMoveEventSaIS1_EE17_M_reallocate_mapEmb
                0xffc010b8       0xf0 ./src/mode/mode_B.o
                0xffc010b8                std::deque<BaseMoveEvent*, std::allocator<BaseMoveEvent*> >::_M_reallocate_map(unsigned long, bool)
 .text._ZNSt5queueIhSt5dequeIhSaIhEEED2Ev
                0xffc011a8       0x30 ./src/peripheral/uart.o
                0xffc011a8                std::queue<unsigned char, std::deque<unsigned char, std::allocator<unsigned char> > >::~queue()
                0xffc011a8                std::queue<unsigned char, std::deque<unsigned char, std::allocator<unsigned char> > >::~queue()
 .text._ZNSt11_Deque_baseIhSaIhEED2Ev
                0xffc011d8       0x30 ./src/peripheral/uart.o
                0xffc011d8                std::_Deque_base<unsigned char, std::allocator<unsigned char> >::~_Deque_base()
                0xffc011d8                std::_Deque_base<unsigned char, std::allocator<unsigned char> >::~_Deque_base()
 .text._ZNSt11_Deque_baseIhSaIhEE17_M_initialize_mapEm
                0xffc01208      0x140 ./src/peripheral/uart.o
                0xffc01208                std::_Deque_base<unsigned char, std::allocator<unsigned char> >::_M_initialize_map(unsigned long)
 .text._ZNSt11_Deque_baseIhSaIhEEC2EOS1_
                0xffc01348       0x88 ./src/peripheral/uart.o
                0xffc01348                std::_Deque_base<unsigned char, std::allocator<unsigned char> >::_Deque_base(std::_Deque_base<unsigned char, std::allocator<unsigned char> >&&)
                0xffc01348                std::_Deque_base<unsigned char, std::allocator<unsigned char> >::_Deque_base(std::_Deque_base<unsigned char, std::allocator<unsigned char> >&&)
 .text._ZNSt5dequeIhSaIhEE17_M_reallocate_mapEmb
                0xffc013d0       0xf0 ./src/peripheral/uart.o
                0xffc013d0                std::deque<unsigned char, std::allocator<unsigned char> >::_M_reallocate_map(unsigned long, bool)
 .text.startup  0xffc014c0       0xe6 ./src/peripheral/uart.o
 *fill*         0xffc015a6        0x2 
 .text._ZNSt5queueIPFvvESt5dequeIS1_SaIS1_EEED2Ev
                0xffc015a8       0x30 ./src/umouse_object/sound.o
                0xffc015a8                std::queue<void (*)(), std::deque<void (*)(), std::allocator<void (*)()> > >::~queue()
                0xffc015a8                std::queue<void (*)(), std::deque<void (*)(), std::allocator<void (*)()> > >::~queue()
 .text._ZN12SoundManagerD2Ev
                0xffc015d8       0x48 ./src/umouse_object/sound.o
                0xffc015d8                SoundManager::~SoundManager()
                0xffc015d8                SoundManager::~SoundManager()
 .text._ZNSt11_Deque_baseI4NoteSaIS0_EED2Ev
                0xffc01620       0x30 ./src/umouse_object/sound.o
                0xffc01620                std::_Deque_base<Note, std::allocator<Note> >::~_Deque_base()
                0xffc01620                std::_Deque_base<Note, std::allocator<Note> >::~_Deque_base()
 .text._ZNSt11_Deque_baseIPFvvESaIS1_EED2Ev
                0xffc01650       0x30 ./src/umouse_object/sound.o
                0xffc01650                std::_Deque_base<void (*)(), std::allocator<void (*)()> >::~_Deque_base()
                0xffc01650                std::_Deque_base<void (*)(), std::allocator<void (*)()> >::~_Deque_base()
 .text._ZNSt11_Deque_baseI4NoteSaIS0_EE17_M_initialize_mapEm
                0xffc01680      0x140 ./src/umouse_object/sound.o
                0xffc01680                std::_Deque_base<Note, std::allocator<Note> >::_M_initialize_map(unsigned long)
 .text._ZN12SoundManagerC2Ev
                0xffc017c0      0x2c8 ./src/umouse_object/sound.o
                0xffc017c0                SoundManager::SoundManager()
                0xffc017c0                SoundManager::SoundManager()
 .text._ZNSt11_Deque_baseIPFvvESaIS1_EE17_M_initialize_mapEm
                0xffc01a88      0x140 ./src/umouse_object/sound.o
                0xffc01a88                std::_Deque_base<void (*)(), std::allocator<void (*)()> >::_M_initialize_map(unsigned long)
 .text.startup  0xffc01bc8      0x160 ./src/umouse_object/sound.o
 .text._ZL23__gxx_exception_cleanup19_Unwind_Reason_CodeP17_Unwind_Exception
                0xffc01d28       0x28 C:\PROGRA~2\GCCFOR~2.201\rx-elf\rx-elf/rx-elf/lib\libstdc++.a(eh_throw.o)
 .text.__cxa_throw
                0xffc01d50       0x58 C:\PROGRA~2\GCCFOR~2.201\rx-elf\rx-elf/rx-elf/lib\libstdc++.a(eh_throw.o)
                0xffc01d50                __cxa_throw
 .text.__cxa_rethrow
                0xffc01da8       0x50 C:\PROGRA~2\GCCFOR~2.201\rx-elf\rx-elf/rx-elf/lib\libstdc++.a(eh_throw.o)
                0xffc01da8                __cxa_rethrow
 .text.__cxa_guard_acquire
                0xffc01df8       0x31 C:\PROGRA~2\GCCFOR~2.201\rx-elf\rx-elf/rx-elf/lib\libstdc++.a(guard.o)
                0xffc01df8                __cxa_guard_acquire
 .text.__cxa_guard_abort
                0xffc01e29        0x4 C:\PROGRA~2\GCCFOR~2.201\rx-elf\rx-elf/rx-elf/lib\libstdc++.a(guard.o)
                0xffc01e29                __cxa_guard_abort
 .text.__cxa_guard_release
                0xffc01e2d        0x7 C:\PROGRA~2\GCCFOR~2.201\rx-elf\rx-elf/rx-elf/lib\libstdc++.a(guard.o)
                0xffc01e2d                __cxa_guard_release
 .text._ZdlPv   0xffc01e34        0x8 C:\PROGRA~2\GCCFOR~2.201\rx-elf\rx-elf/rx-elf/lib\libstdc++.a(del_op.o)
                0xffc01e34                operator delete(void*)
 *fill*         0xffc01e3c        0x4 
 .text._ZL12read_sleb128PKhPl
                0xffc01e40       0x38 C:\PROGRA~2\GCCFOR~2.201\rx-elf\rx-elf/rx-elf/lib\libstdc++.a(eh_personality.o)
 .text._ZL16get_adjusted_ptrPKSt9type_infoS1_PPv
                0xffc01e78       0x38 C:\PROGRA~2\GCCFOR~2.201\rx-elf\rx-elf/rx-elf/lib\libstdc++.a(eh_personality.o)
 .text._ZL28read_encoded_value_with_basehjPKhPj
                0xffc01eb0       0xb0 C:\PROGRA~2\GCCFOR~2.201\rx-elf\rx-elf/rx-elf/lib\libstdc++.a(eh_personality.o)
 .text._ZL15get_ttype_entryP16lsda_header_infom
                0xffc01f60       0x80 C:\PROGRA~2\GCCFOR~2.201\rx-elf\rx-elf/rx-elf/lib\libstdc++.a(eh_personality.o)
 .text._ZL20check_exception_specP16lsda_header_infoPKSt9type_infoPvl
                0xffc01fe0       0x58 C:\PROGRA~2\GCCFOR~2.201\rx-elf\rx-elf/rx-elf/lib\libstdc++.a(eh_personality.o)
 .text._ZL21base_of_encoded_valuehP15_Unwind_Context
                0xffc02038       0x48 C:\PROGRA~2\GCCFOR~2.201\rx-elf\rx-elf/rx-elf/lib\libstdc++.a(eh_personality.o)
 .text._ZL17parse_lsda_headerP15_Unwind_ContextPKhP16lsda_header_info
                0xffc02080       0xa0 C:\PROGRA~2\GCCFOR~2.201\rx-elf\rx-elf/rx-elf/lib\libstdc++.a(eh_personality.o)
 .text.__gxx_personality_sj0
                0xffc02120      0x370 C:\PROGRA~2\GCCFOR~2.201\rx-elf\rx-elf/rx-elf/lib\libstdc++.a(eh_personality.o)
                0xffc02120                __gxx_personality_sj0
 .text.__cxa_call_unexpected
                0xffc02490       0xf8 C:\PROGRA~2\GCCFOR~2.201\rx-elf\rx-elf/rx-elf/lib\libstdc++.a(eh_personality.o)
                0xffc02490                __cxa_call_unexpected
 .text._ZN9__gnu_cxx20recursive_init_errorD2Ev
                0xffc02588        0xa C:\PROGRA~2\GCCFOR~2.201\rx-elf\rx-elf/rx-elf/lib\libstdc++.a(guard_error.o)
                0xffc02588                __gnu_cxx::recursive_init_error::~recursive_init_error()
                0xffc02588                __gnu_cxx::recursive_init_error::~recursive_init_error()
 .text._ZN9__gnu_cxx20recursive_init_errorD0Ev
                0xffc02592       0x16 C:\PROGRA~2\GCCFOR~2.201\rx-elf\rx-elf/rx-elf/lib\libstdc++.a(guard_error.o)
                0xffc02592                __gnu_cxx::recursive_init_error::~recursive_init_error()
 .text._ZN10__cxxabiv120__si_class_type_infoD2Ev
                0xffc025a8        0xa C:\PROGRA~2\GCCFOR~2.201\rx-elf\rx-elf/rx-elf/lib\libstdc++.a(si_class_type_info.o)
                0xffc025a8                __cxxabiv1::__si_class_type_info::~__si_class_type_info()
                0xffc025a8                __cxxabiv1::__si_class_type_info::~__si_class_type_info()
 .text._ZN10__cxxabiv120__si_class_type_infoD0Ev
                0xffc025b2       0x16 C:\PROGRA~2\GCCFOR~2.201\rx-elf\rx-elf/rx-elf/lib\libstdc++.a(si_class_type_info.o)
                0xffc025b2                __cxxabiv1::__si_class_type_info::~__si_class_type_info()
 .text._ZNK10__cxxabiv120__si_class_type_info12__do_dyncastElNS_17__class_type_info10__sub_kindEPKS1_PKvS4_S6_RNS1_16__dyncast_resultE
                0xffc025c8       0xb8 C:\PROGRA~2\GCCFOR~2.201\rx-elf\rx-elf/rx-elf/lib\libstdc++.a(si_class_type_info.o)
                0xffc025c8                __cxxabiv1::__si_class_type_info::__do_dyncast(long, __cxxabiv1::__class_type_info::__sub_kind, __cxxabiv1::__class_type_info const*, void const*, __cxxabiv1::__class_type_info const*, void const*, __cxxabiv1::__class_type_info::__dyncast_result&) const
 .text._ZNK10__cxxabiv120__si_class_type_info20__do_find_public_srcElPKvPKNS_17__class_type_infoES2_
                0xffc02680       0x50 C:\PROGRA~2\GCCFOR~2.201\rx-elf\rx-elf/rx-elf/lib\libstdc++.a(si_class_type_info.o)
                0xffc02680                __cxxabiv1::__si_class_type_info::__do_find_public_src(long, void const*, __cxxabiv1::__class_type_info const*, void const*) const
 .text._ZNK10__cxxabiv120__si_class_type_info11__do_upcastEPKNS_17__class_type_infoEPKvRNS1_15__upcast_resultE
                0xffc026d0       0x30 C:\PROGRA~2\GCCFOR~2.201\rx-elf\rx-elf/rx-elf/lib\libstdc++.a(si_class_type_info.o)
                0xffc026d0                __cxxabiv1::__si_class_type_info::__do_upcast(__cxxabiv1::__class_type_info const*, void const*, __cxxabiv1::__class_type_info::__upcast_result&) const
 .text._ZN9__gnu_cxx27__verbose_terminate_handlerEv
                0xffc02700      0x1c0 C:\PROGRA~2\GCCFOR~2.201\rx-elf\rx-elf/rx-elf/lib\libstdc++.a(vterminate.o)
                0xffc02700                __gnu_cxx::__verbose_terminate_handler()
 .text.__cxa_call_terminate
                0xffc028c0       0x38 C:\PROGRA~2\GCCFOR~2.201\rx-elf\rx-elf/rx-elf/lib\libstdc++.a(eh_call.o)
                0xffc028c0                __cxa_call_terminate
 .text.__cxa_get_exception_ptr
                0xffc028f8        0x6 C:\PROGRA~2\GCCFOR~2.201\rx-elf\rx-elf/rx-elf/lib\libstdc++.a(eh_catch.o)
                0xffc028f8                __cxa_get_exception_ptr
 *fill*         0xffc028fe        0x2 
 .text.__cxa_begin_catch
                0xffc02900       0x60 C:\PROGRA~2\GCCFOR~2.201\rx-elf\rx-elf/rx-elf/lib\libstdc++.a(eh_catch.o)
                0xffc02900                __cxa_begin_catch
 .text.__cxa_end_catch
                0xffc02960       0x68 C:\PROGRA~2\GCCFOR~2.201\rx-elf\rx-elf/rx-elf/lib\libstdc++.a(eh_catch.o)
                0xffc02960                __cxa_end_catch
 .text._ZSt18uncaught_exceptionv
                0xffc029c8        0xc C:\PROGRA~2\GCCFOR~2.201\rx-elf\rx-elf/rx-elf/lib\libstdc++.a(eh_catch.o)
                0xffc029c8                std::uncaught_exception()
 .text.__cxa_pure_virtual
                0xffc029d4       0x13 C:\PROGRA~2\GCCFOR~2.201\rx-elf\rx-elf/rx-elf/lib\libstdc++.a(pure.o)
                0xffc029d4                __cxa_pure_virtual
 .text.__cxa_deleted_virtual
                0xffc029e7       0x13 C:\PROGRA~2\GCCFOR~2.201\rx-elf\rx-elf/rx-elf/lib\libstdc++.a(pure.o)
                0xffc029e7                __cxa_deleted_virtual
 .text._ZNSt9exceptionD2Ev
                0xffc029fa        0x7 C:\PROGRA~2\GCCFOR~2.201\rx-elf\rx-elf/rx-elf/lib\libstdc++.a(eh_exception.o)
                0xffc029fa                std::exception::~exception()
                0xffc029fa                std::exception::~exception()
 .text._ZNSt13bad_exceptionD2Ev
                0xffc02a01        0x7 C:\PROGRA~2\GCCFOR~2.201\rx-elf\rx-elf/rx-elf/lib\libstdc++.a(eh_exception.o)
                0xffc02a01                std::bad_exception::~bad_exception()
                0xffc02a01                std::bad_exception::~bad_exception()
 .text._ZN10__cxxabiv115__forced_unwindD2Ev
                0xffc02a08        0x7 C:\PROGRA~2\GCCFOR~2.201\rx-elf\rx-elf/rx-elf/lib\libstdc++.a(eh_exception.o)
                0xffc02a08                __cxxabiv1::__forced_unwind::~__forced_unwind()
                0xffc02a08                __cxxabiv1::__forced_unwind::~__forced_unwind()
 .text._ZN10__cxxabiv119__foreign_exceptionD2Ev
                0xffc02a0f        0x7 C:\PROGRA~2\GCCFOR~2.201\rx-elf\rx-elf/rx-elf/lib\libstdc++.a(eh_exception.o)
                0xffc02a0f                __cxxabiv1::__foreign_exception::~__foreign_exception()
                0xffc02a0f                __cxxabiv1::__foreign_exception::~__foreign_exception()
 .text._ZNKSt9exception4whatEv
                0xffc02a16        0x7 C:\PROGRA~2\GCCFOR~2.201\rx-elf\rx-elf/rx-elf/lib\libstdc++.a(eh_exception.o)
                0xffc02a16                std::exception::what() const
 .text._ZNKSt13bad_exception4whatEv
                0xffc02a1d        0x7 C:\PROGRA~2\GCCFOR~2.201\rx-elf\rx-elf/rx-elf/lib\libstdc++.a(eh_exception.o)
                0xffc02a1d                std::bad_exception::what() const
 .text._ZNSt9exceptionD0Ev
                0xffc02a24        0xa C:\PROGRA~2\GCCFOR~2.201\rx-elf\rx-elf/rx-elf/lib\libstdc++.a(eh_exception.o)
                0xffc02a24                std::exception::~exception()
 .text._ZNSt13bad_exceptionD0Ev
                0xffc02a2e        0xa C:\PROGRA~2\GCCFOR~2.201\rx-elf\rx-elf/rx-elf/lib\libstdc++.a(eh_exception.o)
                0xffc02a2e                std::bad_exception::~bad_exception()
 .text._ZN10__cxxabiv115__forced_unwindD0Ev
                0xffc02a38        0xa C:\PROGRA~2\GCCFOR~2.201\rx-elf\rx-elf/rx-elf/lib\libstdc++.a(eh_exception.o)
                0xffc02a38                __cxxabiv1::__forced_unwind::~__forced_unwind()
 .text._ZN10__cxxabiv119__foreign_exceptionD0Ev
                0xffc02a42        0xa C:\PROGRA~2\GCCFOR~2.201\rx-elf\rx-elf/rx-elf/lib\libstdc++.a(eh_exception.o)
                0xffc02a42                __cxxabiv1::__foreign_exception::~__foreign_exception()
 *fill*         0xffc02a4c        0x4 
 .text._Znwm    0xffc02a50       0xb0 C:\PROGRA~2\GCCFOR~2.201\rx-elf\rx-elf/rx-elf/lib\libstdc++.a(new_op.o)
                0xffc02a50                operator new(unsigned long)
 .text._ZN10__cxxabiv111__terminateEPFvvE
                0xffc02b00       0x76 C:\PROGRA~2\GCCFOR~2.201\rx-elf\rx-elf/rx-elf/lib\libstdc++.a(eh_terminate.o)
                0xffc02b00                __cxxabiv1::__terminate(void (*)())
 .text._ZSt9terminatev
                0xffc02b76        0xc C:\PROGRA~2\GCCFOR~2.201\rx-elf\rx-elf/rx-elf/lib\libstdc++.a(eh_terminate.o)
                0xffc02b76                std::terminate()
 .text._ZN10__cxxabiv112__unexpectedEPFvvE
                0xffc02b82        0x6 C:\PROGRA~2\GCCFOR~2.201\rx-elf\rx-elf/rx-elf/lib\libstdc++.a(eh_terminate.o)
                0xffc02b82                __cxxabiv1::__unexpected(void (*)())
 .text._ZSt10unexpectedv
                0xffc02b88        0xc C:\PROGRA~2\GCCFOR~2.201\rx-elf\rx-elf/rx-elf/lib\libstdc++.a(eh_terminate.o)
                0xffc02b88                std::unexpected()
 .text._ZSt13set_terminatePFvvE
                0xffc02b94        0xb C:\PROGRA~2\GCCFOR~2.201\rx-elf\rx-elf/rx-elf/lib\libstdc++.a(eh_terminate.o)
                0xffc02b94                std::set_terminate(void (*)())
 .text._ZSt14set_unexpectedPFvvE
                0xffc02b9f        0xb C:\PROGRA~2\GCCFOR~2.201\rx-elf\rx-elf/rx-elf/lib\libstdc++.a(eh_terminate.o)
                0xffc02b9f                std::set_unexpected(void (*)())
 *fill*         0xffc02baa        0x6 
 .text.__cxa_allocate_exception
                0xffc02bb0       0x50 C:\PROGRA~2\GCCFOR~2.201\rx-elf\rx-elf/rx-elf/lib\libstdc++.a(eh_alloc.o)
                0xffc02bb0                __cxa_allocate_exception
 .text.__cxa_free_exception
                0xffc02c00       0x38 C:\PROGRA~2\GCCFOR~2.201\rx-elf\rx-elf/rx-elf/lib\libstdc++.a(eh_alloc.o)
                0xffc02c00                __cxa_free_exception
 .text.__cxa_allocate_dependent_exception
                0xffc02c38       0x48 C:\PROGRA~2\GCCFOR~2.201\rx-elf\rx-elf/rx-elf/lib\libstdc++.a(eh_alloc.o)
                0xffc02c38                __cxa_allocate_dependent_exception
 .text.__cxa_free_dependent_exception
                0xffc02c80       0x40 C:\PROGRA~2\GCCFOR~2.201\rx-elf\rx-elf/rx-elf/lib\libstdc++.a(eh_alloc.o)
                0xffc02c80                __cxa_free_dependent_exception
 .text._ZNK10__cxxabiv117__class_type_info11__do_upcastEPKS0_PPv
                0xffc02cc0       0x36 C:\PROGRA~2\GCCFOR~2.201\rx-elf\rx-elf/rx-elf/lib\libstdc++.a(class_type_info.o)
                0xffc02cc0                __cxxabiv1::__class_type_info::__do_upcast(__cxxabiv1::__class_type_info const*, void**) const
 .text._ZNK10__cxxabiv117__class_type_info20__do_find_public_srcElPKvPKS0_S2_
                0xffc02cf6        0xe C:\PROGRA~2\GCCFOR~2.201\rx-elf\rx-elf/rx-elf/lib\libstdc++.a(class_type_info.o)
                0xffc02cf6                __cxxabiv1::__class_type_info::__do_find_public_src(long, void const*, __cxxabiv1::__class_type_info const*, void const*) const
 .text._ZN10__cxxabiv117__class_type_infoD2Ev
                0xffc02d04        0xa C:\PROGRA~2\GCCFOR~2.201\rx-elf\rx-elf/rx-elf/lib\libstdc++.a(class_type_info.o)
                0xffc02d04                __cxxabiv1::__class_type_info::~__class_type_info()
                0xffc02d04                __cxxabiv1::__class_type_info::~__class_type_info()
 .text._ZN10__cxxabiv117__class_type_infoD0Ev
                0xffc02d0e       0x16 C:\PROGRA~2\GCCFOR~2.201\rx-elf\rx-elf/rx-elf/lib\libstdc++.a(class_type_info.o)
                0xffc02d0e                __cxxabiv1::__class_type_info::~__class_type_info()
 *fill*         0xffc02d24        0x4 
 .text._ZNK10__cxxabiv117__class_type_info11__do_upcastEPKS0_PKvRNS0_15__upcast_resultE
                0xffc02d28       0x38 C:\PROGRA~2\GCCFOR~2.201\rx-elf\rx-elf/rx-elf/lib\libstdc++.a(class_type_info.o)
                0xffc02d28                __cxxabiv1::__class_type_info::__do_upcast(__cxxabiv1::__class_type_info const*, void const*, __cxxabiv1::__class_type_info::__upcast_result&) const
 .text._ZNK10__cxxabiv117__class_type_info10__do_catchEPKSt9type_infoPPvj
                0xffc02d60       0x58 C:\PROGRA~2\GCCFOR~2.201\rx-elf\rx-elf/rx-elf/lib\libstdc++.a(class_type_info.o)
                0xffc02d60                __cxxabiv1::__class_type_info::__do_catch(std::type_info const*, void**, unsigned int) const
 .text._ZNK10__cxxabiv117__class_type_info12__do_dyncastElNS0_10__sub_kindEPKS0_PKvS3_S5_RNS0_16__dyncast_resultE
                0xffc02db8       0x80 C:\PROGRA~2\GCCFOR~2.201\rx-elf\rx-elf/rx-elf/lib\libstdc++.a(class_type_info.o)
                0xffc02db8                __cxxabiv1::__class_type_info::__do_dyncast(long, __cxxabiv1::__class_type_info::__sub_kind, __cxxabiv1::__class_type_info const*, void const*, __cxxabiv1::__class_type_info const*, void const*, __cxxabiv1::__class_type_info::__dyncast_result&) const
 .text._ZSt21__throw_bad_exceptionv
                0xffc02e38       0x1c C:\PROGRA~2\GCCFOR~2.201\rx-elf\rx-elf/rx-elf/lib\libstdc++.a(functexcept.o)
                0xffc02e38                std::__throw_bad_exception()
 .text._ZSt17__throw_bad_allocv
                0xffc02e54       0x1c C:\PROGRA~2\GCCFOR~2.201\rx-elf\rx-elf/rx-elf/lib\libstdc++.a(functexcept.o)
                0xffc02e54                std::__throw_bad_alloc()
 .text._ZSt16__throw_bad_castv
                0xffc02e70       0x1c C:\PROGRA~2\GCCFOR~2.201\rx-elf\rx-elf/rx-elf/lib\libstdc++.a(functexcept.o)
                0xffc02e70                std::__throw_bad_cast()
 .text._ZSt18__throw_bad_typeidv
                0xffc02e8c       0x1c C:\PROGRA~2\GCCFOR~2.201\rx-elf\rx-elf/rx-elf/lib\libstdc++.a(functexcept.o)
                0xffc02e8c                std::__throw_bad_typeid()
 .text._ZSt19__throw_logic_errorPKc
                0xffc02ea8       0x98 C:\PROGRA~2\GCCFOR~2.201\rx-elf\rx-elf/rx-elf/lib\libstdc++.a(functexcept.o)
                0xffc02ea8                std::__throw_logic_error(char const*)
 .text._ZSt20__throw_domain_errorPKc
                0xffc02f40       0x98 C:\PROGRA~2\GCCFOR~2.201\rx-elf\rx-elf/rx-elf/lib\libstdc++.a(functexcept.o)
                0xffc02f40                std::__throw_domain_error(char const*)
 .text._ZSt24__throw_invalid_argumentPKc
                0xffc02fd8       0x98 C:\PROGRA~2\GCCFOR~2.201\rx-elf\rx-elf/rx-elf/lib\libstdc++.a(functexcept.o)
                0xffc02fd8                std::__throw_invalid_argument(char const*)
 .text._ZSt20__throw_length_errorPKc
                0xffc03070       0x98 C:\PROGRA~2\GCCFOR~2.201\rx-elf\rx-elf/rx-elf/lib\libstdc++.a(functexcept.o)
                0xffc03070                std::__throw_length_error(char const*)
 .text._ZSt20__throw_out_of_rangePKc
                0xffc03108       0x98 C:\PROGRA~2\GCCFOR~2.201\rx-elf\rx-elf/rx-elf/lib\libstdc++.a(functexcept.o)
                0xffc03108                std::__throw_out_of_range(char const*)
 .text._ZSt21__throw_runtime_errorPKc
                0xffc031a0       0x98 C:\PROGRA~2\GCCFOR~2.201\rx-elf\rx-elf/rx-elf/lib\libstdc++.a(functexcept.o)
                0xffc031a0                std::__throw_runtime_error(char const*)
 .text._ZSt19__throw_range_errorPKc
                0xffc03238       0x98 C:\PROGRA~2\GCCFOR~2.201\rx-elf\rx-elf/rx-elf/lib\libstdc++.a(functexcept.o)
                0xffc03238                std::__throw_range_error(char const*)
 .text._ZSt22__throw_overflow_errorPKc
                0xffc032d0       0x98 C:\PROGRA~2\GCCFOR~2.201\rx-elf\rx-elf/rx-elf/lib\libstdc++.a(functexcept.o)
                0xffc032d0                std::__throw_overflow_error(char const*)
 .text._ZSt23__throw_underflow_errorPKc
                0xffc03368       0x98 C:\PROGRA~2\GCCFOR~2.201\rx-elf\rx-elf/rx-elf/lib\libstdc++.a(functexcept.o)
                0xffc03368                std::__throw_underflow_error(char const*)
 .text._ZSt19__throw_ios_failurePKc
                0xffc03400       0x7a C:\PROGRA~2\GCCFOR~2.201\rx-elf\rx-elf/rx-elf/lib\libstdc++.a(functexcept.o)
                0xffc03400                std::__throw_ios_failure(char const*)
 *fill*         0xffc0347a        0x6 
 .text._ZSt20__throw_system_errori
                0xffc03480       0xb0 C:\PROGRA~2\GCCFOR~2.201\rx-elf\rx-elf/rx-elf/lib\libstdc++.a(functexcept.o)
                0xffc03480                std::__throw_system_error(int)
 .text._ZSt20__throw_future_errori
                0xffc03530       0xb8 C:\PROGRA~2\GCCFOR~2.201\rx-elf\rx-elf/rx-elf/lib\libstdc++.a(functexcept.o)
                0xffc03530                std::__throw_future_error(int)
 .text._ZSt25__throw_bad_function_callv
                0xffc035e8       0x1c C:\PROGRA~2\GCCFOR~2.201\rx-elf\rx-elf/rx-elf/lib\libstdc++.a(functexcept.o)
                0xffc035e8                std::__throw_bad_function_call()
 .text._ZSt19__throw_regex_errorNSt15regex_constants10error_typeE
                0xffc03604       0x61 C:\PROGRA~2\GCCFOR~2.201\rx-elf\rx-elf/rx-elf/lib\libstdc++.a(functexcept.o)
                0xffc03604                std::__throw_regex_error(std::regex_constants::error_type)
 .text._ZNKSt17bad_function_call4whatEv
                0xffc03665        0x7 C:\PROGRA~2\GCCFOR~2.201\rx-elf\rx-elf/rx-elf/lib\libstdc++.a(functional.o)
                0xffc03665                std::bad_function_call::what() const
 .text._ZNSt17bad_function_callD2Ev
                0xffc0366c        0xa C:\PROGRA~2\GCCFOR~2.201\rx-elf\rx-elf/rx-elf/lib\libstdc++.a(functional.o)
                0xffc0366c                std::bad_function_call::~bad_function_call()
                0xffc0366c                std::bad_function_call::~bad_function_call()
 .text._ZNSt17bad_function_callD0Ev
                0xffc03676       0x16 C:\PROGRA~2\GCCFOR~2.201\rx-elf\rx-elf/rx-elf/lib\libstdc++.a(functional.o)
                0xffc03676                std::bad_function_call::~bad_function_call()
 .text.__cxa_get_globals_fast
                0xffc0368c        0x7 C:\PROGRA~2\GCCFOR~2.201\rx-elf\rx-elf/rx-elf/lib\libstdc++.a(eh_globals.o)
                0xffc0368c                __cxa_get_globals_fast
 .text.__cxa_get_globals
                0xffc03693        0x7 C:\PROGRA~2\GCCFOR~2.201\rx-elf\rx-elf/rx-elf/lib\libstdc++.a(eh_globals.o)
                0xffc03693                __cxa_get_globals
 .text._ZNKSt10bad_typeid4whatEv
                0xffc0369a        0x7 C:\PROGRA~2\GCCFOR~2.201\rx-elf\rx-elf/rx-elf/lib\libstdc++.a(bad_typeid.o)
                0xffc0369a                std::bad_typeid::what() const
 .text._ZNSt10bad_typeidD2Ev
                0xffc036a1        0xa C:\PROGRA~2\GCCFOR~2.201\rx-elf\rx-elf/rx-elf/lib\libstdc++.a(bad_typeid.o)
                0xffc036a1                std::bad_typeid::~bad_typeid()
                0xffc036a1                std::bad_typeid::~bad_typeid()
 .text._ZNSt10bad_typeidD0Ev
                0xffc036ab       0x16 C:\PROGRA~2\GCCFOR~2.201\rx-elf\rx-elf/rx-elf/lib\libstdc++.a(bad_typeid.o)
                0xffc036ab                std::bad_typeid::~bad_typeid()
 .text._ZNKSt9bad_alloc4whatEv
                0xffc036c1        0x7 C:\PROGRA~2\GCCFOR~2.201\rx-elf\rx-elf/rx-elf/lib\libstdc++.a(bad_alloc.o)
                0xffc036c1                std::bad_alloc::what() const
 .text._ZNSt9bad_allocD2Ev
                0xffc036c8        0xa C:\PROGRA~2\GCCFOR~2.201\rx-elf\rx-elf/rx-elf/lib\libstdc++.a(bad_alloc.o)
                0xffc036c8                std::bad_alloc::~bad_alloc()
                0xffc036c8                std::bad_alloc::~bad_alloc()
 .text._ZNSt9bad_allocD0Ev
                0xffc036d2       0x16 C:\PROGRA~2\GCCFOR~2.201\rx-elf\rx-elf/rx-elf/lib\libstdc++.a(bad_alloc.o)
                0xffc036d2                std::bad_alloc::~bad_alloc()
 .text.__cxa_current_exception_type
                0xffc036e8       0x1b C:\PROGRA~2\GCCFOR~2.201\rx-elf\rx-elf/rx-elf/lib\libstdc++.a(eh_type.o)
                0xffc036e8                __cxa_current_exception_type
 .text._ZNKSt8bad_cast4whatEv
                0xffc03703        0x7 C:\PROGRA~2\GCCFOR~2.201\rx-elf\rx-elf/rx-elf/lib\libstdc++.a(bad_cast.o)
                0xffc03703                std::bad_cast::what() const
 .text._ZNSt8bad_castD2Ev
                0xffc0370a        0xa C:\PROGRA~2\GCCFOR~2.201\rx-elf\rx-elf/rx-elf/lib\libstdc++.a(bad_cast.o)
                0xffc0370a                std::bad_cast::~bad_cast()
                0xffc0370a                std::bad_cast::~bad_cast()
 .text._ZNSt8bad_castD0Ev
                0xffc03714       0x16 C:\PROGRA~2\GCCFOR~2.201\rx-elf\rx-elf/rx-elf/lib\libstdc++.a(bad_cast.o)
                0xffc03714                std::bad_cast::~bad_cast()
 .text._ZNSt9type_infoD2Ev
                0xffc0372a        0x7 C:\PROGRA~2\GCCFOR~2.201\rx-elf\rx-elf/rx-elf/lib\libstdc++.a(tinfo.o)
                0xffc0372a                std::type_info::~type_info()
                0xffc0372a                std::type_info::~type_info()
 .text._ZNKSt9type_info14__is_pointer_pEv
                0xffc03731        0x3 C:\PROGRA~2\GCCFOR~2.201\rx-elf\rx-elf/rx-elf/lib\libstdc++.a(tinfo.o)
                0xffc03731                std::type_info::__is_pointer_p() const
 .text._ZNKSt9type_info15__is_function_pEv
                0xffc03734        0x3 C:\PROGRA~2\GCCFOR~2.201\rx-elf\rx-elf/rx-elf/lib\libstdc++.a(tinfo.o)
                0xffc03734                std::type_info::__is_function_p() const
 .text._ZNKSt9type_info11__do_upcastEPKN10__cxxabiv117__class_type_infoEPPv
                0xffc03737        0x3 C:\PROGRA~2\GCCFOR~2.201\rx-elf\rx-elf/rx-elf/lib\libstdc++.a(tinfo.o)
                0xffc03737                std::type_info::__do_upcast(__cxxabiv1::__class_type_info const*, void**) const
 .text._ZNSt9type_infoD0Ev
                0xffc0373a        0xa C:\PROGRA~2\GCCFOR~2.201\rx-elf\rx-elf/rx-elf/lib\libstdc++.a(tinfo.o)
                0xffc0373a                std::type_info::~type_info()
 .text._ZNKSt9type_info10__do_catchEPKS_PPvj
                0xffc03744       0x33 C:\PROGRA~2\GCCFOR~2.201\rx-elf\rx-elf/rx-elf/lib\libstdc++.a(tinfo.o)
                0xffc03744                std::type_info::__do_catch(std::type_info const*, void**, unsigned int) const
 .text._ZSt15set_new_handlerPFvvE
                0xffc03777        0xb C:\PROGRA~2\GCCFOR~2.201\rx-elf\rx-elf/rx-elf/lib\libstdc++.a(new_handler.o)
                0xffc03777                std::set_new_handler(void (*)())
 .text._ZNKSt11logic_error4whatEv
                0xffc03782        0x3 C:\PROGRA~2\GCCFOR~2.201\rx-elf\rx-elf/rx-elf/lib\libstdc++.a(stdexcept.o)
                0xffc03782                std::logic_error::what() const
 .text._ZNKSt13runtime_error4whatEv
                0xffc03785        0x3 C:\PROGRA~2\GCCFOR~2.201\rx-elf\rx-elf/rx-elf/lib\libstdc++.a(stdexcept.o)
                0xffc03785                std::runtime_error::what() const
 .text._ZNSt11logic_errorD2Ev
                0xffc03788       0x38 C:\PROGRA~2\GCCFOR~2.201\rx-elf\rx-elf/rx-elf/lib\libstdc++.a(stdexcept.o)
                0xffc03788                std::logic_error::~logic_error()
                0xffc03788                std::logic_error::~logic_error()
 .text._ZNSt11logic_errorD0Ev
                0xffc037c0       0x10 C:\PROGRA~2\GCCFOR~2.201\rx-elf\rx-elf/rx-elf/lib\libstdc++.a(stdexcept.o)
                0xffc037c0                std::logic_error::~logic_error()
 .text._ZNSt12domain_errorD2Ev
                0xffc037d0        0xa C:\PROGRA~2\GCCFOR~2.201\rx-elf\rx-elf/rx-elf/lib\libstdc++.a(stdexcept.o)
                0xffc037d0                std::domain_error::~domain_error()
                0xffc037d0                std::domain_error::~domain_error()
 .text._ZNSt12domain_errorD0Ev
                0xffc037da       0x16 C:\PROGRA~2\GCCFOR~2.201\rx-elf\rx-elf/rx-elf/lib\libstdc++.a(stdexcept.o)
                0xffc037da                std::domain_error::~domain_error()
 .text._ZNSt16invalid_argumentD2Ev
                0xffc037f0        0xa C:\PROGRA~2\GCCFOR~2.201\rx-elf\rx-elf/rx-elf/lib\libstdc++.a(stdexcept.o)
                0xffc037f0                std::invalid_argument::~invalid_argument()
                0xffc037f0                std::invalid_argument::~invalid_argument()
 .text._ZNSt16invalid_argumentD0Ev
                0xffc037fa       0x16 C:\PROGRA~2\GCCFOR~2.201\rx-elf\rx-elf/rx-elf/lib\libstdc++.a(stdexcept.o)
                0xffc037fa                std::invalid_argument::~invalid_argument()
 .text._ZNSt12length_errorD2Ev
                0xffc03810        0xa C:\PROGRA~2\GCCFOR~2.201\rx-elf\rx-elf/rx-elf/lib\libstdc++.a(stdexcept.o)
                0xffc03810                std::length_error::~length_error()
                0xffc03810                std::length_error::~length_error()
 .text._ZNSt12length_errorD0Ev
                0xffc0381a       0x16 C:\PROGRA~2\GCCFOR~2.201\rx-elf\rx-elf/rx-elf/lib\libstdc++.a(stdexcept.o)
                0xffc0381a                std::length_error::~length_error()
 .text._ZNSt12out_of_rangeD2Ev
                0xffc03830        0xa C:\PROGRA~2\GCCFOR~2.201\rx-elf\rx-elf/rx-elf/lib\libstdc++.a(stdexcept.o)
                0xffc03830                std::out_of_range::~out_of_range()
                0xffc03830                std::out_of_range::~out_of_range()
 .text._ZNSt12out_of_rangeD0Ev
                0xffc0383a       0x16 C:\PROGRA~2\GCCFOR~2.201\rx-elf\rx-elf/rx-elf/lib\libstdc++.a(stdexcept.o)
                0xffc0383a                std::out_of_range::~out_of_range()
 .text._ZNSt13runtime_errorD2Ev
                0xffc03850       0x38 C:\PROGRA~2\GCCFOR~2.201\rx-elf\rx-elf/rx-elf/lib\libstdc++.a(stdexcept.o)
                0xffc03850                std::runtime_error::~runtime_error()
                0xffc03850                std::runtime_error::~runtime_error()
 .text._ZNSt13runtime_errorD0Ev
                0xffc03888       0x10 C:\PROGRA~2\GCCFOR~2.201\rx-elf\rx-elf/rx-elf/lib\libstdc++.a(stdexcept.o)
                0xffc03888                std::runtime_error::~runtime_error()
 .text._ZNSt11range_errorD2Ev
                0xffc03898        0xa C:\PROGRA~2\GCCFOR~2.201\rx-elf\rx-elf/rx-elf/lib\libstdc++.a(stdexcept.o)
                0xffc03898                std::range_error::~range_error()
                0xffc03898                std::range_error::~range_error()
 .text._ZNSt11range_errorD0Ev
                0xffc038a2       0x16 C:\PROGRA~2\GCCFOR~2.201\rx-elf\rx-elf/rx-elf/lib\libstdc++.a(stdexcept.o)
                0xffc038a2                std::range_error::~range_error()
 .text._ZNSt14overflow_errorD2Ev
                0xffc038b8        0xa C:\PROGRA~2\GCCFOR~2.201\rx-elf\rx-elf/rx-elf/lib\libstdc++.a(stdexcept.o)
                0xffc038b8                std::overflow_error::~overflow_error()
                0xffc038b8                std::overflow_error::~overflow_error()
 .text._ZNSt14overflow_errorD0Ev
                0xffc038c2       0x16 C:\PROGRA~2\GCCFOR~2.201\rx-elf\rx-elf/rx-elf/lib\libstdc++.a(stdexcept.o)
                0xffc038c2                std::overflow_error::~overflow_error()
 .text._ZNSt15underflow_errorD2Ev
                0xffc038d8        0xa C:\PROGRA~2\GCCFOR~2.201\rx-elf\rx-elf/rx-elf/lib\libstdc++.a(stdexcept.o)
                0xffc038d8                std::underflow_error::~underflow_error()
                0xffc038d8                std::underflow_error::~underflow_error()
 .text._ZNSt15underflow_errorD0Ev
                0xffc038e2       0x16 C:\PROGRA~2\GCCFOR~2.201\rx-elf\rx-elf/rx-elf/lib\libstdc++.a(stdexcept.o)
                0xffc038e2                std::underflow_error::~underflow_error()
 .text._ZNSt11logic_errorC2ERKSs
                0xffc038f8       0x59 C:\PROGRA~2\GCCFOR~2.201\rx-elf\rx-elf/rx-elf/lib\libstdc++.a(stdexcept.o)
                0xffc038f8                std::logic_error::logic_error(std::string const&)
                0xffc038f8                std::logic_error::logic_error(std::string const&)
 .text._ZNSt12domain_errorC2ERKSs
                0xffc03951       0x11 C:\PROGRA~2\GCCFOR~2.201\rx-elf\rx-elf/rx-elf/lib\libstdc++.a(stdexcept.o)
                0xffc03951                std::domain_error::domain_error(std::string const&)
                0xffc03951                std::domain_error::domain_error(std::string const&)
 .text._ZNSt16invalid_argumentC2ERKSs
                0xffc03962       0x11 C:\PROGRA~2\GCCFOR~2.201\rx-elf\rx-elf/rx-elf/lib\libstdc++.a(stdexcept.o)
                0xffc03962                std::invalid_argument::invalid_argument(std::string const&)
                0xffc03962                std::invalid_argument::invalid_argument(std::string const&)
 .text._ZNSt12length_errorC2ERKSs
                0xffc03973       0x11 C:\PROGRA~2\GCCFOR~2.201\rx-elf\rx-elf/rx-elf/lib\libstdc++.a(stdexcept.o)
                0xffc03973                std::length_error::length_error(std::string const&)
                0xffc03973                std::length_error::length_error(std::string const&)
 .text._ZNSt12out_of_rangeC2ERKSs
                0xffc03984       0x11 C:\PROGRA~2\GCCFOR~2.201\rx-elf\rx-elf/rx-elf/lib\libstdc++.a(stdexcept.o)
                0xffc03984                std::out_of_range::out_of_range(std::string const&)
                0xffc03984                std::out_of_range::out_of_range(std::string const&)
 .text._ZNSt13runtime_errorC2ERKSs
                0xffc03995       0x59 C:\PROGRA~2\GCCFOR~2.201\rx-elf\rx-elf/rx-elf/lib\libstdc++.a(stdexcept.o)
                0xffc03995                std::runtime_error::runtime_error(std::string const&)
                0xffc03995                std::runtime_error::runtime_error(std::string const&)
 .text._ZNSt11range_errorC2ERKSs
                0xffc039ee       0x11 C:\PROGRA~2\GCCFOR~2.201\rx-elf\rx-elf/rx-elf/lib\libstdc++.a(stdexcept.o)
                0xffc039ee                std::range_error::range_error(std::string const&)
                0xffc039ee                std::range_error::range_error(std::string const&)
 .text._ZNSt14overflow_errorC2ERKSs
                0xffc039ff       0x11 C:\PROGRA~2\GCCFOR~2.201\rx-elf\rx-elf/rx-elf/lib\libstdc++.a(stdexcept.o)
                0xffc039ff                std::overflow_error::overflow_error(std::string const&)
                0xffc039ff                std::overflow_error::overflow_error(std::string const&)
 .text._ZNSt15underflow_errorC2ERKSs
                0xffc03a10       0x11 C:\PROGRA~2\GCCFOR~2.201\rx-elf\rx-elf/rx-elf/lib\libstdc++.a(stdexcept.o)
                0xffc03a10                std::underflow_error::underflow_error(std::string const&)
                0xffc03a10                std::underflow_error::underflow_error(std::string const&)
 .text._ZNKSt8ios_base7failure4whatEv
                0xffc03a21        0x3 C:\PROGRA~2\GCCFOR~2.201\rx-elf\rx-elf/rx-elf/lib\libstdc++.a(ios_failure.o)
                0xffc03a21                std::ios_base::failure::what() const
 *fill*         0xffc03a24        0x4 
 .text._ZNSt8ios_base7failureD2Ev
                0xffc03a28       0x38 C:\PROGRA~2\GCCFOR~2.201\rx-elf\rx-elf/rx-elf/lib\libstdc++.a(ios_failure.o)
                0xffc03a28                std::ios_base::failure::~failure()
                0xffc03a28                std::ios_base::failure::~failure()
 .text._ZNSt8ios_base7failureD0Ev
                0xffc03a60       0x10 C:\PROGRA~2\GCCFOR~2.201\rx-elf\rx-elf/rx-elf/lib\libstdc++.a(ios_failure.o)
                0xffc03a60                std::ios_base::failure::~failure()
 .text._ZNSt8ios_base7failureC2ERKSs
                0xffc03a70       0x6e C:\PROGRA~2\GCCFOR~2.201\rx-elf\rx-elf/rx-elf/lib\libstdc++.a(ios_failure.o)
                0xffc03a70                std::ios_base::failure::failure(std::string const&)
                0xffc03a70                std::ios_base::failure::failure(std::string const&)
 .text._ZNK12_GLOBAL__N_122generic_error_category4nameEv
                0xffc03ade        0x7 C:\PROGRA~2\GCCFOR~2.201\rx-elf\rx-elf/rx-elf/lib\libstdc++.a(system_error.o)
 .text._ZNK12_GLOBAL__N_121system_error_category4nameEv
                0xffc03ae5        0x7 C:\PROGRA~2\GCCFOR~2.201\rx-elf\rx-elf/rx-elf/lib\libstdc++.a(system_error.o)
 .text._ZNSt14error_categoryD2Ev
                0xffc03aec        0x7 C:\PROGRA~2\GCCFOR~2.201\rx-elf\rx-elf/rx-elf/lib\libstdc++.a(system_error.o)
                0xffc03aec                std::error_category::~error_category()
                0xffc03aec                std::error_category::~error_category()
 .text._ZNKSt14error_category23default_error_conditionEi
                0xffc03af3        0x4 C:\PROGRA~2\GCCFOR~2.201\rx-elf\rx-elf/rx-elf/lib\libstdc++.a(system_error.o)
                0xffc03af3                std::error_category::default_error_condition(int) const
 .text._ZNKSt14error_category10equivalentEiRKSt15error_condition
                0xffc03af7       0x24 C:\PROGRA~2\GCCFOR~2.201\rx-elf\rx-elf/rx-elf/lib\libstdc++.a(system_error.o)
                0xffc03af7                std::error_category::equivalent(int, std::error_condition const&) const
 .text._ZNKSt14error_category10equivalentERKSt10error_codei
                0xffc03b1b       0x15 C:\PROGRA~2\GCCFOR~2.201\rx-elf\rx-elf/rx-elf/lib\libstdc++.a(system_error.o)
                0xffc03b1b                std::error_category::equivalent(std::error_code const&, int) const
 .text._ZN12_GLOBAL__N_121system_error_categoryD2Ev
                0xffc03b30        0x7 C:\PROGRA~2\GCCFOR~2.201\rx-elf\rx-elf/rx-elf/lib\libstdc++.a(system_error.o)
 .text._ZN12_GLOBAL__N_122generic_error_categoryD2Ev
                0xffc03b37        0x7 C:\PROGRA~2\GCCFOR~2.201\rx-elf\rx-elf/rx-elf/lib\libstdc++.a(system_error.o)
 .text._ZNSt14error_categoryD0Ev
                0xffc03b3e        0xa C:\PROGRA~2\GCCFOR~2.201\rx-elf\rx-elf/rx-elf/lib\libstdc++.a(system_error.o)
                0xffc03b3e                std::error_category::~error_category()
 .text._ZN12_GLOBAL__N_121system_error_categoryD0Ev
                0xffc03b48        0xa C:\PROGRA~2\GCCFOR~2.201\rx-elf\rx-elf/rx-elf/lib\libstdc++.a(system_error.o)
 .text._ZN12_GLOBAL__N_122generic_error_categoryD0Ev
                0xffc03b52        0xa C:\PROGRA~2\GCCFOR~2.201\rx-elf\rx-elf/rx-elf/lib\libstdc++.a(system_error.o)
 .text._ZNSt12system_errorD2Ev
                0xffc03b5c        0xa C:\PROGRA~2\GCCFOR~2.201\rx-elf\rx-elf/rx-elf/lib\libstdc++.a(system_error.o)
                0xffc03b5c                std::system_error::~system_error()
                0xffc03b5c                std::system_error::~system_error()
 .text._ZNSt12system_errorD0Ev
                0xffc03b66       0x16 C:\PROGRA~2\GCCFOR~2.201\rx-elf\rx-elf/rx-elf/lib\libstdc++.a(system_error.o)
                0xffc03b66                std::system_error::~system_error()
 .text._ZNK12_GLOBAL__N_121system_error_category7messageEi
                0xffc03b7c       0x1b C:\PROGRA~2\GCCFOR~2.201\rx-elf\rx-elf/rx-elf/lib\libstdc++.a(system_error.o)
 .text._ZNK12_GLOBAL__N_122generic_error_category7messageEi
                0xffc03b97       0x1b C:\PROGRA~2\GCCFOR~2.201\rx-elf\rx-elf/rx-elf/lib\libstdc++.a(system_error.o)
 .text._ZNSt14error_categoryC2Ev
                0xffc03bb2        0x7 C:\PROGRA~2\GCCFOR~2.201\rx-elf\rx-elf/rx-elf/lib\libstdc++.a(system_error.o)
                0xffc03bb2                std::error_category::error_category()
                0xffc03bb2                std::error_category::error_category()
 .text._ZSt15system_categoryv
                0xffc03bb9        0x7 C:\PROGRA~2\GCCFOR~2.201\rx-elf\rx-elf/rx-elf/lib\libstdc++.a(system_error.o)
                0xffc03bb9                std::system_category()
 .text._ZSt16generic_categoryv
                0xffc03bc0        0x7 C:\PROGRA~2\GCCFOR~2.201\rx-elf\rx-elf/rx-elf/lib\libstdc++.a(system_error.o)
                0xffc03bc0                std::generic_category()
 .text._ZNKSt10error_code23default_error_conditionEv
                0xffc03bc7        0xf C:\PROGRA~2\GCCFOR~2.201\rx-elf\rx-elf/rx-elf/lib\libstdc++.a(system_error.o)
                0xffc03bc7                std::error_code::default_error_condition() const
 .text.startup._GLOBAL__sub_I__ZNSt14error_categoryC2Ev
                0xffc03bd6       0x3c C:\PROGRA~2\GCCFOR~2.201\rx-elf\rx-elf/rx-elf/lib\libstdc++.a(system_error.o)
 .text._ZNK12_GLOBAL__N_121future_error_category4nameEv
                0xffc03c12        0x7 C:\PROGRA~2\GCCFOR~2.201\rx-elf\rx-elf/rx-elf/lib\libstdc++.a(future.o)
 .text._ZN12_GLOBAL__N_121future_error_categoryD2Ev
                0xffc03c19        0xa C:\PROGRA~2\GCCFOR~2.201\rx-elf\rx-elf/rx-elf/lib\libstdc++.a(future.o)
 .text._ZN12_GLOBAL__N_121future_error_categoryD0Ev
                0xffc03c23       0x16 C:\PROGRA~2\GCCFOR~2.201\rx-elf\rx-elf/rx-elf/lib\libstdc++.a(future.o)
 .text._ZNSt12future_errorD2Ev
                0xffc03c39        0xa C:\PROGRA~2\GCCFOR~2.201\rx-elf\rx-elf/rx-elf/lib\libstdc++.a(future.o)
                0xffc03c39                std::future_error::~future_error()
                0xffc03c39                std::future_error::~future_error()
 .text._ZNSt12future_errorD0Ev
                0xffc03c43       0x16 C:\PROGRA~2\GCCFOR~2.201\rx-elf\rx-elf/rx-elf/lib\libstdc++.a(future.o)
                0xffc03c43                std::future_error::~future_error()
 *fill*         0xffc03c59        0x7 
 .text._ZNKSt12future_error4whatEv
                0xffc03c60       0x60 C:\PROGRA~2\GCCFOR~2.201\rx-elf\rx-elf/rx-elf/lib\libstdc++.a(future.o)
                0xffc03c60                std::future_error::what() const
 .text._ZNK12_GLOBAL__N_121future_error_category7messageEi
                0xffc03cc0       0xf8 C:\PROGRA~2\GCCFOR~2.201\rx-elf\rx-elf/rx-elf/lib\libstdc++.a(future.o)
 .text._ZSt15future_categoryv
                0xffc03db8       0x58 C:\PROGRA~2\GCCFOR~2.201\rx-elf\rx-elf/rx-elf/lib\libstdc++.a(future.o)
                0xffc03db8                std::future_category()
 .text._ZNKSs4dataEv
                0xffc03e10        0x3 C:\PROGRA~2\GCCFOR~2.201\rx-elf\rx-elf/rx-elf/lib\libstdc++.a(string-inst.o)
                0xffc03e10                std::string::data() const
 .text._ZNKSs6lengthEv
                0xffc03e13        0x7 C:\PROGRA~2\GCCFOR~2.201\rx-elf\rx-elf/rx-elf/lib\libstdc++.a(string-inst.o)
                0xffc03e13                std::string::length() const
 .text._ZNKSs7_M_dataEv
                0xffc03e1a        0x3 C:\PROGRA~2\GCCFOR~2.201\rx-elf\rx-elf/rx-elf/lib\libstdc++.a(string-inst.o)
                0xffc03e1a                std::string::_M_data() const
 .text._ZNSs7_M_dataEPc
                0xffc03e1d        0x5 C:\PROGRA~2\GCCFOR~2.201\rx-elf\rx-elf/rx-elf/lib\libstdc++.a(string-inst.o)
                0xffc03e1d                std::string::_M_data(char*)
 .text._ZNKSs6_M_repEv
                0xffc03e22        0x5 C:\PROGRA~2\GCCFOR~2.201\rx-elf\rx-elf/rx-elf/lib\libstdc++.a(string-inst.o)
                0xffc03e22                std::string::_M_rep() const
 .text._ZNKSs9_M_ibeginEv
                0xffc03e27        0x3 C:\PROGRA~2\GCCFOR~2.201\rx-elf\rx-elf/rx-elf/lib\libstdc++.a(string-inst.o)
                0xffc03e27                std::string::_M_ibegin() const
 .text._ZNKSs7_M_iendEv
                0xffc03e2a        0x9 C:\PROGRA~2\GCCFOR~2.201\rx-elf\rx-elf/rx-elf/lib\libstdc++.a(string-inst.o)
                0xffc03e2a                std::string::_M_iend() const
 .text._ZNKSs8_M_checkEmPKc
                0xffc03e33       0x12 C:\PROGRA~2\GCCFOR~2.201\rx-elf\rx-elf/rx-elf/lib\libstdc++.a(string-inst.o)
                0xffc03e33                std::string::_M_check(unsigned long, char const*) const
 .text._ZNKSs15_M_check_lengthEmmPKc
                0xffc03e45       0x19 C:\PROGRA~2\GCCFOR~2.201\rx-elf\rx-elf/rx-elf/lib\libstdc++.a(string-inst.o)
                0xffc03e45                std::string::_M_check_length(unsigned long, unsigned long, char const*) const
 .text._ZNKSs8_M_limitEmm
                0xffc03e5e        0xf C:\PROGRA~2\GCCFOR~2.201\rx-elf\rx-elf/rx-elf/lib\libstdc++.a(string-inst.o)
                0xffc03e5e                std::string::_M_limit(unsigned long, unsigned long) const
 .text._ZNKSs11_M_disjunctEPKc
                0xffc03e6d       0x1b C:\PROGRA~2\GCCFOR~2.201\rx-elf\rx-elf/rx-elf/lib\libstdc++.a(string-inst.o)
                0xffc03e6d                std::string::_M_disjunct(char const*) const
 .text._ZNSs7_M_copyEPcPKcm
                0xffc03e88        0x9 C:\PROGRA~2\GCCFOR~2.201\rx-elf\rx-elf/rx-elf/lib\libstdc++.a(string-inst.o)
                0xffc03e88                std::string::_M_copy(char*, char const*, unsigned long)
 .text._ZNSs7_M_moveEPcPKcm
                0xffc03e91        0xa C:\PROGRA~2\GCCFOR~2.201\rx-elf\rx-elf/rx-elf/lib\libstdc++.a(string-inst.o)
                0xffc03e91                std::string::_M_move(char*, char const*, unsigned long)
 .text._ZNSs9_M_assignEPcmc
                0xffc03e9b       0x11 C:\PROGRA~2\GCCFOR~2.201\rx-elf\rx-elf/rx-elf/lib\libstdc++.a(string-inst.o)
                0xffc03e9b                std::string::_M_assign(char*, unsigned long, char)
 .text._ZNSs13_S_copy_charsEPcN9__gnu_cxx17__normal_iteratorIS_SsEES2_
                0xffc03eac        0xb C:\PROGRA~2\GCCFOR~2.201\rx-elf\rx-elf/rx-elf/lib\libstdc++.a(string-inst.o)
                0xffc03eac                std::string::_S_copy_chars(char*, __gnu_cxx::__normal_iterator<char*, std::string>, __gnu_cxx::__normal_iterator<char*, std::string>)
 .text._ZNSs13_S_copy_charsEPcN9__gnu_cxx17__normal_iteratorIPKcSsEES4_
                0xffc03eb7        0xb C:\PROGRA~2\GCCFOR~2.201\rx-elf\rx-elf/rx-elf/lib\libstdc++.a(string-inst.o)
                0xffc03eb7                std::string::_S_copy_chars(char*, __gnu_cxx::__normal_iterator<char const*, std::string>, __gnu_cxx::__normal_iterator<char const*, std::string>)
 .text._ZNSs13_S_copy_charsEPcS_S_
                0xffc03ec2        0xb C:\PROGRA~2\GCCFOR~2.201\rx-elf\rx-elf/rx-elf/lib\libstdc++.a(string-inst.o)
                0xffc03ec2                std::string::_S_copy_chars(char*, char*, char*)
 .text._ZNSs13_S_copy_charsEPcPKcS1_
                0xffc03ecd        0xb C:\PROGRA~2\GCCFOR~2.201\rx-elf\rx-elf/rx-elf/lib\libstdc++.a(string-inst.o)
                0xffc03ecd                std::string::_S_copy_chars(char*, char const*, char const*)
 .text._ZNSs10_S_compareEmm
                0xffc03ed8        0x3 C:\PROGRA~2\GCCFOR~2.201\rx-elf\rx-elf/rx-elf/lib\libstdc++.a(string-inst.o)
                0xffc03ed8                std::string::_S_compare(unsigned long, unsigned long)
 .text._ZNSs12_S_empty_repEv
                0xffc03edb        0x7 C:\PROGRA~2\GCCFOR~2.201\rx-elf\rx-elf/rx-elf/lib\libstdc++.a(string-inst.o)
                0xffc03edb                std::string::_S_empty_rep()
 .text._ZNSsC2Ev
                0xffc03ee2        0x7 C:\PROGRA~2\GCCFOR~2.201\rx-elf\rx-elf/rx-elf/lib\libstdc++.a(string-inst.o)
                0xffc03ee2                std::basic_string<char, std::char_traits<char>, std::allocator<char> >::basic_string()
                0xffc03ee2                std::basic_string<char, std::char_traits<char>, std::allocator<char> >::basic_string()
 .text._ZNSsC2EOSs
                0xffc03ee9        0x9 C:\PROGRA~2\GCCFOR~2.201\rx-elf\rx-elf/rx-elf/lib\libstdc++.a(string-inst.o)
                0xffc03ee9                std::basic_string<char, std::char_traits<char>, std::allocator<char> >::basic_string(std::string&&)
                0xffc03ee9                std::basic_string<char, std::char_traits<char>, std::allocator<char> >::basic_string(std::string&&)
 .text._ZNKSs5beginEv
                0xffc03ef2        0x3 C:\PROGRA~2\GCCFOR~2.201\rx-elf\rx-elf/rx-elf/lib\libstdc++.a(string-inst.o)
                0xffc03ef2                std::string::begin() const
 .text._ZNKSs3endEv
                0xffc03ef5        0x9 C:\PROGRA~2\GCCFOR~2.201\rx-elf\rx-elf/rx-elf/lib\libstdc++.a(string-inst.o)
                0xffc03ef5                std::string::end() const
 .text._ZNKSs6rbeginEv
                0xffc03efe        0xd C:\PROGRA~2\GCCFOR~2.201\rx-elf\rx-elf/rx-elf/lib\libstdc++.a(string-inst.o)
                0xffc03efe                std::string::rbegin() const
 .text._ZNKSs4rendEv
                0xffc03f0b        0x5 C:\PROGRA~2\GCCFOR~2.201\rx-elf\rx-elf/rx-elf/lib\libstdc++.a(string-inst.o)
                0xffc03f0b                std::string::rend() const
 .text._ZNKSs6cbeginEv
                0xffc03f10        0x3 C:\PROGRA~2\GCCFOR~2.201\rx-elf\rx-elf/rx-elf/lib\libstdc++.a(string-inst.o)
                0xffc03f10                std::string::cbegin() const
 .text._ZNKSs4cendEv
                0xffc03f13        0x9 C:\PROGRA~2\GCCFOR~2.201\rx-elf\rx-elf/rx-elf/lib\libstdc++.a(string-inst.o)
                0xffc03f13                std::string::cend() const
 .text._ZNKSs7crbeginEv
                0xffc03f1c        0xd C:\PROGRA~2\GCCFOR~2.201\rx-elf\rx-elf/rx-elf/lib\libstdc++.a(string-inst.o)
                0xffc03f1c                std::string::crbegin() const
 .text._ZNKSs5crendEv
                0xffc03f29        0x5 C:\PROGRA~2\GCCFOR~2.201\rx-elf\rx-elf/rx-elf/lib\libstdc++.a(string-inst.o)
                0xffc03f29                std::string::crend() const
 .text._ZNKSs4sizeEv
                0xffc03f2e        0x7 C:\PROGRA~2\GCCFOR~2.201\rx-elf\rx-elf/rx-elf/lib\libstdc++.a(string-inst.o)
                0xffc03f2e                std::string::size() const
 .text._ZNKSs8max_sizeEv
                0xffc03f35        0x7 C:\PROGRA~2\GCCFOR~2.201\rx-elf\rx-elf/rx-elf/lib\libstdc++.a(string-inst.o)
                0xffc03f35                std::string::max_size() const
 .text._ZNKSs8capacityEv
                0xffc03f3c        0x8 C:\PROGRA~2\GCCFOR~2.201\rx-elf\rx-elf/rx-elf/lib\libstdc++.a(string-inst.o)
                0xffc03f3c                std::string::capacity() const
 .text._ZNKSs5emptyEv
                0xffc03f44        0xc C:\PROGRA~2\GCCFOR~2.201\rx-elf\rx-elf/rx-elf/lib\libstdc++.a(string-inst.o)
                0xffc03f44                std::string::empty() const
 .text._ZNKSsixEm
                0xffc03f50        0x5 C:\PROGRA~2\GCCFOR~2.201\rx-elf\rx-elf/rx-elf/lib\libstdc++.a(string-inst.o)
                0xffc03f50                std::string::operator[](unsigned long) const
 .text._ZNKSs2atEm
                0xffc03f55       0x17 C:\PROGRA~2\GCCFOR~2.201\rx-elf\rx-elf/rx-elf/lib\libstdc++.a(string-inst.o)
                0xffc03f55                std::string::at(unsigned long) const
 .text._ZNKSs5frontEv
                0xffc03f6c        0x3 C:\PROGRA~2\GCCFOR~2.201\rx-elf\rx-elf/rx-elf/lib\libstdc++.a(string-inst.o)
                0xffc03f6c                std::string::front() const
 .text._ZNKSs4backEv
                0xffc03f6f        0xc C:\PROGRA~2\GCCFOR~2.201\rx-elf\rx-elf/rx-elf/lib\libstdc++.a(string-inst.o)
                0xffc03f6f                std::string::back() const
 *fill*         0xffc03f7b        0x5 
 .text._ZNKSs4copyEPcmm
                0xffc03f80       0x38 C:\PROGRA~2\GCCFOR~2.201\rx-elf\rx-elf/rx-elf/lib\libstdc++.a(string-inst.o)
                0xffc03f80                std::string::copy(char*, unsigned long, unsigned long) const
 .text._ZNSs4swapERSs
                0xffc03fb8       0x28 C:\PROGRA~2\GCCFOR~2.201\rx-elf\rx-elf/rx-elf/lib\libstdc++.a(string-inst.o)
                0xffc03fb8                std::string::swap(std::string&)
 .text._ZNSsaSEOSs
                0xffc03fe0        0xd C:\PROGRA~2\GCCFOR~2.201\rx-elf\rx-elf/rx-elf/lib\libstdc++.a(string-inst.o)
                0xffc03fe0                std::string::operator=(std::string&&)
 .text._ZNSs6assignEOSs
                0xffc03fed        0xd C:\PROGRA~2\GCCFOR~2.201\rx-elf\rx-elf/rx-elf/lib\libstdc++.a(string-inst.o)
                0xffc03fed                std::string::assign(std::string&&)
 .text._ZNKSs5c_strEv
                0xffc03ffa        0x3 C:\PROGRA~2\GCCFOR~2.201\rx-elf\rx-elf/rx-elf/lib\libstdc++.a(string-inst.o)
                0xffc03ffa                std::string::c_str() const
 .text._ZNKSs13get_allocatorEv
                0xffc03ffd        0x3 C:\PROGRA~2\GCCFOR~2.201\rx-elf\rx-elf/rx-elf/lib\libstdc++.a(string-inst.o)
                0xffc03ffd                std::string::get_allocator() const
 .text._ZNKSs4findEPKcmm
                0xffc04000       0x68 C:\PROGRA~2\GCCFOR~2.201\rx-elf\rx-elf/rx-elf/lib\libstdc++.a(string-inst.o)
                0xffc04000                std::string::find(char const*, unsigned long, unsigned long) const
 .text._ZNKSs4findERKSsm
                0xffc04068       0x3e C:\PROGRA~2\GCCFOR~2.201\rx-elf\rx-elf/rx-elf/lib\libstdc++.a(string-inst.o)
                0xffc04068                std::string::find(std::string const&, unsigned long) const
 .text._ZNKSs4findEPKcm
                0xffc040a6       0x20 C:\PROGRA~2\GCCFOR~2.201\rx-elf\rx-elf/rx-elf/lib\libstdc++.a(string-inst.o)
                0xffc040a6                std::string::find(char const*, unsigned long) const
 *fill*         0xffc040c6        0x2 
 .text._ZNKSs4findEcm
                0xffc040c8       0x28 C:\PROGRA~2\GCCFOR~2.201\rx-elf\rx-elf/rx-elf/lib\libstdc++.a(string-inst.o)
                0xffc040c8                std::string::find(char, unsigned long) const
 .text._ZNKSs5rfindEPKcmm
                0xffc040f0       0x48 C:\PROGRA~2\GCCFOR~2.201\rx-elf\rx-elf/rx-elf/lib\libstdc++.a(string-inst.o)
                0xffc040f0                std::string::rfind(char const*, unsigned long, unsigned long) const
 .text._ZNKSs5rfindERKSsm
                0xffc04138       0x3e C:\PROGRA~2\GCCFOR~2.201\rx-elf\rx-elf/rx-elf/lib\libstdc++.a(string-inst.o)
                0xffc04138                std::string::rfind(std::string const&, unsigned long) const
 .text._ZNKSs5rfindEPKcm
                0xffc04176       0x20 C:\PROGRA~2\GCCFOR~2.201\rx-elf\rx-elf/rx-elf/lib\libstdc++.a(string-inst.o)
                0xffc04176                std::string::rfind(char const*, unsigned long) const
 *fill*         0xffc04196        0x2 
 .text._ZNKSs5rfindEcm
                0xffc04198       0x38 C:\PROGRA~2\GCCFOR~2.201\rx-elf\rx-elf/rx-elf/lib\libstdc++.a(string-inst.o)
                0xffc04198                std::string::rfind(char, unsigned long) const
 .text._ZNKSs13find_first_ofEPKcmm
                0xffc041d0       0x40 C:\PROGRA~2\GCCFOR~2.201\rx-elf\rx-elf/rx-elf/lib\libstdc++.a(string-inst.o)
                0xffc041d0                std::string::find_first_of(char const*, unsigned long, unsigned long) const
 .text._ZNKSs13find_first_ofERKSsm
                0xffc04210       0x3e C:\PROGRA~2\GCCFOR~2.201\rx-elf\rx-elf/rx-elf/lib\libstdc++.a(string-inst.o)
                0xffc04210                std::string::find_first_of(std::string const&, unsigned long) const
 .text._ZNKSs13find_first_ofEPKcm
                0xffc0424e       0x20 C:\PROGRA~2\GCCFOR~2.201\rx-elf\rx-elf/rx-elf/lib\libstdc++.a(string-inst.o)
                0xffc0424e                std::string::find_first_of(char const*, unsigned long) const
 .text._ZNKSs13find_first_ofEcm
                0xffc0426e        0x4 C:\PROGRA~2\GCCFOR~2.201\rx-elf\rx-elf/rx-elf/lib\libstdc++.a(string-inst.o)
                0xffc0426e                std::string::find_first_of(char, unsigned long) const
 *fill*         0xffc04272        0x6 
 .text._ZNKSs12find_last_ofEPKcmm
                0xffc04278       0x50 C:\PROGRA~2\GCCFOR~2.201\rx-elf\rx-elf/rx-elf/lib\libstdc++.a(string-inst.o)
                0xffc04278                std::string::find_last_of(char const*, unsigned long, unsigned long) const
 .text._ZNKSs12find_last_ofERKSsm
                0xffc042c8       0x3e C:\PROGRA~2\GCCFOR~2.201\rx-elf\rx-elf/rx-elf/lib\libstdc++.a(string-inst.o)
                0xffc042c8                std::string::find_last_of(std::string const&, unsigned long) const
 .text._ZNKSs12find_last_ofEPKcm
                0xffc04306       0x20 C:\PROGRA~2\GCCFOR~2.201\rx-elf\rx-elf/rx-elf/lib\libstdc++.a(string-inst.o)
                0xffc04306                std::string::find_last_of(char const*, unsigned long) const
 .text._ZNKSs12find_last_ofEcm
                0xffc04326        0x4 C:\PROGRA~2\GCCFOR~2.201\rx-elf\rx-elf/rx-elf/lib\libstdc++.a(string-inst.o)
                0xffc04326                std::string::find_last_of(char, unsigned long) const
 *fill*         0xffc0432a        0x6 
 .text._ZNKSs17find_first_not_ofEPKcmm
                0xffc04330       0x40 C:\PROGRA~2\GCCFOR~2.201\rx-elf\rx-elf/rx-elf/lib\libstdc++.a(string-inst.o)
                0xffc04330                std::string::find_first_not_of(char const*, unsigned long, unsigned long) const
 .text._ZNKSs17find_first_not_ofERKSsm
                0xffc04370       0x3e C:\PROGRA~2\GCCFOR~2.201\rx-elf\rx-elf/rx-elf/lib\libstdc++.a(string-inst.o)
                0xffc04370                std::string::find_first_not_of(std::string const&, unsigned long) const
 .text._ZNKSs17find_first_not_ofEPKcm
                0xffc043ae       0x20 C:\PROGRA~2\GCCFOR~2.201\rx-elf\rx-elf/rx-elf/lib\libstdc++.a(string-inst.o)
                0xffc043ae                std::string::find_first_not_of(char const*, unsigned long) const
 *fill*         0xffc043ce        0x2 
 .text._ZNKSs17find_first_not_ofEcm
                0xffc043d0       0x30 C:\PROGRA~2\GCCFOR~2.201\rx-elf\rx-elf/rx-elf/lib\libstdc++.a(string-inst.o)
                0xffc043d0                std::string::find_first_not_of(char, unsigned long) const
 .text._ZNKSs16find_last_not_ofEPKcmm
                0xffc04400       0x48 C:\PROGRA~2\GCCFOR~2.201\rx-elf\rx-elf/rx-elf/lib\libstdc++.a(string-inst.o)
                0xffc04400                std::string::find_last_not_of(char const*, unsigned long, unsigned long) const
 .text._ZNKSs16find_last_not_ofERKSsm
                0xffc04448       0x3e C:\PROGRA~2\GCCFOR~2.201\rx-elf\rx-elf/rx-elf/lib\libstdc++.a(string-inst.o)
                0xffc04448                std::string::find_last_not_of(std::string const&, unsigned long) const
 .text._ZNKSs16find_last_not_ofEPKcm
                0xffc04486       0x20 C:\PROGRA~2\GCCFOR~2.201\rx-elf\rx-elf/rx-elf/lib\libstdc++.a(string-inst.o)
                0xffc04486                std::string::find_last_not_of(char const*, unsigned long) const
 *fill*         0xffc044a6        0x2 
 .text._ZNKSs16find_last_not_ofEcm
                0xffc044a8       0x30 C:\PROGRA~2\GCCFOR~2.201\rx-elf\rx-elf/rx-elf/lib\libstdc++.a(string-inst.o)
                0xffc044a8                std::string::find_last_not_of(char, unsigned long) const
 .text._ZNKSs7compareERKSs
                0xffc044d8       0x27 C:\PROGRA~2\GCCFOR~2.201\rx-elf\rx-elf/rx-elf/lib\libstdc++.a(string-inst.o)
                0xffc044d8                std::string::compare(std::string const&) const
 .text._ZNKSs7compareEmmRKSs
                0xffc044ff       0x42 C:\PROGRA~2\GCCFOR~2.201\rx-elf\rx-elf/rx-elf/lib\libstdc++.a(string-inst.o)
                0xffc044ff                std::string::compare(unsigned long, unsigned long, std::string const&) const
 .text._ZNKSs7compareEmmRKSsmm
                0xffc04541       0x5b C:\PROGRA~2\GCCFOR~2.201\rx-elf\rx-elf/rx-elf/lib\libstdc++.a(string-inst.o)
                0xffc04541                std::string::compare(unsigned long, unsigned long, std::string const&, unsigned long, unsigned long) const
 .text._ZNKSs7compareEPKc
                0xffc0459c       0x30 C:\PROGRA~2\GCCFOR~2.201\rx-elf\rx-elf/rx-elf/lib\libstdc++.a(string-inst.o)
                0xffc0459c                std::string::compare(char const*) const
 .text._ZNKSs7compareEmmPKc
                0xffc045cc       0x48 C:\PROGRA~2\GCCFOR~2.201\rx-elf\rx-elf/rx-elf/lib\libstdc++.a(string-inst.o)
                0xffc045cc                std::string::compare(unsigned long, unsigned long, char const*) const
 .text._ZNKSs7compareEmmPKcm
                0xffc04614       0x3f C:\PROGRA~2\GCCFOR~2.201\rx-elf\rx-elf/rx-elf/lib\libstdc++.a(string-inst.o)
                0xffc04614                std::string::compare(unsigned long, unsigned long, char const*, unsigned long) const
 .text._ZNSs12_Alloc_hiderC2EPcRKSaIcE
                0xffc04653        0x3 C:\PROGRA~2\GCCFOR~2.201\rx-elf\rx-elf/rx-elf/lib\libstdc++.a(string-inst.o)
                0xffc04653                std::string::_Alloc_hider::_Alloc_hider(char*, std::allocator<char> const&)
                0xffc04653                std::string::_Alloc_hider::_Alloc_hider(char*, std::allocator<char> const&)
 .text._ZNSs4_Rep12_S_empty_repEv
                0xffc04656        0x7 C:\PROGRA~2\GCCFOR~2.201\rx-elf\rx-elf/rx-elf/lib\libstdc++.a(string-inst.o)
                0xffc04656                std::string::_Rep::_S_empty_rep()
 .text._ZNKSs4_Rep12_M_is_leakedEv
                0xffc0465d        0x5 C:\PROGRA~2\GCCFOR~2.201\rx-elf\rx-elf/rx-elf/lib\libstdc++.a(string-inst.o)
                0xffc0465d                std::string::_Rep::_M_is_leaked() const
 .text._ZNKSs4_Rep12_M_is_sharedEv
                0xffc04662        0x8 C:\PROGRA~2\GCCFOR~2.201\rx-elf\rx-elf/rx-elf/lib\libstdc++.a(string-inst.o)
                0xffc04662                std::string::_Rep::_M_is_shared() const
 .text._ZNSs4_Rep13_M_set_leakedEv
                0xffc0466a        0x5 C:\PROGRA~2\GCCFOR~2.201\rx-elf\rx-elf/rx-elf/lib\libstdc++.a(string-inst.o)
                0xffc0466a                std::string::_Rep::_M_set_leaked()
 .text._ZNSs4_Rep15_M_set_sharableEv
                0xffc0466f        0x4 C:\PROGRA~2\GCCFOR~2.201\rx-elf\rx-elf/rx-elf/lib\libstdc++.a(string-inst.o)
                0xffc0466f                std::string::_Rep::_M_set_sharable()
 .text._ZNSs4_Rep26_M_set_length_and_sharableEm
                0xffc04673       0x14 C:\PROGRA~2\GCCFOR~2.201\rx-elf\rx-elf/rx-elf/lib\libstdc++.a(string-inst.o)
                0xffc04673                std::string::_Rep::_M_set_length_and_sharable(unsigned long)
 .text._ZNSs4_Rep10_M_refdataEv
                0xffc04687        0x3 C:\PROGRA~2\GCCFOR~2.201\rx-elf\rx-elf/rx-elf/lib\libstdc++.a(string-inst.o)
                0xffc04687                std::string::_Rep::_M_refdata()
 *fill*         0xffc0468a        0x6 
 .text._ZNSs4_Rep9_S_createEmmRKSaIcE
                0xffc04690       0x60 C:\PROGRA~2\GCCFOR~2.201\rx-elf\rx-elf/rx-elf/lib\libstdc++.a(string-inst.o)
                0xffc04690                std::string::_Rep::_S_create(unsigned long, unsigned long, std::allocator<char> const&)
 .text._ZNSs12_S_constructEmcRKSaIcE
                0xffc046f0       0x50 C:\PROGRA~2\GCCFOR~2.201\rx-elf\rx-elf/rx-elf/lib\libstdc++.a(string-inst.o)
                0xffc046f0                std::string::_S_construct(unsigned long, char, std::allocator<char> const&)
 .text._ZNSsC2ERKSaIcE
                0xffc04740       0x13 C:\PROGRA~2\GCCFOR~2.201\rx-elf\rx-elf/rx-elf/lib\libstdc++.a(string-inst.o)
                0xffc04740                std::basic_string<char, std::char_traits<char>, std::allocator<char> >::basic_string(std::allocator<char> const&)
                0xffc04740                std::basic_string<char, std::char_traits<char>, std::allocator<char> >::basic_string(std::allocator<char> const&)
 .text._ZNSsC2EmcRKSaIcE
                0xffc04753       0x13 C:\PROGRA~2\GCCFOR~2.201\rx-elf\rx-elf/rx-elf/lib\libstdc++.a(string-inst.o)
                0xffc04753                std::basic_string<char, std::char_traits<char>, std::allocator<char> >::basic_string(unsigned long, char, std::allocator<char> const&)
                0xffc04753                std::basic_string<char, std::char_traits<char>, std::allocator<char> >::basic_string(unsigned long, char, std::allocator<char> const&)
 .text._ZNSs18_S_construct_aux_2EmcRKSaIcE
                0xffc04766        0x4 C:\PROGRA~2\GCCFOR~2.201\rx-elf\rx-elf/rx-elf/lib\libstdc++.a(string-inst.o)
                0xffc04766                std::string::_S_construct_aux_2(unsigned long, char, std::allocator<char> const&)
 .text._ZNSs4_Rep10_M_destroyERKSaIcE
                0xffc0476a        0x4 C:\PROGRA~2\GCCFOR~2.201\rx-elf\rx-elf/rx-elf/lib\libstdc++.a(string-inst.o)
                0xffc0476a                std::string::_Rep::_M_destroy(std::allocator<char> const&)
 .text.unlikely._ZNSs4_Rep10_M_disposeERKSaIcE.part.12
                0xffc0476e       0x11 C:\PROGRA~2\GCCFOR~2.201\rx-elf\rx-elf/rx-elf/lib\libstdc++.a(string-inst.o)
 .text._ZNSs4_Rep10_M_disposeERKSaIcE
                0xffc0477f        0xd C:\PROGRA~2\GCCFOR~2.201\rx-elf\rx-elf/rx-elf/lib\libstdc++.a(string-inst.o)
                0xffc0477f                std::string::_Rep::_M_dispose(std::allocator<char> const&)
 .text._ZNSsD2Ev
                0xffc0478c       0x17 C:\PROGRA~2\GCCFOR~2.201\rx-elf\rx-elf/rx-elf/lib\libstdc++.a(string-inst.o)
                0xffc0478c                std::basic_string<char, std::char_traits<char>, std::allocator<char> >::~basic_string()
                0xffc0478c                std::basic_string<char, std::char_traits<char>, std::allocator<char> >::~basic_string()
 *fill*         0xffc047a3        0x5 
 .text._ZNSs9_M_mutateEmmm
                0xffc047a8       0xc8 C:\PROGRA~2\GCCFOR~2.201\rx-elf\rx-elf/rx-elf/lib\libstdc++.a(string-inst.o)
                0xffc047a8                std::string::_M_mutate(unsigned long, unsigned long, unsigned long)
 .text._ZNSs12_M_leak_hardEv
                0xffc04870       0x30 C:\PROGRA~2\GCCFOR~2.201\rx-elf\rx-elf/rx-elf/lib\libstdc++.a(string-inst.o)
                0xffc04870                std::string::_M_leak_hard()
 .text._ZNSs7_M_leakEv
                0xffc048a0       0x10 C:\PROGRA~2\GCCFOR~2.201\rx-elf\rx-elf/rx-elf/lib\libstdc++.a(string-inst.o)
                0xffc048a0                std::string::_M_leak()
 .text._ZNSs5beginEv
                0xffc048b0       0x40 C:\PROGRA~2\GCCFOR~2.201\rx-elf\rx-elf/rx-elf/lib\libstdc++.a(string-inst.o)
                0xffc048b0                std::string::begin()
 .text._ZNSs4rendEv
                0xffc048f0       0x40 C:\PROGRA~2\GCCFOR~2.201\rx-elf\rx-elf/rx-elf/lib\libstdc++.a(string-inst.o)
                0xffc048f0                std::string::rend()
 .text._ZNSs3endEv
                0xffc04930       0x48 C:\PROGRA~2\GCCFOR~2.201\rx-elf\rx-elf/rx-elf/lib\libstdc++.a(string-inst.o)
                0xffc04930                std::string::end()
 .text._ZNSsixEm
                0xffc04978       0x28 C:\PROGRA~2\GCCFOR~2.201\rx-elf\rx-elf/rx-elf/lib\libstdc++.a(string-inst.o)
                0xffc04978                std::string::operator[](unsigned long)
 .text._ZNSs5frontEv
                0xffc049a0       0x20 C:\PROGRA~2\GCCFOR~2.201\rx-elf\rx-elf/rx-elf/lib\libstdc++.a(string-inst.o)
                0xffc049a0                std::string::front()
 .text._ZNSs4backEv
                0xffc049c0       0x20 C:\PROGRA~2\GCCFOR~2.201\rx-elf\rx-elf/rx-elf/lib\libstdc++.a(string-inst.o)
                0xffc049c0                std::string::back()
 .text._ZNSs2atEm
                0xffc049e0       0x30 C:\PROGRA~2\GCCFOR~2.201\rx-elf\rx-elf/rx-elf/lib\libstdc++.a(string-inst.o)
                0xffc049e0                std::string::at(unsigned long)
 .text._ZNSs6rbeginEv
                0xffc04a10       0x48 C:\PROGRA~2\GCCFOR~2.201\rx-elf\rx-elf/rx-elf/lib\libstdc++.a(string-inst.o)
                0xffc04a10                std::string::rbegin()
 .text._ZNSs5clearEv
                0xffc04a58       0x37 C:\PROGRA~2\GCCFOR~2.201\rx-elf\rx-elf/rx-elf/lib\libstdc++.a(string-inst.o)
                0xffc04a58                std::string::clear()
 .text._ZNSs5eraseEmm
                0xffc04a8f       0x2c C:\PROGRA~2\GCCFOR~2.201\rx-elf\rx-elf/rx-elf/lib\libstdc++.a(string-inst.o)
                0xffc04a8f                std::string::erase(unsigned long, unsigned long)
 .text._ZNSs5eraseEN9__gnu_cxx17__normal_iteratorIPcSsEE
                0xffc04abb       0x21 C:\PROGRA~2\GCCFOR~2.201\rx-elf\rx-elf/rx-elf/lib\libstdc++.a(string-inst.o)
                0xffc04abb                std::string::erase(__gnu_cxx::__normal_iterator<char*, std::string>)
 .text._ZNSs5eraseEN9__gnu_cxx17__normal_iteratorIPcSsEES2_
                0xffc04adc       0x25 C:\PROGRA~2\GCCFOR~2.201\rx-elf\rx-elf/rx-elf/lib\libstdc++.a(string-inst.o)
                0xffc04adc                std::string::erase(__gnu_cxx::__normal_iterator<char*, std::string>, __gnu_cxx::__normal_iterator<char*, std::string>)
 *fill*         0xffc04b01        0x7 
 .text._ZNSs14_M_replace_auxEmmmc
                0xffc04b08       0x50 C:\PROGRA~2\GCCFOR~2.201\rx-elf\rx-elf/rx-elf/lib\libstdc++.a(string-inst.o)
                0xffc04b08                std::string::_M_replace_aux(unsigned long, unsigned long, unsigned long, char)
 .text._ZNSs6assignEmc
                0xffc04b58       0x14 C:\PROGRA~2\GCCFOR~2.201\rx-elf\rx-elf/rx-elf/lib\libstdc++.a(string-inst.o)
                0xffc04b58                std::string::assign(unsigned long, char)
 .text._ZNSsaSEc
                0xffc04b6c       0x1b C:\PROGRA~2\GCCFOR~2.201\rx-elf\rx-elf/rx-elf/lib\libstdc++.a(string-inst.o)
                0xffc04b6c                std::string::operator=(char)
 .text._ZNSs6insertEmmc
                0xffc04b87       0x23 C:\PROGRA~2\GCCFOR~2.201\rx-elf\rx-elf/rx-elf/lib\libstdc++.a(string-inst.o)
                0xffc04b87                std::string::insert(unsigned long, unsigned long, char)
 .text._ZNSs6insertEN9__gnu_cxx17__normal_iteratorIPcSsEEc
                0xffc04baa       0x25 C:\PROGRA~2\GCCFOR~2.201\rx-elf\rx-elf/rx-elf/lib\libstdc++.a(string-inst.o)
                0xffc04baa                std::string::insert(__gnu_cxx::__normal_iterator<char*, std::string>, char)
 .text._ZNSs7replaceEmmmc
                0xffc04bcf       0x31 C:\PROGRA~2\GCCFOR~2.201\rx-elf\rx-elf/rx-elf/lib\libstdc++.a(string-inst.o)
                0xffc04bcf                std::string::replace(unsigned long, unsigned long, unsigned long, char)
 .text._ZNSs7replaceEN9__gnu_cxx17__normal_iteratorIPcSsEES2_mc
                0xffc04c00       0x14 C:\PROGRA~2\GCCFOR~2.201\rx-elf\rx-elf/rx-elf/lib\libstdc++.a(string-inst.o)
                0xffc04c00                std::string::replace(__gnu_cxx::__normal_iterator<char*, std::string>, __gnu_cxx::__normal_iterator<char*, std::string>, unsigned long, char)
 .text._ZNSs6insertEN9__gnu_cxx17__normal_iteratorIPcSsEEmc
                0xffc04c14       0x14 C:\PROGRA~2\GCCFOR~2.201\rx-elf\rx-elf/rx-elf/lib\libstdc++.a(string-inst.o)
                0xffc04c14                std::string::insert(__gnu_cxx::__normal_iterator<char*, std::string>, unsigned long, char)
 .text._ZNSs15_M_replace_safeEmmPKcm
                0xffc04c28       0x30 C:\PROGRA~2\GCCFOR~2.201\rx-elf\rx-elf/rx-elf/lib\libstdc++.a(string-inst.o)
                0xffc04c28                std::string::_M_replace_safe(unsigned long, unsigned long, char const*, unsigned long)
 .text._ZNSs6assignEPKcm
                0xffc04c58       0x88 C:\PROGRA~2\GCCFOR~2.201\rx-elf\rx-elf/rx-elf/lib\libstdc++.a(string-inst.o)
                0xffc04c58                std::string::assign(char const*, unsigned long)
 .text._ZNSsaSESt16initializer_listIcE
                0xffc04ce0        0xd C:\PROGRA~2\GCCFOR~2.201\rx-elf\rx-elf/rx-elf/lib\libstdc++.a(string-inst.o)
                0xffc04ce0                std::string::operator=(std::initializer_list<char>)
 .text._ZNSs6assignERKSsmm
                0xffc04ced       0x27 C:\PROGRA~2\GCCFOR~2.201\rx-elf\rx-elf/rx-elf/lib\libstdc++.a(string-inst.o)
                0xffc04ced                std::string::assign(std::string const&, unsigned long, unsigned long)
 .text._ZNSs6assignEPKc
                0xffc04d14       0x1c C:\PROGRA~2\GCCFOR~2.201\rx-elf\rx-elf/rx-elf/lib\libstdc++.a(string-inst.o)
                0xffc04d14                std::string::assign(char const*)
 .text._ZNSs6assignESt16initializer_listIcE
                0xffc04d30        0x4 C:\PROGRA~2\GCCFOR~2.201\rx-elf\rx-elf/rx-elf/lib\libstdc++.a(string-inst.o)
                0xffc04d30                std::string::assign(std::initializer_list<char>)
 .text._ZNSsaSEPKc
                0xffc04d34       0x1c C:\PROGRA~2\GCCFOR~2.201\rx-elf\rx-elf/rx-elf/lib\libstdc++.a(string-inst.o)
                0xffc04d34                std::string::operator=(char const*)
 .text._ZNSs6insertEmPKcm
                0xffc04d50       0xd8 C:\PROGRA~2\GCCFOR~2.201\rx-elf\rx-elf/rx-elf/lib\libstdc++.a(string-inst.o)
                0xffc04d50                std::string::insert(unsigned long, char const*, unsigned long)
 .text._ZNSs6insertEN9__gnu_cxx17__normal_iteratorIPcSsEESt16initializer_listIcE
                0xffc04e28        0x8 C:\PROGRA~2\GCCFOR~2.201\rx-elf\rx-elf/rx-elf/lib\libstdc++.a(string-inst.o)
                0xffc04e28                std::string::insert(__gnu_cxx::__normal_iterator<char*, std::string>, std::initializer_list<char>)
 .text._ZNSs6insertEmRKSsmm
                0xffc04e30       0x2b C:\PROGRA~2\GCCFOR~2.201\rx-elf\rx-elf/rx-elf/lib\libstdc++.a(string-inst.o)
                0xffc04e30                std::string::insert(unsigned long, std::string const&, unsigned long, unsigned long)
 .text._ZNSs6insertEmPKc
                0xffc04e5b       0x20 C:\PROGRA~2\GCCFOR~2.201\rx-elf\rx-elf/rx-elf/lib\libstdc++.a(string-inst.o)
                0xffc04e5b                std::string::insert(unsigned long, char const*)
 .text._ZNSs6insertEmRKSs
                0xffc04e7b        0xb C:\PROGRA~2\GCCFOR~2.201\rx-elf\rx-elf/rx-elf/lib\libstdc++.a(string-inst.o)
                0xffc04e7b                std::string::insert(unsigned long, std::string const&)
 .text._ZNSs8pop_backEv
                0xffc04e86       0x1f C:\PROGRA~2\GCCFOR~2.201\rx-elf\rx-elf/rx-elf/lib\libstdc++.a(string-inst.o)
                0xffc04e86                std::string::pop_back()
 .text._ZNSs4_Rep10_M_refcopyEv
                0xffc04ea5       0x15 C:\PROGRA~2\GCCFOR~2.201\rx-elf\rx-elf/rx-elf/lib\libstdc++.a(string-inst.o)
                0xffc04ea5                std::string::_Rep::_M_refcopy()
 *fill*         0xffc04eba        0x6 
 .text._ZNSs4_Rep8_M_cloneERKSaIcEm
                0xffc04ec0       0x58 C:\PROGRA~2\GCCFOR~2.201\rx-elf\rx-elf/rx-elf/lib\libstdc++.a(string-inst.o)
                0xffc04ec0                std::string::_Rep::_M_clone(std::allocator<char> const&, unsigned long)
 .text._ZNSs7reserveEm
                0xffc04f18       0x50 C:\PROGRA~2\GCCFOR~2.201\rx-elf\rx-elf/rx-elf/lib\libstdc++.a(string-inst.o)
                0xffc04f18                std::string::reserve(unsigned long)
 .text._ZNSs13shrink_to_fitEv
                0xffc04f68       0x68 C:\PROGRA~2\GCCFOR~2.201\rx-elf\rx-elf/rx-elf/lib\libstdc++.a(string-inst.o)
                0xffc04f68                std::string::shrink_to_fit()
 .text._ZNSs6appendERKSs
                0xffc04fd0       0x68 C:\PROGRA~2\GCCFOR~2.201\rx-elf\rx-elf/rx-elf/lib\libstdc++.a(string-inst.o)
                0xffc04fd0                std::string::append(std::string const&)
 .text._ZNSspLERKSs
                0xffc05038        0x4 C:\PROGRA~2\GCCFOR~2.201\rx-elf\rx-elf/rx-elf/lib\libstdc++.a(string-inst.o)
                0xffc05038                std::string::operator+=(std::string const&)
 *fill*         0xffc0503c        0x4 
 .text._ZNSs6appendERKSsmm
                0xffc05040       0x88 C:\PROGRA~2\GCCFOR~2.201\rx-elf\rx-elf/rx-elf/lib\libstdc++.a(string-inst.o)
                0xffc05040                std::string::append(std::string const&, unsigned long, unsigned long)
 .text._ZNSs6appendEPKcm
                0xffc050c8       0xa8 C:\PROGRA~2\GCCFOR~2.201\rx-elf\rx-elf/rx-elf/lib\libstdc++.a(string-inst.o)
                0xffc050c8                std::string::append(char const*, unsigned long)
 .text._ZNSspLESt16initializer_listIcE
                0xffc05170        0x4 C:\PROGRA~2\GCCFOR~2.201\rx-elf\rx-elf/rx-elf/lib\libstdc++.a(string-inst.o)
                0xffc05170                std::string::operator+=(std::initializer_list<char>)
 .text._ZNSs6appendEPKc
                0xffc05174       0x1c C:\PROGRA~2\GCCFOR~2.201\rx-elf\rx-elf/rx-elf/lib\libstdc++.a(string-inst.o)
                0xffc05174                std::string::append(char const*)
 .text._ZNSs6appendESt16initializer_listIcE
                0xffc05190        0x4 C:\PROGRA~2\GCCFOR~2.201\rx-elf\rx-elf/rx-elf/lib\libstdc++.a(string-inst.o)
                0xffc05190                std::string::append(std::initializer_list<char>)
 .text._ZNSspLEPKc
                0xffc05194       0x1c C:\PROGRA~2\GCCFOR~2.201\rx-elf\rx-elf/rx-elf/lib\libstdc++.a(string-inst.o)
                0xffc05194                std::string::operator+=(char const*)
 .text._ZNSs6appendEmc
                0xffc051b0       0x80 C:\PROGRA~2\GCCFOR~2.201\rx-elf\rx-elf/rx-elf/lib\libstdc++.a(string-inst.o)
                0xffc051b0                std::string::append(unsigned long, char)
 .text._ZNSs6resizeEmc
                0xffc05230       0x2e C:\PROGRA~2\GCCFOR~2.201\rx-elf\rx-elf/rx-elf/lib\libstdc++.a(string-inst.o)
                0xffc05230                std::string::resize(unsigned long, char)
 .text._ZNSs6resizeEm
                0xffc0525e        0x6 C:\PROGRA~2\GCCFOR~2.201\rx-elf\rx-elf/rx-elf/lib\libstdc++.a(string-inst.o)
                0xffc0525e                std::string::resize(unsigned long)
 *fill*         0xffc05264        0x4 
 .text._ZNSs9push_backEc
                0xffc05268       0x50 C:\PROGRA~2\GCCFOR~2.201\rx-elf\rx-elf/rx-elf/lib\libstdc++.a(string-inst.o)
                0xffc05268                std::string::push_back(char)
 .text._ZNSspLEc
                0xffc052b8       0x58 C:\PROGRA~2\GCCFOR~2.201\rx-elf\rx-elf/rx-elf/lib\libstdc++.a(string-inst.o)
                0xffc052b8                std::string::operator+=(char)
 .text._ZNSs4_Rep7_M_grabERKSaIcES2_
                0xffc05310       0x22 C:\PROGRA~2\GCCFOR~2.201\rx-elf\rx-elf/rx-elf/lib\libstdc++.a(string-inst.o)
                0xffc05310                std::string::_Rep::_M_grab(std::allocator<char> const&, std::allocator<char> const&)
 *fill*         0xffc05332        0x6 
 .text._ZNSsC2ERKSs
                0xffc05338       0x38 C:\PROGRA~2\GCCFOR~2.201\rx-elf\rx-elf/rx-elf/lib\libstdc++.a(string-inst.o)
                0xffc05338                std::basic_string<char, std::char_traits<char>, std::allocator<char> >::basic_string(std::string const&)
                0xffc05338                std::basic_string<char, std::char_traits<char>, std::allocator<char> >::basic_string(std::string const&)
 .text._ZNSs6assignERKSs
                0xffc05370       0x60 C:\PROGRA~2\GCCFOR~2.201\rx-elf\rx-elf/rx-elf/lib\libstdc++.a(string-inst.o)
                0xffc05370                std::string::assign(std::string const&)
 .text._ZNSsaSERKSs
                0xffc053d0        0x4 C:\PROGRA~2\GCCFOR~2.201\rx-elf\rx-elf/rx-elf/lib\libstdc++.a(string-inst.o)
                0xffc053d0                std::string::operator=(std::string const&)
 *fill*         0xffc053d4        0x4 
 .text._ZStplIcSt11char_traitsIcESaIcEESbIT_T0_T1_EPKS3_RKS6_
                0xffc053d8       0x98 C:\PROGRA~2\GCCFOR~2.201\rx-elf\rx-elf/rx-elf/lib\libstdc++.a(string-inst.o)
                0xffc053d8                std::basic_string<char, std::char_traits<char>, std::allocator<char> > std::operator+<char, std::char_traits<char>, std::allocator<char> >(char const*, std::basic_string<char, std::char_traits<char>, std::allocator<char> > const&)
 .text._ZStplIcSt11char_traitsIcESaIcEESbIT_T0_T1_ES3_RKS6_
                0xffc05470       0x90 C:\PROGRA~2\GCCFOR~2.201\rx-elf\rx-elf/rx-elf/lib\libstdc++.a(string-inst.o)
                0xffc05470                std::basic_string<char, std::char_traits<char>, std::allocator<char> > std::operator+<char, std::char_traits<char>, std::allocator<char> >(char, std::basic_string<char, std::char_traits<char>, std::allocator<char> > const&)
 .text._ZStplIcSt11char_traitsIcESaIcEESbIT_T0_T1_ERKS6_S8_
                0xffc05500       0x78 C:\PROGRA~2\GCCFOR~2.201\rx-elf\rx-elf/rx-elf/lib\libstdc++.a(string-inst.o)
                0xffc05500                std::basic_string<char, std::char_traits<char>, std::allocator<char> > std::operator+<char, std::char_traits<char>, std::allocator<char> >(std::basic_string<char, std::char_traits<char>, std::allocator<char> > const&, std::basic_string<char, std::char_traits<char>, std::allocator<char> > const&)
 .text._ZNSs12_S_constructIN9__gnu_cxx17__normal_iteratorIPcSsEEEES2_T_S4_RKSaIcESt20forward_iterator_tag
                0xffc05578       0x58 C:\PROGRA~2\GCCFOR~2.201\rx-elf\rx-elf/rx-elf/lib\libstdc++.a(string-inst.o)
                0xffc05578                char* std::string::_S_construct<__gnu_cxx::__normal_iterator<char*, std::string> >(__gnu_cxx::__normal_iterator<char*, std::string>, __gnu_cxx::__normal_iterator<char*, std::string>, std::allocator<char> const&, std::forward_iterator_tag)
 .text._ZNSsC2IN9__gnu_cxx17__normal_iteratorIPcSsEEEET_S4_RKSaIcE
                0xffc055d0       0x18 C:\PROGRA~2\GCCFOR~2.201\rx-elf\rx-elf/rx-elf/lib\libstdc++.a(string-inst.o)
                0xffc055d0                std::basic_string<char, std::char_traits<char>, std::allocator<char> >::basic_string<__gnu_cxx::__normal_iterator<char*, std::string> >(__gnu_cxx::__normal_iterator<char*, std::string>, __gnu_cxx::__normal_iterator<char*, std::string>, std::allocator<char> const&)
                0xffc055d0                std::basic_string<char, std::char_traits<char>, std::allocator<char> >::basic_string<__gnu_cxx::__normal_iterator<char*, std::string> >(__gnu_cxx::__normal_iterator<char*, std::string>, __gnu_cxx::__normal_iterator<char*, std::string>, std::allocator<char> const&)
 .text._ZNSs12_S_constructIPcEES0_T_S1_RKSaIcESt20forward_iterator_tag
                0xffc055e8       0x70 C:\PROGRA~2\GCCFOR~2.201\rx-elf\rx-elf/rx-elf/lib\libstdc++.a(string-inst.o)
                0xffc055e8                char* std::string::_S_construct<char*>(char*, char*, std::allocator<char> const&, std::forward_iterator_tag)
 .text._ZNSsC2ERKSsmm
                0xffc05658       0x3a C:\PROGRA~2\GCCFOR~2.201\rx-elf\rx-elf/rx-elf/lib\libstdc++.a(string-inst.o)
                0xffc05658                std::basic_string<char, std::char_traits<char>, std::allocator<char> >::basic_string(std::string const&, unsigned long, unsigned long)
                0xffc05658                std::basic_string<char, std::char_traits<char>, std::allocator<char> >::basic_string(std::string const&, unsigned long, unsigned long)
 .text._ZNKSs6substrEmm
                0xffc05692       0x2d C:\PROGRA~2\GCCFOR~2.201\rx-elf\rx-elf/rx-elf/lib\libstdc++.a(string-inst.o)
                0xffc05692                std::string::substr(unsigned long, unsigned long) const
 .text._ZNSsC2ERKSsmmRKSaIcE
                0xffc056bf       0x3a C:\PROGRA~2\GCCFOR~2.201\rx-elf\rx-elf/rx-elf/lib\libstdc++.a(string-inst.o)
                0xffc056bf                std::basic_string<char, std::char_traits<char>, std::allocator<char> >::basic_string(std::string const&, unsigned long, unsigned long, std::allocator<char> const&)
                0xffc056bf                std::basic_string<char, std::char_traits<char>, std::allocator<char> >::basic_string(std::string const&, unsigned long, unsigned long, std::allocator<char> const&)
 .text._ZNSsC2IPcEET_S1_RKSaIcE
                0xffc056f9       0x18 C:\PROGRA~2\GCCFOR~2.201\rx-elf\rx-elf/rx-elf/lib\libstdc++.a(string-inst.o)
                0xffc056f9                std::basic_string<char, std::char_traits<char>, std::allocator<char> >::basic_string<char*>(char*, char*, std::allocator<char> const&)
                0xffc056f9                std::basic_string<char, std::char_traits<char>, std::allocator<char> >::basic_string<char*>(char*, char*, std::allocator<char> const&)
 *fill*         0xffc05711        0x7 
 .text._ZNSs12_S_constructIPKcEEPcT_S3_RKSaIcESt20forward_iterator_tag
                0xffc05718       0x70 C:\PROGRA~2\GCCFOR~2.201\rx-elf\rx-elf/rx-elf/lib\libstdc++.a(string-inst.o)
                0xffc05718                char* std::string::_S_construct<char const*>(char const*, char const*, std::allocator<char> const&, std::forward_iterator_tag)
 .text._ZNSsC2EPKcmRKSaIcE
                0xffc05788       0x18 C:\PROGRA~2\GCCFOR~2.201\rx-elf\rx-elf/rx-elf/lib\libstdc++.a(string-inst.o)
                0xffc05788                std::basic_string<char, std::char_traits<char>, std::allocator<char> >::basic_string(char const*, unsigned long, std::allocator<char> const&)
                0xffc05788                std::basic_string<char, std::char_traits<char>, std::allocator<char> >::basic_string(char const*, unsigned long, std::allocator<char> const&)
 .text._ZNSs7replaceEmmPKcm
                0xffc057a0      0x198 C:\PROGRA~2\GCCFOR~2.201\rx-elf\rx-elf/rx-elf/lib\libstdc++.a(string-inst.o)
                0xffc057a0                std::string::replace(unsigned long, unsigned long, char const*, unsigned long)
 .text._ZNSs7replaceEmmRKSs
                0xffc05938        0xf C:\PROGRA~2\GCCFOR~2.201\rx-elf\rx-elf/rx-elf/lib\libstdc++.a(string-inst.o)
                0xffc05938                std::string::replace(unsigned long, unsigned long, std::string const&)
 .text._ZNSs7replaceEmmRKSsmm
                0xffc05947       0x37 C:\PROGRA~2\GCCFOR~2.201\rx-elf\rx-elf/rx-elf/lib\libstdc++.a(string-inst.o)
                0xffc05947                std::string::replace(unsigned long, unsigned long, std::string const&, unsigned long, unsigned long)
 .text._ZNSs7replaceEmmPKc
                0xffc0597e       0x24 C:\PROGRA~2\GCCFOR~2.201\rx-elf\rx-elf/rx-elf/lib\libstdc++.a(string-inst.o)
                0xffc0597e                std::string::replace(unsigned long, unsigned long, char const*)
 .text._ZNSs7replaceEN9__gnu_cxx17__normal_iteratorIPcSsEES2_PKcm
                0xffc059a2       0x14 C:\PROGRA~2\GCCFOR~2.201\rx-elf\rx-elf/rx-elf/lib\libstdc++.a(string-inst.o)
                0xffc059a2                std::string::replace(__gnu_cxx::__normal_iterator<char*, std::string>, __gnu_cxx::__normal_iterator<char*, std::string>, char const*, unsigned long)
 .text._ZNSs7replaceEN9__gnu_cxx17__normal_iteratorIPcSsEES2_RKSs
                0xffc059b6       0x17 C:\PROGRA~2\GCCFOR~2.201\rx-elf\rx-elf/rx-elf/lib\libstdc++.a(string-inst.o)
                0xffc059b6                std::string::replace(__gnu_cxx::__normal_iterator<char*, std::string>, __gnu_cxx::__normal_iterator<char*, std::string>, std::string const&)
 .text._ZNSs7replaceEN9__gnu_cxx17__normal_iteratorIPcSsEES2_PKc
                0xffc059cd       0x27 C:\PROGRA~2\GCCFOR~2.201\rx-elf\rx-elf/rx-elf/lib\libstdc++.a(string-inst.o)
                0xffc059cd                std::string::replace(__gnu_cxx::__normal_iterator<char*, std::string>, __gnu_cxx::__normal_iterator<char*, std::string>, char const*)
 .text._ZNSs7replaceEN9__gnu_cxx17__normal_iteratorIPcSsEES2_S1_S1_
                0xffc059f4       0x1e C:\PROGRA~2\GCCFOR~2.201\rx-elf\rx-elf/rx-elf/lib\libstdc++.a(string-inst.o)
                0xffc059f4                std::string::replace(__gnu_cxx::__normal_iterator<char*, std::string>, __gnu_cxx::__normal_iterator<char*, std::string>, char*, char*)
 .text._ZNSs7replaceEN9__gnu_cxx17__normal_iteratorIPcSsEES2_PKcS4_