   1                             		.file	"vector_table.c"
   2                             		.section P,"ax"
   3                             	.Ltext0:
   4                             		.global	___OFS1reg
   5                             		.section	.ofs4,"a",@progbits
   6                             		.balign 4
   9                             	___OFS1reg:
  10 0000 FF FF FF FF             		.long	-1
  11                             		.global	___OFS0reg
  12                             		.balign 4
  15                             	___OFS0reg:
  16 0004 FF FF FF FF             		.long	-1
  17                             		.global	___MDEreg
  18                             		.balign 4
  21                             	___MDEreg:
  22 0008 FF FF FF FF             		.long	-1
  23                             		.global	___TMINFreg
  24                             		.balign 4
  27                             	___TMINFreg:
  28 000c FF FF FF FF             		.long	-1
  29                             		.global	___OSISreg
  30                             		.section	.ofs3,"a",@progbits
  31                             		.balign 4
  34                             	___OSISreg:
  35 0000 FF FF FF FF             		.long	-1
  36 0004 FF FF FF FF             		.long	-1
  37 0008 FF FF FF FF             		.long	-1
  38 000c FF FF FF FF             		.long	-1
  39                             		.global	___TMEFreg
  40                             		.section	.ofs2,"a",@progbits
  41                             		.balign 4
  44                             	___TMEFreg:
  45 0000 FF FF FF FF             		.long	-1
  46                             		.global	___SPCCreg
  47                             		.section	.ofs1,"a",@progbits
  48                             		.balign 4
  51                             	___SPCCreg:
  52 0000 FF FF FF FF             		.long	-1
  53                             		.global	_RelocatableVectors
  54                             		.section	.rvectors,"a",@progbits
  55                             		.balign 4
  58                             	_RelocatableVectors:
  59 0000 00 00 00 00             		.long	0
  60 0004 00 00 00 00             		.long	0
  61 0008 00 00 00 00             		.long	0
  62 000c 00 00 00 00             		.long	0
  63 0010 00 00 00 00             		.long	0
  64 0014 00 00 00 00             		.long	0
  65 0018 00 00 00 00             		.long	0
  66 001c 00 00 00 00             		.long	0
  67 0020 00 00 00 00             		.long	0
  68 0024 00 00 00 00             		.long	0
  69 0028 00 00 00 00             		.long	0
  70 002c 00 00 00 00             		.long	0
  71 0030 00 00 00 00             		.long	0
  72 0034 00 00 00 00             		.long	0
  73 0038 00 00 00 00             		.long	0
  74 003c 00 00 00 00             		.long	0
  75 0040 00 00 00 00             		.long	_INT_Excep_BSC_BUSERR
  76 0044 00 00 00 00             		.long	0
  77 0048 00 00 00 00             		.long	_INT_Excep_RAM_RAMERR
  78 004c 00 00 00 00             		.long	0
  79 0050 00 00 00 00             		.long	0
  80 0054 00 00 00 00             		.long	_INT_Excep_FCU_FIFERR
  81 0058 00 00 00 00             		.long	0
  82 005c 00 00 00 00             		.long	_INT_Excep_FCU_FRDYI
  83 0060 00 00 00 00             		.long	0
  84 0064 00 00 00 00             		.long	0
  85 0068 00 00 00 00             		.long	_INT_Excep_ICU_SWINT2
  86 006c 00 00 00 00             		.long	_INT_Excep_ICU_SWINT
  87 0070 00 00 00 00             		.long	_INT_Excep_CMT0_CMI0
  88 0074 00 00 00 00             		.long	_INT_Excep_CMT1_CMI1
  89 0078 00 00 00 00             		.long	_INT_Excep_CMTW0_CMWI0
  90 007c 00 00 00 00             		.long	_INT_Excep_CMTW1_CMWI1
  91 0080 00 00 00 00             		.long	_INT_Excep_USBA_D0FIFO2
  92 0084 00 00 00 00             		.long	_INT_Excep_USBA_D1FIFO2
  93 0088 00 00 00 00             		.long	_INT_Excep_USB0_D0FIFO0
  94 008c 00 00 00 00             		.long	_INT_Excep_USB0_D1FIFO0
  95 0090 00 00 00 00             		.long	0
  96 0094 00 00 00 00             		.long	0
  97 0098 00 00 00 00             		.long	_INT_Excep_RSPI0_SPRI0
  98 009c 00 00 00 00             		.long	_INT_Excep_RSPI0_SPTI0
  99 00a0 00 00 00 00             		.long	_INT_Excep_RSPI1_SPRI1
 100 00a4 00 00 00 00             		.long	_INT_Excep_RSPI1_SPTI1
 101 00a8 00 00 00 00             		.long	_INT_Excep_QSPI_SPRI
 102 00ac 00 00 00 00             		.long	_INT_Excep_QSPI_SPTI
 103 00b0 00 00 00 00             		.long	_INT_Excep_SDHI_SBFAI
 104 00b4 00 00 00 00             		.long	_INT_Excep_MMCIF_MBFAI
 105 00b8 00 00 00 00             		.long	_INT_Excep_SSI0_SSITXI0
 106 00bc 00 00 00 00             		.long	_INT_Excep_SSI0_SSIRXI0
 107 00c0 00 00 00 00             		.long	_INT_Excep_SSI1_SSIRTI1
 108 00c4 00 00 00 00             		.long	0
 109 00c8 00 00 00 00             		.long	_INT_Excep_SRC_IDEI
 110 00cc 00 00 00 00             		.long	_INT_Excep_SRC_ODFI
 111 00d0 00 00 00 00             		.long	_INT_Excep_RIIC0_RXI0
 112 00d4 00 00 00 00             		.long	_INT_Excep_RIIC0_TXI0
 113 00d8 00 00 00 00             		.long	_INT_Excep_RIIC2_RXI2
 114 00dc 00 00 00 00             		.long	_INT_Excep_RIIC2_TXI2
 115 00e0 00 00 00 00             		.long	0
 116 00e4 00 00 00 00             		.long	0
 117 00e8 00 00 00 00             		.long	_INT_Excep_SCI0_RXI0
 118 00ec 00 00 00 00             		.long	_INT_Excep_SCI0_TXI0
 119 00f0 00 00 00 00             		.long	_INT_Excep_SCI1_RXI1
 120 00f4 00 00 00 00             		.long	_INT_Excep_SCI1_TXI1
 121 00f8 00 00 00 00             		.long	_INT_Excep_SCI2_RXI2
 122 00fc 00 00 00 00             		.long	_INT_Excep_SCI2_TXI2
 123 0100 00 00 00 00             		.long	_INT_Excep_ICU_IRQ0
 124 0104 00 00 00 00             		.long	_INT_Excep_ICU_IRQ1
 125 0108 00 00 00 00             		.long	_INT_Excep_ICU_IRQ2
 126 010c 00 00 00 00             		.long	_INT_Excep_ICU_IRQ3
 127 0110 00 00 00 00             		.long	_INT_Excep_ICU_IRQ4
 128 0114 00 00 00 00             		.long	_INT_Excep_ICU_IRQ5
 129 0118 00 00 00 00             		.long	_INT_Excep_ICU_IRQ6
 130 011c 00 00 00 00             		.long	_INT_Excep_ICU_IRQ7
 131 0120 00 00 00 00             		.long	_INT_Excep_ICU_IRQ8
 132 0124 00 00 00 00             		.long	_INT_Excep_ICU_IRQ9
 133 0128 00 00 00 00             		.long	_INT_Excep_ICU_IRQ10
 134 012c 00 00 00 00             		.long	_INT_Excep_ICU_IRQ11
 135 0130 00 00 00 00             		.long	_INT_Excep_ICU_IRQ12
 136 0134 00 00 00 00             		.long	_INT_Excep_ICU_IRQ13
 137 0138 00 00 00 00             		.long	_INT_Excep_ICU_IRQ14
 138 013c 00 00 00 00             		.long	_INT_Excep_ICU_IRQ15
 139 0140 00 00 00 00             		.long	_INT_Excep_SCI3_RXI3
 140 0144 00 00 00 00             		.long	_INT_Excep_SCI3_TXI3
 141 0148 00 00 00 00             		.long	_INT_Excep_SCI4_RXI4
 142 014c 00 00 00 00             		.long	_INT_Excep_SCI4_TXI4
 143 0150 00 00 00 00             		.long	_INT_Excep_SCI5_RXI5
 144 0154 00 00 00 00             		.long	_INT_Excep_SCI5_TXI5
 145 0158 00 00 00 00             		.long	_INT_Excep_SCI6_RXI6
 146 015c 00 00 00 00             		.long	_INT_Excep_SCI6_TXI6
 147 0160 00 00 00 00             		.long	_INT_Excep_LVD1_LVD1
 148 0164 00 00 00 00             		.long	_INT_Excep_LVD2_LVD2
 149 0168 00 00 00 00             		.long	_INT_Excep_USB0_USBR0
 150 016c 00 00 00 00             		.long	0
 151 0170 00 00 00 00             		.long	_INT_Excep_RTC_ALM
 152 0174 00 00 00 00             		.long	_INT_Excep_RTC_PRD
 153 0178 00 00 00 00             		.long	_INT_Excep_USBA_USBAR
 154 017c 00 00 00 00             		.long	_INT_Excep_IWDT_IWUNI
 155 0180 00 00 00 00             		.long	_INT_Excep_WDT_WUNI
 156 0184 00 00 00 00             		.long	_INT_Excep_PDC_PCDFI
 157 0188 00 00 00 00             		.long	_INT_Excep_SCI7_RXI7
 158 018c 00 00 00 00             		.long	_INT_Excep_SCI7_TXI7
 159 0190 00 00 00 00             		.long	_INT_Excep_SCIFA8_RXIF8
 160 0194 00 00 00 00             		.long	_INT_Excep_SCIFA8_TXIF8
 161 0198 00 00 00 00             		.long	_INT_Excep_SCIFA9_RXIF9
 162 019c 00 00 00 00             		.long	_INT_Excep_SCIFA9_TXIF9
 163 01a0 00 00 00 00             		.long	_INT_Excep_SCIFA10_RXIF10
 164 01a4 00 00 00 00             		.long	_INT_Excep_SCIFA10_TXIF10
 165 01a8 00 00 00 00             		.long	_INT_Excep_ICU_GROUPBE0
 166 01ac 00 00 00 00             		.long	0
 167 01b0 00 00 00 00             		.long	0
 168 01b4 00 00 00 00             		.long	0
 169 01b8 00 00 00 00             		.long	_INT_Excep_ICU_GROUPBL0
 170 01bc 00 00 00 00             		.long	_INT_Excep_ICU_GROUPBL1
 171 01c0 00 00 00 00             		.long	_INT_Excep_ICU_GROUPAL0
 172 01c4 00 00 00 00             		.long	_INT_Excep_ICU_GROUPAL1
 173 01c8 00 00 00 00             		.long	_INT_Excep_SCIFA11_RXIF11
 174 01cc 00 00 00 00             		.long	_INT_Excep_SCIFA11_TXIF11
 175 01d0 00 00 00 00             		.long	_INT_Excep_SCI12_RXI12
 176 01d4 00 00 00 00             		.long	_INT_Excep_SCI12_TXI12
 177 01d8 00 00 00 00             		.long	0
 178 01dc 00 00 00 00             		.long	0
 179 01e0 00 00 00 00             		.long	_INT_Excep_DMAC_DMAC0I
 180 01e4 00 00 00 00             		.long	_INT_Excep_DMAC_DMAC1I
 181 01e8 00 00 00 00             		.long	_INT_Excep_DMAC_DMAC2I
 182 01ec 00 00 00 00             		.long	_INT_Excep_DMAC_DMAC3I
 183 01f0 00 00 00 00             		.long	_INT_Excep_DMAC_DMAC74I
 184 01f4 00 00 00 00             		.long	_INT_Excep_OST_OST
 185 01f8 00 00 00 00             		.long	_INT_Excep_EXDMAC_EXDMAC0I
 186 01fc 00 00 00 00             		.long	_INT_Excep_EXDMAC_EXDMAC1I
 187 0200 00 00 00 00             		.long	_INT_Excep_PERIB_INTB128
 188 0204 00 00 00 00             		.long	_INT_Excep_PERIB_INTB129
 189 0208 00 00 00 00             		.long	_INT_Excep_PERIB_INTB130
 190 020c 00 00 00 00             		.long	_INT_Excep_PERIB_INTB131
 191 0210 00 00 00 00             		.long	_INT_Excep_PERIB_INTB132
 192 0214 00 00 00 00             		.long	_INT_Excep_PERIB_INTB133
 193 0218 00 00 00 00             		.long	_INT_Excep_PERIB_INTB134
 194 021c 00 00 00 00             		.long	_INT_Excep_PERIB_INTB135
 195 0220 00 00 00 00             		.long	_INT_Excep_PERIB_INTB136
 196 0224 00 00 00 00             		.long	_INT_Excep_PERIB_INTB137
 197 0228 00 00 00 00             		.long	_INT_Excep_PERIB_INTB138
 198 022c 00 00 00 00             		.long	_INT_Excep_PERIB_INTB139
 199 0230 00 00 00 00             		.long	_INT_Excep_PERIB_INTB140
 200 0234 00 00 00 00             		.long	_INT_Excep_PERIB_INTB141
 201 0238 00 00 00 00             		.long	_INT_Excep_PERIB_INTB142
 202 023c 00 00 00 00             		.long	_INT_Excep_PERIB_INTB143
 203 0240 00 00 00 00             		.long	_INT_Excep_PERIB_INTB144
 204 0244 00 00 00 00             		.long	_INT_Excep_PERIB_INTB145
 205 0248 00 00 00 00             		.long	_INT_Excep_PERIB_INTB146
 206 024c 00 00 00 00             		.long	_INT_Excep_PERIB_INTB147
 207 0250 00 00 00 00             		.long	_INT_Excep_PERIB_INTB148
 208 0254 00 00 00 00             		.long	_INT_Excep_PERIB_INTB149
 209 0258 00 00 00 00             		.long	_INT_Excep_PERIB_INTB150
 210 025c 00 00 00 00             		.long	_INT_Excep_PERIB_INTB151
 211 0260 00 00 00 00             		.long	_INT_Excep_PERIB_INTB152
 212 0264 00 00 00 00             		.long	_INT_Excep_PERIB_INTB153
 213 0268 00 00 00 00             		.long	_INT_Excep_PERIB_INTB154
 214 026c 00 00 00 00             		.long	_INT_Excep_PERIB_INTB155
 215 0270 00 00 00 00             		.long	_INT_Excep_PERIB_INTB156
 216 0274 00 00 00 00             		.long	_INT_Excep_PERIB_INTB157
 217 0278 00 00 00 00             		.long	_INT_Excep_PERIB_INTB158
 218 027c 00 00 00 00             		.long	_INT_Excep_PERIB_INTB159
 219 0280 00 00 00 00             		.long	_INT_Excep_PERIB_INTB160
 220 0284 00 00 00 00             		.long	_INT_Excep_PERIB_INTB161
 221 0288 00 00 00 00             		.long	_INT_Excep_PERIB_INTB162
 222 028c 00 00 00 00             		.long	_INT_Excep_PERIB_INTB163
 223 0290 00 00 00 00             		.long	_INT_Excep_PERIB_INTB164
 224 0294 00 00 00 00             		.long	_INT_Excep_PERIB_INTB165
 225 0298 00 00 00 00             		.long	_INT_Excep_PERIB_INTB166
 226 029c 00 00 00 00             		.long	_INT_Excep_PERIB_INTB167
 227 02a0 00 00 00 00             		.long	_INT_Excep_PERIB_INTB168
 228 02a4 00 00 00 00             		.long	_INT_Excep_PERIB_INTB169
 229 02a8 00 00 00 00             		.long	_INT_Excep_PERIB_INTB170
 230 02ac 00 00 00 00             		.long	_INT_Excep_PERIB_INTB171
 231 02b0 00 00 00 00             		.long	_INT_Excep_PERIB_INTB172
 232 02b4 00 00 00 00             		.long	_INT_Excep_PERIB_INTB173
 233 02b8 00 00 00 00             		.long	_INT_Excep_PERIB_INTB174
 234 02bc 00 00 00 00             		.long	_INT_Excep_PERIB_INTB175
 235 02c0 00 00 00 00             		.long	_INT_Excep_PERIB_INTB176
 236 02c4 00 00 00 00             		.long	_INT_Excep_PERIB_INTB177
 237 02c8 00 00 00 00             		.long	_INT_Excep_PERIB_INTB178
 238 02cc 00 00 00 00             		.long	_INT_Excep_PERIB_INTB179
 239 02d0 00 00 00 00             		.long	_INT_Excep_PERIB_INTB180
 240 02d4 00 00 00 00             		.long	_INT_Excep_PERIB_INTB181
 241 02d8 00 00 00 00             		.long	_INT_Excep_PERIB_INTB182
 242 02dc 00 00 00 00             		.long	_INT_Excep_PERIB_INTB183
 243 02e0 00 00 00 00             		.long	_INT_Excep_PERIB_INTB184
 244 02e4 00 00 00 00             		.long	_INT_Excep_PERIB_INTB185
 245 02e8 00 00 00 00             		.long	_INT_Excep_PERIB_INTB186
 246 02ec 00 00 00 00             		.long	_INT_Excep_PERIB_INTB187
 247 02f0 00 00 00 00             		.long	_INT_Excep_PERIB_INTB188
 248 02f4 00 00 00 00             		.long	_INT_Excep_PERIB_INTB189
 249 02f8 00 00 00 00             		.long	_INT_Excep_PERIB_INTB190
 250 02fc 00 00 00 00             		.long	_INT_Excep_PERIB_INTB191
 251 0300 00 00 00 00             		.long	_INT_Excep_PERIB_INTB192
 252 0304 00 00 00 00             		.long	_INT_Excep_PERIB_INTB193
 253 0308 00 00 00 00             		.long	_INT_Excep_PERIB_INTB194
 254 030c 00 00 00 00             		.long	_INT_Excep_PERIB_INTB195
 255 0310 00 00 00 00             		.long	_INT_Excep_PERIB_INTB196
 256 0314 00 00 00 00             		.long	_INT_Excep_PERIB_INTB197
 257 0318 00 00 00 00             		.long	_INT_Excep_PERIB_INTB198
 258 031c 00 00 00 00             		.long	_INT_Excep_PERIB_INTB199
 259 0320 00 00 00 00             		.long	_INT_Excep_PERIB_INTB200
 260 0324 00 00 00 00             		.long	_INT_Excep_PERIB_INTB201
 261 0328 00 00 00 00             		.long	_INT_Excep_PERIB_INTB202
 262 032c 00 00 00 00             		.long	_INT_Excep_PERIB_INTB203
 263 0330 00 00 00 00             		.long	_INT_Excep_PERIB_INTB204
 264 0334 00 00 00 00             		.long	_INT_Excep_PERIB_INTB205
 265 0338 00 00 00 00             		.long	_INT_Excep_PERIB_INTB206
 266 033c 00 00 00 00             		.long	_INT_Excep_PERIB_INTB207
 267 0340 00 00 00 00             		.long	_INT_Excep_PERIA_INTA208
 268 0344 00 00 00 00             		.long	_INT_Excep_PERIA_INTA209
 269 0348 00 00 00 00             		.long	_INT_Excep_PERIA_INTA210
 270 034c 00 00 00 00             		.long	_INT_Excep_PERIA_INTA211
 271 0350 00 00 00 00             		.long	_INT_Excep_PERIA_INTA212
 272 0354 00 00 00 00             		.long	_INT_Excep_PERIA_INTA213
 273 0358 00 00 00 00             		.long	_INT_Excep_PERIA_INTA214
 274 035c 00 00 00 00             		.long	_INT_Excep_PERIA_INTA215
 275 0360 00 00 00 00             		.long	_INT_Excep_PERIA_INTA216
 276 0364 00 00 00 00             		.long	_INT_Excep_PERIA_INTA217
 277 0368 00 00 00 00             		.long	_INT_Excep_PERIA_INTA218
 278 036c 00 00 00 00             		.long	_INT_Excep_PERIA_INTA219
 279 0370 00 00 00 00             		.long	_INT_Excep_PERIA_INTA220
 280 0374 00 00 00 00             		.long	_INT_Excep_PERIA_INTA221
 281 0378 00 00 00 00             		.long	_INT_Excep_PERIA_INTA222
 282 037c 00 00 00 00             		.long	_INT_Excep_PERIA_INTA223
 283 0380 00 00 00 00             		.long	_INT_Excep_PERIA_INTA224
 284 0384 00 00 00 00             		.long	_INT_Excep_PERIA_INTA225
 285 0388 00 00 00 00             		.long	_INT_Excep_PERIA_INTA226
 286 038c 00 00 00 00             		.long	_INT_Excep_PERIA_INTA227
 287 0390 00 00 00 00             		.long	_INT_Excep_PERIA_INTA228
 288 0394 00 00 00 00             		.long	_INT_Excep_PERIA_INTA229
 289 0398 00 00 00 00             		.long	_INT_Excep_PERIA_INTA230
 290 039c 00 00 00 00             		.long	_INT_Excep_PERIA_INTA231
 291 03a0 00 00 00 00             		.long	_INT_Excep_PERIA_INTA232
 292 03a4 00 00 00 00             		.long	_INT_Excep_PERIA_INTA233
 293 03a8 00 00 00 00             		.long	_INT_Excep_PERIA_INTA234
 294 03ac 00 00 00 00             		.long	_INT_Excep_PERIA_INTA235
 295 03b0 00 00 00 00             		.long	_INT_Excep_PERIA_INTA236
 296 03b4 00 00 00 00             		.long	_INT_Excep_PERIA_INTA237
 297 03b8 00 00 00 00             		.long	_INT_Excep_PERIA_INTA238
 298 03bc 00 00 00 00             		.long	_INT_Excep_PERIA_INTA239
 299 03c0 00 00 00 00             		.long	_INT_Excep_PERIA_INTA240
 300 03c4 00 00 00 00             		.long	_INT_Excep_PERIA_INTA241
 301 03c8 00 00 00 00             		.long	_INT_Excep_PERIA_INTA242
 302 03cc 00 00 00 00             		.long	_INT_Excep_PERIA_INTA243
 303 03d0 00 00 00 00             		.long	_INT_Excep_PERIA_INTA244
 304 03d4 00 00 00 00             		.long	_INT_Excep_PERIA_INTA245
 305 03d8 00 00 00 00             		.long	_INT_Excep_PERIA_INTA246
 306 03dc 00 00 00 00             		.long	_INT_Excep_PERIA_INTA247
 307 03e0 00 00 00 00             		.long	_INT_Excep_PERIA_INTA248
 308 03e4 00 00 00 00             		.long	_INT_Excep_PERIA_INTA249
 309 03e8 00 00 00 00             		.long	_INT_Excep_PERIA_INTA250
 310 03ec 00 00 00 00             		.long	_INT_Excep_PERIA_INTA251
 311 03f0 00 00 00 00             		.long	_INT_Excep_PERIA_INTA252
 312 03f4 00 00 00 00             		.long	_INT_Excep_PERIA_INTA253
 313 03f8 00 00 00 00             		.long	_INT_Excep_PERIA_INTA254
 314 03fc 00 00 00 00             		.long	_INT_Excep_PERIA_INTA255
 315                             		.global	_HardwareVectors
 316                             		.section	.fvectors,"aw",@progbits
 317                             		.balign 4
 320                             	_HardwareVectors:
 321 0000 00 00 00 00             		.long	_PowerON_Reset
 322                             		.global	_ExceptVectors
 323                             		.section	.exvectors,"aw",@progbits
 324                             		.balign 4
 327                             	_ExceptVectors:
 328 0000 00 00 00 00             		.long	0
 329 0004 00 00 00 00             		.long	0
 330 0008 00 00 00 00             		.long	0
 331 000c 00 00 00 00             		.long	0
 332 0010 00 00 00 00             		.long	0
 333 0014 00 00 00 00             		.long	0
 334 0018 00 00 00 00             		.long	0
 335 001c 00 00 00 00             		.long	0
 336 0020 FF FF FF FF             		.long	-1
 337 0024 FF FF FF FF             		.long	-1
 338 0028 FF FF FF FF             		.long	-1
 339 002c FF FF FF FF             		.long	-1
 340 0030 00 00 00 00             		.long	0
 341 0034 00 00 00 00             		.long	0
 342 0038 00 00 00 00             		.long	0
 343 003c 00 00 00 00             		.long	0
 344 0040 00 00 00 00             		.long	0
 345 0044 00 00 00 00             		.long	0
 346 0048 00 00 00 00             		.long	0
 347 004c 00 00 00 00             		.long	0
 348 0050 00 00 00 00             		.long	_INT_Excep_SuperVisorInst
 349 0054 00 00 00 00             		.long	_INT_Excep_AccessInst
 350 0058 00 00 00 00             		.long	_Dummy
 351 005c 00 00 00 00             		.long	_INT_Excep_UndefinedInst
 352 0060 00 00 00 00             		.long	_Dummy
 353 0064 00 00 00 00             		.long	_INT_Excep_FloatingPoint
 354 0068 00 00 00 00             		.long	_Dummy
 355 006c 00 00 00 00             		.long	_Dummy
 356 0070 00 00 00 00             		.long	_Dummy
 357 0074 00 00 00 00             		.long	_Dummy
 358 0078 00 00 00 00             		.long	_INT_NonMaskableInterrupt
 359                             		.section P,"ax"
 360                             	.Letext0:
 361                             		.file 1 "../src/other/vector_table.c"
